           _________________________________________________________
          |                                                         |
          |       _/_/_/_/                                          |
          |      _/      _/                  _/_/_/_/_/_/           |
          |     _/      _/  _/      _/   _/      _/      _/_/_/_/_/ |
          |    _/_/_/_/    _/      _/   _/      _/      _/          |
          |   _/          _/_/_/_/_/   _/      _/       _/_/_/_/    |
          |  _/          _/      _/   _/      _/              _/    |
          | _/          _/      _/   _/      _/      _/_/_/_/_/     |
          |                                                         |
          |                                                         |
          |       Particle and Heavy Ion Transport code System      |
          |                      Version =  3.360                   |
          |                       developed by                      |
          |                                                         |
          |  Tatsuhiko SATO, Yosuke IWAMOTO, Shintaro HASHIMOTO,    |
          |    Tatsuhiko OGAWA, Takuya FURUTA, Shinichiro ABE,      |
          |    Takeshi KAI, Norihiro MATSUDA, Yusuke MATSUYA,       |
          |      Yuho HIRATA, Takuya SEKIKAWA, Seiki Ohnish,        |
          |                     Yao LAN (JAEA),                     |
          |  Hiroshi IWASE, Yasuhito SAKAKI, Kenta SUGIHARA (KEK),  |
          |           Nobuhiro SHIGYO (Kyushu University),          |
          |     Hunter RATLIFF (Haukeland University Hospital),     |
          |  Lembit SIHVER (University of Texas Rio Grande Valley), |
          |                  and Koji NIITA (RIST)                  |
          |                                                         |
          |                 Last Revised  2026-03-24                |
          |_________________________________________________________|

                        Starting Date = 2026-09-21
                        Starting Time = 10h 30m 07

>>> Input Echo >>>=============================================================

[ Parameters ]
 icntl    =           0     # (D=0) 3:ECH 5:NOR 6:SRC 7,8:GSH 11:DSH 12:DUMP
 maxcas   =         100     # (D=10) number of particles per one batch
 maxbch   =          10     # (D=10) number of batches
 itetvol  =           0     # (D=0) =1 Volume calculation for tetrahedrons
 ntetelem =        2000     # (D=200) Number of tetra element allowed in sub-block
 maxbnk   =     1000000     # (D=10000) maximum bank memory length
 itetra   =           0     # (D=0) tetra data is read(=1)/write(=2) on binary
 negs     =           1     # (D=-1) =-1:original, =0:No, =1:EGS, =2:EGS(HE)
 ipegs    =           0     # [EGS](D=0) -1:PEGSonly, 0:Full, 1:PEGSrun+PHITS, 2:skipPEGS
 file(1)  = /home/clarence/Software/phits/phits # (D=PhitsPath) PHITS install folder name
 file(6)  = phits_MRCP_AM_H165W65_source_Liver_photon_energy_10.0.out # (D=phits.out) general output file name

[ Source ]
  totfact =   1.0000        # (D=1.0) global factor
   s-type =  24             # tetra-mesh source
   tetreg =   9500          # tetra-mesh source region
       e0 =   10.000        # energy of beam [MeV/n]
     proj =  photon         # kind of incident particle         
      dir =   all           # z-direction of beam [isotropic]

[ Material ]
MAT[ 100 ] 
           H         -1.0400000E-01
           C         -2.2800000E-01
           N         -2.8000000E-02
           O         -6.3000000E-01
           Na        -1.0000000E-03
           P         -2.0000000E-03
           S         -3.0000000E-03
           Cl        -2.0000000E-03
           K         -2.0000000E-03
MAT[ 200 ] 
           H         -1.0400000E-01
           C         -2.2800000E-01
           N         -2.8000000E-02
           O         -6.3000000E-01
           Na        -1.0000000E-03
           P         -2.0000000E-03
           S         -3.0000000E-03
           Cl        -2.0000000E-03
           K         -2.0000000E-03
MAT[ 300 ] 
           H         -1.0500000E-01
           C         -2.5100000E-01
           N         -2.7000000E-02
           O         -6.0700000E-01
           Na        -1.0000000E-03
           P         -2.0000000E-03
           S         -3.0000000E-03
           Cl        -2.0000000E-03
           K         -2.0000000E-03
MAT[ 301 ] 
           H         -1.0500000E-01
           C         -2.5100000E-01
           N         -2.7000000E-02
           O         -6.0700000E-01
           Na        -1.0000000E-03
           P         -2.0000000E-03
           S         -3.0000000E-03
           Cl        -2.0000000E-03
           K         -2.0000000E-03
MAT[ 302 ] 
           H         -1.0500000E-01
           C         -2.5100000E-01
           N         -2.7000000E-02
           O         -6.0700000E-01
           Na        -1.0000000E-03
           P         -2.0000000E-03
           S         -3.0000000E-03
           Cl        -2.0000000E-03
           K         -2.0000000E-03
MAT[ 303 ] 
           H         -1.0500000E-01
           C         -2.5100000E-01
           N         -2.7000000E-02
           O         -6.0700000E-01
           Na        -1.0000000E-03
           P         -2.0000000E-03
           S         -3.0000000E-03
           Cl        -2.0000000E-03
           K         -2.0000000E-03
MAT[ 400 ] 
           H         -1.1200000E-01
           O         -8.8800000E-01
MAT[ 401 ] 
           H         -1.0500000E-01
           C         -2.5100000E-01
           N         -2.7000000E-02
           O         -6.0700000E-01
           Na        -1.0000000E-03
           P         -2.0000000E-03
           S         -3.0000000E-03
           Cl        -2.0000000E-03
           K         -2.0000000E-03
MAT[ 402 ] 
           H         -1.0500000E-01
           C         -2.5100000E-01
           N         -2.7000000E-02
           O         -6.0700000E-01
           Na        -1.0000000E-03
           P         -2.0000000E-03
           S         -3.0000000E-03
           Cl        -2.0000000E-03
           K         -2.0000000E-03
MAT[ 403 ] 
           H         -1.0500000E-01
           C         -2.5100000E-01
           N         -2.7000000E-02
           O         -6.0700000E-01
           Na        -1.0000000E-03
           P         -2.0000000E-03
           S         -3.0000000E-03
           Cl        -2.0000000E-03
           K         -2.0000000E-03
MAT[ 404 ] 
           H         -1.0500000E-01
           C         -2.5100000E-01
           N         -2.7000000E-02
           O         -6.0700000E-01
           Na        -1.0000000E-03
           P         -2.0000000E-03
           S         -3.0000000E-03
           Cl        -2.0000000E-03
           K         -2.0000000E-03
MAT[ 405 ] 
           H         -1.0500000E-01
           C         -2.5100000E-01
           N         -2.7000000E-02
           O         -6.0700000E-01
           Na        -1.0000000E-03
           P         -2.0000000E-03
           S         -3.0000000E-03
           Cl        -2.0000000E-03
           K         -2.0000000E-03
MAT[ 500 ] 
           H         -1.0200000E-01
           C         -1.4200000E-01
           N         -3.4000000E-02
           O         -7.1100000E-01
           Na        -1.0000000E-03
           P         -2.0000000E-03
           S         -3.0000000E-03
           Cl        -1.0000000E-03
           K         -4.0000000E-03
MAT[ 501 ] 
           H         -1.0200000E-01
           C         -1.4200000E-01
           N         -3.4000000E-02
           O         -7.1100000E-01
           Na        -1.0000000E-03
           P         -2.0000000E-03
           S         -3.0000000E-03
           Cl        -1.0000000E-03
           K         -4.0000000E-03
MAT[ 600 ] 
           H         -1.0200000E-01
           C         -1.4200000E-01
           N         -3.4000000E-02
           O         -7.1100000E-01
           Na        -1.0000000E-03
           P         -2.0000000E-03
           S         -3.0000000E-03
           Cl        -1.0000000E-03
           K         -4.0000000E-03
MAT[ 700 ] 
           H         -1.0500000E-01
           C         -2.5100000E-01
           N         -2.7000000E-02
           O         -6.0700000E-01
           Na        -1.0000000E-03
           P         -2.0000000E-03
           S         -3.0000000E-03
           Cl        -2.0000000E-03
           K         -2.0000000E-03
MAT[ 800 ] 
           H         -1.1200000E-01
           O         -8.8800000E-01
MAT[ 801 ] 
           H         -1.0500000E-01
           C         -2.5100000E-01
           N         -2.7000000E-02
           O         -6.0700000E-01
           Na        -1.0000000E-03
           P         -2.0000000E-03
           S         -3.0000000E-03
           Cl        -2.0000000E-03
           K         -2.0000000E-03
MAT[ 802 ] 
           H         -1.0500000E-01
           C         -2.5100000E-01
           N         -2.7000000E-02
           O         -6.0700000E-01
           Na        -1.0000000E-03
           P         -2.0000000E-03
           S         -3.0000000E-03
           Cl        -2.0000000E-03
           K         -2.0000000E-03
MAT[ 803 ] 
           H         -1.0500000E-01
           C         -2.5100000E-01
           N         -2.7000000E-02
           O         -6.0700000E-01
           Na        -1.0000000E-03
           P         -2.0000000E-03
           S         -3.0000000E-03
           Cl        -2.0000000E-03
           K         -2.0000000E-03
MAT[ 804 ] 
           H         -1.0500000E-01
           C         -2.5100000E-01
           N         -2.7000000E-02
           O         -6.0700000E-01
           Na        -1.0000000E-03
           P         -2.0000000E-03
           S         -3.0000000E-03
           Cl        -2.0000000E-03
           K         -2.0000000E-03
MAT[ 805 ] 
           H         -1.0500000E-01
           C         -2.5100000E-01
           N         -2.7000000E-02
           O         -6.0700000E-01
           Na        -1.0000000E-03
           P         -2.0000000E-03
           S         -3.0000000E-03
           Cl        -2.0000000E-03
           K         -2.0000000E-03
MAT[ 806 ] 
           H         -1.0500000E-01
           C         -2.5100000E-01
           N         -2.7000000E-02
           O         -6.0700000E-01
           Na        -1.0000000E-03
           P         -2.0000000E-03
           S         -3.0000000E-03
           Cl        -2.0000000E-03
           K         -2.0000000E-03
MAT[ 807 ] 
           H         -1.0500000E-01
           C         -2.5100000E-01
           N         -2.7000000E-02
           O         -6.0700000E-01
           Na        -1.0000000E-03
           P         -2.0000000E-03
           S         -3.0000000E-03
           Cl        -2.0000000E-03
           K         -2.0000000E-03
MAT[ 808 ] 
           H         -1.0500000E-01
           C         -2.5100000E-01
           N         -2.7000000E-02
           O         -6.0700000E-01
           Na        -1.0000000E-03
           P         -2.0000000E-03
           S         -3.0000000E-03
           Cl        -2.0000000E-03
           K         -2.0000000E-03
MAT[ 900 ] 
           H         -1.0200000E-01
           C         -1.1000000E-01
           N         -3.3000000E-02
           O         -7.4500000E-01
           Na        -1.0000000E-03
           P         -1.0000000E-03
           S         -2.0000000E-03
           Cl        -3.0000000E-03
           K         -2.0000000E-03
           Fe        -1.0000000E-03
MAT[ 910 ] 
           H         -1.0200000E-01
           C         -1.1000000E-01
           N         -3.3000000E-02
           O         -7.4500000E-01
           Na        -1.0000000E-03
           P         -1.0000000E-03
           S         -2.0000000E-03
           Cl        -3.0000000E-03
           K         -2.0000000E-03
           Fe        -1.0000000E-03
MAT[ 1300 ] 
           H         -3.6000000E-02
           C         -1.5900000E-01
           N         -4.2000000E-02
           O         -4.4800000E-01
           Na        -3.0000000E-03
           Mg        -2.0000000E-03
           P         -9.4000000E-02
           S         -3.0000000E-03
           Ca        -2.1300000E-01
MAT[ 1400 ] 
           H         -8.1000000E-02
           C         -3.5400000E-01
           N         -2.8000000E-02
           O         -4.1000000E-01
           Na        -2.0000000E-03
           Mg        -1.0000000E-03
           P         -3.7000000E-02
           S         -2.0000000E-03
           Cl        -1.0000000E-03
           K         -1.0000000E-03
           Ca        -8.3000000E-02
MAT[ 1500 ] 
           H         -1.1500000E-01
           C         -6.3600000E-01
           N         -7.0000000E-03
           O         -2.3900000E-01
           Na        -1.0000000E-03
           S         -1.0000000E-03
           Cl        -1.0000000E-03
MAT[ 1700 ] 
           H         -9.6000000E-02
           C         -5.0400000E-01
           N         -1.7000000E-02
           O         -3.0800000E-01
           Na        -1.0000000E-03
           P         -2.2000000E-02
           S         -2.0000000E-03
           Cl        -1.0000000E-03
           Ca        -4.9000000E-02
MAT[ 1900 ] 
           H         -3.6000000E-02
           C         -1.5900000E-01
           N         -4.2000000E-02
           O         -4.4800000E-01
           Na        -3.0000000E-03
           Mg        -2.0000000E-03
           P         -9.4000000E-02
           S         -3.0000000E-03
           Ca        -2.1300000E-01
MAT[ 2000 ] 
           H         -9.6000000E-02
           C         -5.0400000E-01
           N         -1.7000000E-02
           O         -3.0800000E-01
           Na        -1.0000000E-03
           P         -2.2000000E-02
           S         -2.0000000E-03
           Cl        -1.0000000E-03
           Ca        -4.9000000E-02
MAT[ 2100 ] 
           H         -1.1500000E-01
           C         -6.3600000E-01
           N         -7.0000000E-03
           O         -2.3900000E-01
           Na        -1.0000000E-03
           S         -1.0000000E-03
           Cl        -1.0000000E-03
MAT[ 2200 ] 
           H         -3.6000000E-02
           C         -1.5900000E-01
           N         -4.2000000E-02
           O         -4.4800000E-01
           Na        -3.0000000E-03
           Mg        -2.0000000E-03
           P         -9.4000000E-02
           S         -3.0000000E-03
           Ca        -2.1300000E-01
MAT[ 2300 ] 
           H         -9.6000000E-02
           C         -5.0400000E-01
           N         -1.7000000E-02
           O         -3.0800000E-01
           Na        -1.0000000E-03
           P         -2.2000000E-02
           S         -2.0000000E-03
           Cl        -1.0000000E-03
           Ca        -4.9000000E-02
MAT[ 2400 ] 
           H         -3.6000000E-02
           C         -1.5900000E-01
           N         -4.2000000E-02
           O         -4.4800000E-01
           Na        -3.0000000E-03
           Mg        -2.0000000E-03
           P         -9.4000000E-02
           S         -3.0000000E-03
           Ca        -2.1300000E-01
MAT[ 2500 ] 
           H         -8.9000000E-02
           C         -4.0900000E-01
           N         -2.5000000E-02
           O         -3.8500000E-01
           Na        -1.0000000E-03
           P         -2.7000000E-02
           S         -2.0000000E-03
           Cl        -1.0000000E-03
           K         -1.0000000E-03
           Ca        -6.0000000E-02
MAT[ 2600 ] 
           H         -3.6000000E-02
           C         -1.5900000E-01
           N         -4.2000000E-02
           O         -4.4800000E-01
           Na        -3.0000000E-03
           Mg        -2.0000000E-03
           P         -9.4000000E-02
           S         -3.0000000E-03
           Ca        -2.1300000E-01
MAT[ 2700 ] 
           H         -8.8000000E-02
           C         -3.9500000E-01
           N         -2.6000000E-02
           O         -3.9500000E-01
           Na        -1.0000000E-03
           Mg        -1.0000000E-03
           P         -2.8000000E-02
           S         -2.0000000E-03
           Cl        -1.0000000E-03
           K         -1.0000000E-03
           Ca        -6.2000000E-02
MAT[ 2800 ] 
           H         -3.6000000E-02
           C         -1.5900000E-01
           N         -4.2000000E-02
           O         -4.4800000E-01
           Na        -3.0000000E-03
           Mg        -2.0000000E-03
           P         -9.4000000E-02
           S         -3.0000000E-03
           Ca        -2.1300000E-01
MAT[ 2900 ] 
           H         -9.3000000E-02
           C         -4.4100000E-01
           N         -2.3000000E-02
           O         -3.6500000E-01
           Na        -1.0000000E-03
           Mg        -1.0000000E-03
           P         -2.2000000E-02
           S         -2.0000000E-03
           Cl        -1.0000000E-03
           K         -1.0000000E-03
           Ca        -5.0000000E-02
MAT[ 3000 ] 
           H         -1.1500000E-01
           C         -6.3600000E-01
           N         -7.0000000E-03
           O         -2.3900000E-01
           Na        -1.0000000E-03
           S         -1.0000000E-03
           Cl        -1.0000000E-03
MAT[ 3200 ] 
           H         -9.6000000E-02
           C         -5.0400000E-01
           N         -1.7000000E-02
           O         -3.0800000E-01
           Na        -1.0000000E-03
           P         -2.2000000E-02
           S         -2.0000000E-03
           Cl        -1.0000000E-03
           Ca        -4.9000000E-02
MAT[ 3400 ] 
           H         -3.6000000E-02
           C         -1.5900000E-01
           N         -4.2000000E-02
           O         -4.4800000E-01
           Na        -3.0000000E-03
           Mg        -2.0000000E-03
           P         -9.4000000E-02
           S         -3.0000000E-03
           Ca        -2.1300000E-01
MAT[ 3500 ] 
           H         -9.6000000E-02
           C         -5.0400000E-01
           N         -1.7000000E-02
           O         -3.0800000E-01
           Na        -1.0000000E-03
           P         -2.2000000E-02
           S         -2.0000000E-03
           Cl        -1.0000000E-03
           Ca        -4.9000000E-02
MAT[ 3600 ] 
           H         -1.1500000E-01
           C         -6.3600000E-01
           N         -7.0000000E-03
           O         -2.3900000E-01
           Na        -1.0000000E-03
           S         -1.0000000E-03
           Cl        -1.0000000E-03
MAT[ 3700 ] 
           H         -3.6000000E-02
           C         -1.5900000E-01
           N         -4.2000000E-02
           O         -4.4800000E-01
           Na        -3.0000000E-03
           Mg        -2.0000000E-03
           P         -9.4000000E-02
           S         -3.0000000E-03
           Ca        -2.1300000E-01
MAT[ 3800 ] 
           H         -9.6000000E-02
           C         -5.0400000E-01
           N         -1.7000000E-02
           O         -3.0800000E-01
           Na        -1.0000000E-03
           P         -2.2000000E-02
           S         -2.0000000E-03
           Cl        -1.0000000E-03
           Ca        -4.9000000E-02
MAT[ 3900 ] 
           H         -3.6000000E-02
           C         -1.5900000E-01
           N         -4.2000000E-02
           O         -4.4800000E-01
           Na        -3.0000000E-03
           Mg        -2.0000000E-03
           P         -9.4000000E-02
           S         -3.0000000E-03
           Ca        -2.1300000E-01
MAT[ 4000 ] 
           H         -7.7000000E-02
           C         -3.3200000E-01
           N         -3.0000000E-02
           O         -4.2000000E-01
           Na        -2.0000000E-03
           Mg        -1.0000000E-03
           P         -4.1000000E-02
           S         -2.0000000E-03
           Cl        -1.0000000E-03
           K         -1.0000000E-03
           Ca        -9.3000000E-02
MAT[ 4100 ] 
           H         -3.6000000E-02
           C         -1.5900000E-01
           N         -4.2000000E-02
           O         -4.4800000E-01
           Na        -3.0000000E-03
           Mg        -2.0000000E-03
           P         -9.4000000E-02
           S         -3.0000000E-03
           Ca        -2.1300000E-01
MAT[ 4200 ] 
           H         -9.4000000E-02
           C         -4.0900000E-01
           N         -2.6000000E-02
           O         -4.0000000E-01
           Na        -1.0000000E-03
           Mg        -1.0000000E-03
           P         -2.0000000E-02
           S         -2.0000000E-03
           Cl        -1.0000000E-03
           K         -1.0000000E-03
           Ca        -4.5000000E-02
MAT[ 4300 ] 
           H         -3.6000000E-02
           C         -1.5900000E-01
           N         -4.2000000E-02
           O         -4.4800000E-01
           Na        -3.0000000E-03
           Mg        -2.0000000E-03
           P         -9.4000000E-02
           S         -3.0000000E-03
           Ca        -2.1300000E-01
MAT[ 4400 ] 
           H         -8.8000000E-02
           C         -3.4600000E-01
           N         -3.1000000E-02
           O         -4.4400000E-01
           Na        -1.0000000E-03
           Mg        -1.0000000E-03
           P         -2.6000000E-02
           S         -2.0000000E-03
           Cl        -1.0000000E-03
           K         -1.0000000E-03
           Ca        -5.8000000E-02
           Fe        -1.0000000E-03
MAT[ 4500 ] 
           H         -3.6000000E-02
           C         -1.5900000E-01
           N         -4.2000000E-02
           O         -4.4800000E-01
           Na        -3.0000000E-03
           Mg        -2.0000000E-03
           P         -9.4000000E-02
           S         -3.0000000E-03
           Ca        -2.1300000E-01
MAT[ 4600 ] 
           H         -8.4000000E-02
           C         -3.7300000E-01
           N         -2.7000000E-02
           O         -4.0400000E-01
           Na        -1.0000000E-03
           Mg        -1.0000000E-03
           P         -3.3000000E-02
           S         -2.0000000E-03
           Cl        -1.0000000E-03
           K         -1.0000000E-03
           Ca        -7.3000000E-02
MAT[ 4700 ] 
           H         -3.6000000E-02
           C         -1.5900000E-01
           N         -4.2000000E-02
           O         -4.4800000E-01
           Na        -3.0000000E-03
           Mg        -2.0000000E-03
           P         -9.4000000E-02
           S         -3.0000000E-03
           Ca        -2.1300000E-01
MAT[ 4800 ] 
           H         -1.0300000E-01
           C         -4.1600000E-01
           N         -2.8000000E-02
           O         -4.2800000E-01
           Na        -1.0000000E-03
           P         -6.0000000E-03
           S         -2.0000000E-03
           Cl        -2.0000000E-03
           K         -1.0000000E-03
           Ca        -1.2000000E-02
           Fe        -1.0000000E-03
MAT[ 4900 ] 
           H         -3.6000000E-02
           C         -1.5900000E-01
           N         -4.2000000E-02
           O         -4.4800000E-01
           Na        -3.0000000E-03
           Mg        -2.0000000E-03
           P         -9.4000000E-02
           S         -3.0000000E-03
           Ca        -2.1300000E-01
MAT[ 5000 ] 
           H         -1.0000000E-01
           C         -4.0300000E-01
           N         -2.8000000E-02
           O         -4.3100000E-01
           Na        -1.0000000E-03
           P         -1.0000000E-02
           S         -2.0000000E-03
           Cl        -2.0000000E-03
           K         -1.0000000E-03
           Ca        -2.1000000E-02
           Fe        -1.0000000E-03
MAT[ 5100 ] 
           H         -3.6000000E-02
           C         -1.5900000E-01
           N         -4.2000000E-02
           O         -4.4800000E-01
           Na        -3.0000000E-03
           Mg        -2.0000000E-03
           P         -9.4000000E-02
           S         -3.0000000E-03
           Ca        -2.1300000E-01
MAT[ 5200 ] 
           H         -9.5000000E-02
           C         -3.8000000E-01
           N         -3.0000000E-02
           O         -4.3600000E-01
           Na        -1.0000000E-03
           P         -1.6000000E-02
           S         -2.0000000E-03
           Cl        -2.0000000E-03
           K         -1.0000000E-03
           Ca        -3.6000000E-02
           Fe        -1.0000000E-03
MAT[ 5300 ] 
           H         -3.6000000E-02
           C         -1.5900000E-01
           N         -4.2000000E-02
           O         -4.4800000E-01
           Na        -3.0000000E-03
           Mg        -2.0000000E-03
           P         -9.4000000E-02
           S         -3.0000000E-03
           Ca        -2.1300000E-01
MAT[ 5400 ] 
           H         -1.0500000E-01
           C         -4.2600000E-01
           N         -2.7000000E-02
           O         -4.2600000E-01
           Na        -1.0000000E-03
           P         -3.0000000E-03
           S         -2.0000000E-03
           Cl        -2.0000000E-03
           K         -1.0000000E-03
           Ca        -6.0000000E-03
           Fe        -1.0000000E-03
MAT[ 5500 ] 
           H         -3.6000000E-02
           C         -1.5900000E-01
           N         -4.2000000E-02
           O         -4.4800000E-01
           Na        -3.0000000E-03
           Mg        -2.0000000E-03
           P         -9.4000000E-02
           S         -3.0000000E-03
           Ca        -2.1300000E-01
MAT[ 5600 ] 
           H         -1.0400000E-01
           C         -4.2100000E-01
           N         -2.8000000E-02
           O         -4.2700000E-01
           P         -5.0000000E-03
           S         -2.0000000E-03
           Cl        -2.0000000E-03
           K         -1.0000000E-03
           Ca        -9.0000000E-03
           Fe        -1.0000000E-03
MAT[ 5700 ] 
           H         -9.6000000E-02
           C         -9.9000000E-02
           N         -2.2000000E-02
           O         -7.4400000E-01
           Na        -5.0000000E-03
           P         -2.2000000E-02
           S         -9.0000000E-03
           Cl        -3.0000000E-03
MAT[ 5800 ] 
           H         -9.6000000E-02
           C         -9.9000000E-02
           N         -2.2000000E-02
           O         -7.4400000E-01
           Na        -5.0000000E-03
           P         -2.2000000E-02
           S         -9.0000000E-03
           Cl        -3.0000000E-03
MAT[ 6100 ] 
           H         -1.0700000E-01
           C         -1.4300000E-01
           N         -2.3000000E-02
           O         -7.1300000E-01
           Na        -2.0000000E-03
           P         -4.0000000E-03
           S         -2.0000000E-03
           Cl        -3.0000000E-03
           K         -3.0000000E-03
MAT[ 6200 ] 
           H         -1.1400000E-01
           C         -5.8100000E-01
           N         -8.0000000E-03
           O         -2.9400000E-01
           Na        -1.0000000E-03
           S         -1.0000000E-03
           Cl        -1.0000000E-03
MAT[ 6300 ] 
           H         -1.0600000E-01
           C         -3.2400000E-01
           N         -3.0000000E-02
           O         -5.3500000E-01
           Na        -1.0000000E-03
           P         -1.0000000E-03
           S         -2.0000000E-03
           Cl        -1.0000000E-03
MAT[ 6400 ] 
           H         -1.1400000E-01
           C         -5.8100000E-01
           N         -8.0000000E-03
           O         -2.9400000E-01
           Na        -1.0000000E-03
           S         -1.0000000E-03
           Cl        -1.0000000E-03
MAT[ 6500 ] 
           H         -1.0600000E-01
           C         -3.2400000E-01
           N         -3.0000000E-02
           O         -5.3500000E-01
           Na        -1.0000000E-03
           P         -1.0000000E-03
           S         -2.0000000E-03
           Cl        -1.0000000E-03
MAT[ 6600 ] 
           H         -9.6000000E-02
           C         -1.9500000E-01
           N         -5.7000000E-02
           O         -6.4600000E-01
           Na        -1.0000000E-03
           P         -1.0000000E-03
           S         -3.0000000E-03
           Cl        -1.0000000E-03
MAT[ 6601 ] 
           H         -9.6000000E-02
           C         -1.9500000E-01
           N         -5.7000000E-02
           O         -6.4600000E-01
           Na        -1.0000000E-03
           P         -1.0000000E-03
           S         -3.0000000E-03
           Cl        -1.0000000E-03
MAT[ 6700 ] 
           H         -1.0100000E-01
           C         -1.2500000E-01
           N         -3.7000000E-02
           O         -7.3200000E-01
           Na        -1.0000000E-03
           P         -1.0000000E-03
           S         -2.0000000E-03
           Cl        -1.0000000E-03
MAT[ 6701 ] 
           H         -1.1200000E-01
           C         -4.0000000E-03
           N         -1.0000000E-03
           O         -8.8300000E-01
MAT[ 6702 ] 
           H         -1.1200000E-01
           C         -4.0000000E-03
           N         -1.0000000E-03
           O         -8.8300000E-01
MAT[ 6800 ] 
           H         -9.6000000E-02
           C         -1.9500000E-01
           N         -5.7000000E-02
           O         -6.4600000E-01
           Na        -1.0000000E-03
           P         -1.0000000E-03
           S         -3.0000000E-03
           Cl        -1.0000000E-03
MAT[ 6801 ] 
           H         -9.6000000E-02
           C         -1.9500000E-01
           N         -5.7000000E-02
           O         -6.4600000E-01
           Na        -1.0000000E-03
           P         -1.0000000E-03
           S         -3.0000000E-03
           Cl        -1.0000000E-03
MAT[ 6900 ] 
           H         -1.0100000E-01
           C         -1.2500000E-01
           N         -3.7000000E-02
           O         -7.3200000E-01
           Na        -1.0000000E-03
           P         -1.0000000E-03
           S         -2.0000000E-03
           Cl        -1.0000000E-03
MAT[ 6901 ] 
           H         -1.1200000E-01
           C         -4.0000000E-03
           N         -1.0000000E-03
           O         -8.8300000E-01
MAT[ 6902 ] 
           H         -1.1200000E-01
           C         -4.0000000E-03
           N         -1.0000000E-03
           O         -8.8300000E-01
MAT[ 7000 ] 
           H         -1.0500000E-01
           C         -2.5100000E-01
           N         -2.7000000E-02
           O         -6.0700000E-01
           Na        -1.0000000E-03
           P         -2.0000000E-03
           S         -3.0000000E-03
           Cl        -2.0000000E-03
           K         -2.0000000E-03
MAT[ 7100 ] 
           H         -1.0500000E-01
           C         -2.5600000E-01
           N         -2.7000000E-02
           O         -6.0200000E-01
           Na        -1.0000000E-03
           P         -2.0000000E-03
           S         -3.0000000E-03
           Cl        -2.0000000E-03
           K         -2.0000000E-03
MAT[ 7200 ] 
           H         -1.0500000E-01
           C         -1.1400000E-01
           N         -2.5000000E-02
           O         -7.5000000E-01
           Na        -1.0000000E-03
           P         -1.0000000E-03
           S         -1.0000000E-03
           Cl        -2.0000000E-03
           K         -1.0000000E-03
MAT[ 7201 ] 
           H         -1.0500000E-01
           C         -1.1400000E-01
           N         -2.5000000E-02
           O         -7.5000000E-01
           Na        -1.0000000E-03
           P         -1.0000000E-03
           S         -1.0000000E-03
           Cl        -2.0000000E-03
           K         -1.0000000E-03
MAT[ 7202 ] 
           H         -1.0500000E-01
           C         -1.1400000E-01
           N         -2.5000000E-02
           O         -7.5000000E-01
           Na        -1.0000000E-03
           P         -1.0000000E-03
           S         -1.0000000E-03
           Cl        -2.0000000E-03
           K         -1.0000000E-03
MAT[ 7203 ] 
           H         -1.0500000E-01
           C         -1.1400000E-01
           N         -2.5000000E-02
           O         -7.5000000E-01
           Na        -1.0000000E-03
           P         -1.0000000E-03
           S         -1.0000000E-03
           Cl        -2.0000000E-03
           K         -1.0000000E-03
MAT[ 7300 ] 
           H         -1.0000000E-01
           C         -2.2200000E-01
           N         -2.2000000E-02
           O         -6.4400000E-01
           Na        -1.0000000E-03
           P         -2.0000000E-03
           S         -3.0000000E-03
           Cl        -1.0000000E-03
           K         -4.0000000E-03
           Ca        -1.0000000E-03
MAT[ 7400 ] 
           H         -1.0500000E-01
           C         -1.1400000E-01
           N         -2.5000000E-02
           O         -7.5000000E-01
           Na        -1.0000000E-03
           P         -1.0000000E-03
           S         -1.0000000E-03
           Cl        -2.0000000E-03
           K         -1.0000000E-03
MAT[ 7401 ] 
           H         -1.0500000E-01
           C         -1.1400000E-01
           N         -2.5000000E-02
           O         -7.5000000E-01
           Na        -1.0000000E-03
           P         -1.0000000E-03
           S         -1.0000000E-03
           Cl        -2.0000000E-03
           K         -1.0000000E-03
MAT[ 7402 ] 
           H         -1.0500000E-01
           C         -1.1400000E-01
           N         -2.5000000E-02
           O         -7.5000000E-01
           Na        -1.0000000E-03
           P         -1.0000000E-03
           S         -1.0000000E-03
           Cl        -2.0000000E-03
           K         -1.0000000E-03
MAT[ 7403 ] 
           H         -1.0500000E-01
           C         -1.1400000E-01
           N         -2.5000000E-02
           O         -7.5000000E-01
           Na        -1.0000000E-03
           P         -1.0000000E-03
           S         -1.0000000E-03
           Cl        -2.0000000E-03
           K         -1.0000000E-03
MAT[ 7500 ] 
           H         -1.0000000E-01
           C         -2.2200000E-01
           N         -2.2000000E-02
           O         -6.4400000E-01
           Na        -1.0000000E-03
           P         -2.0000000E-03
           S         -3.0000000E-03
           Cl        -1.0000000E-03
           K         -4.0000000E-03
           Ca        -1.0000000E-03
MAT[ 7501 ] 
           H         -1.0000000E-01
           C         -2.2200000E-01
           N         -2.2000000E-02
           O         -6.4400000E-01
           Na        -1.0000000E-03
           P         -2.0000000E-03
           S         -3.0000000E-03
           Cl        -1.0000000E-03
           K         -4.0000000E-03
           Ca        -1.0000000E-03
MAT[ 7600 ] 
           H         -1.0500000E-01
           C         -1.1400000E-01
           N         -2.5000000E-02
           O         -7.5000000E-01
           Na        -1.0000000E-03
           P         -1.0000000E-03
           S         -1.0000000E-03
           Cl        -2.0000000E-03
           K         -1.0000000E-03
MAT[ 7601 ] 
           H         -1.0500000E-01
           C         -1.1400000E-01
           N         -2.5000000E-02
           O         -7.5000000E-01
           Na        -1.0000000E-03
           P         -1.0000000E-03
           S         -1.0000000E-03
           Cl        -2.0000000E-03
           K         -1.0000000E-03
MAT[ 7602 ] 
           H         -1.0500000E-01
           C         -1.1400000E-01
           N         -2.5000000E-02
           O         -7.5000000E-01
           Na        -1.0000000E-03
           P         -1.0000000E-03
           S         -1.0000000E-03
           Cl        -2.0000000E-03
           K         -1.0000000E-03
MAT[ 7700 ] 
           H         -1.0000000E-01
           C         -2.2200000E-01
           N         -2.2000000E-02
           O         -6.4400000E-01
           Na        -1.0000000E-03
           P         -2.0000000E-03
           S         -3.0000000E-03
           Cl        -1.0000000E-03
           K         -4.0000000E-03
           Ca        -1.0000000E-03
MAT[ 7800 ] 
           H         -1.0500000E-01
           C         -1.1400000E-01
           N         -2.5000000E-02
           O         -7.5000000E-01
           Na        -1.0000000E-03
           P         -1.0000000E-03
           S         -1.0000000E-03
           Cl        -2.0000000E-03
           K         -1.0000000E-03
MAT[ 7801 ] 
           H         -1.0500000E-01
           C         -1.1400000E-01
           N         -2.5000000E-02
           O         -7.5000000E-01
           Na        -1.0000000E-03
           P         -1.0000000E-03
           S         -1.0000000E-03
           Cl        -2.0000000E-03
           K         -1.0000000E-03
MAT[ 7802 ] 
           H         -1.0500000E-01
           C         -1.1400000E-01
           N         -2.5000000E-02
           O         -7.5000000E-01
           Na        -1.0000000E-03
           P         -1.0000000E-03
           S         -1.0000000E-03
           Cl        -2.0000000E-03
           K         -1.0000000E-03
MAT[ 7900 ] 
           H         -1.0000000E-01
           C         -2.2200000E-01
           N         -2.2000000E-02
           O         -6.4400000E-01
           Na        -1.0000000E-03
           P         -2.0000000E-03
           S         -3.0000000E-03
           Cl        -1.0000000E-03
           K         -4.0000000E-03
           Ca        -1.0000000E-03
MAT[ 8000 ] 
           H         -1.0500000E-01
           C         -1.1400000E-01
           N         -2.5000000E-02
           O         -7.5000000E-01
           Na        -1.0000000E-03
           P         -1.0000000E-03
           S         -1.0000000E-03
           Cl        -2.0000000E-03
           K         -1.0000000E-03
MAT[ 8001 ] 
           H         -1.0500000E-01
           C         -1.1400000E-01
           N         -2.5000000E-02
           O         -7.5000000E-01
           Na        -1.0000000E-03
           P         -1.0000000E-03
           S         -1.0000000E-03
           Cl        -2.0000000E-03
           K         -1.0000000E-03
MAT[ 8002 ] 
           H         -1.0500000E-01
           C         -1.1400000E-01
           N         -2.5000000E-02
           O         -7.5000000E-01
           Na        -1.0000000E-03
           P         -1.0000000E-03
           S         -1.0000000E-03
           Cl        -2.0000000E-03
           K         -1.0000000E-03
MAT[ 8100 ] 
           H         -1.0000000E-01
           C         -2.2200000E-01
           N         -2.2000000E-02
           O         -6.4400000E-01
           Na        -1.0000000E-03
           P         -2.0000000E-03
           S         -3.0000000E-03
           Cl        -1.0000000E-03
           K         -4.0000000E-03
           Ca        -1.0000000E-03
MAT[ 8200 ] 
           H         -1.0500000E-01
           C         -1.1400000E-01
           N         -2.5000000E-02
           O         -7.5000000E-01
           Na        -1.0000000E-03
           P         -1.0000000E-03
           S         -1.0000000E-03
           Cl        -2.0000000E-03
           K         -1.0000000E-03
MAT[ 8201 ] 
           H         -1.0500000E-01
           C         -1.1400000E-01
           N         -2.5000000E-02
           O         -7.5000000E-01
           Na        -1.0000000E-03
           P         -1.0000000E-03
           S         -1.0000000E-03
           Cl        -2.0000000E-03
           K         -1.0000000E-03
MAT[ 8202 ] 
           H         -1.0500000E-01
           C         -1.1400000E-01
           N         -2.5000000E-02
           O         -7.5000000E-01
           Na        -1.0000000E-03
           P         -1.0000000E-03
           S         -1.0000000E-03
           Cl        -2.0000000E-03
           K         -1.0000000E-03
MAT[ 8300 ] 
           H         -1.0000000E-01
           C         -2.2200000E-01
           N         -2.2000000E-02
           O         -6.4400000E-01
           Na        -1.0000000E-03
           P         -2.0000000E-03
           S         -3.0000000E-03
           Cl        -1.0000000E-03
           K         -4.0000000E-03
           Ca        -1.0000000E-03
MAT[ 8400 ] 
           H         -1.0500000E-01
           C         -1.1400000E-01
           N         -2.5000000E-02
           O         -7.5000000E-01
           Na        -1.0000000E-03
           P         -1.0000000E-03
           S         -1.0000000E-03
           Cl        -2.0000000E-03
           K         -1.0000000E-03
MAT[ 8401 ] 
           H         -1.0500000E-01
           C         -1.1400000E-01
           N         -2.5000000E-02
           O         -7.5000000E-01
           Na        -1.0000000E-03
           P         -1.0000000E-03
           S         -1.0000000E-03
           Cl        -2.0000000E-03
           K         -1.0000000E-03
MAT[ 8402 ] 
           H         -1.0500000E-01
           C         -1.1400000E-01
           N         -2.5000000E-02
           O         -7.5000000E-01
           Na        -1.0000000E-03
           P         -1.0000000E-03
           S         -1.0000000E-03
           Cl        -2.0000000E-03
           K         -1.0000000E-03
MAT[ 8500 ] 
           H         -1.0000000E-01
           C         -2.2200000E-01
           N         -2.2000000E-02
           O         -6.4400000E-01
           Na        -1.0000000E-03
           P         -2.0000000E-03
           S         -3.0000000E-03
           Cl        -1.0000000E-03
           K         -4.0000000E-03
           Ca        -1.0000000E-03
MAT[ 8600 ] 
           H         -1.0500000E-01
           C         -1.1400000E-01
           N         -2.5000000E-02
           O         -7.5000000E-01
           Na        -1.0000000E-03
           P         -1.0000000E-03
           S         -1.0000000E-03
           Cl        -2.0000000E-03
           K         -1.0000000E-03
MAT[ 8700 ] 
           H         -1.0400000E-01
           C         -1.3500000E-01
           N         -2.9000000E-02
           O         -7.2200000E-01
           Na        -1.0000000E-03
           P         -2.0000000E-03
           S         -2.0000000E-03
           Cl        -2.0000000E-03
           K         -3.0000000E-03
MAT[ 8800 ] 
           H         -1.0200000E-01
           C         -1.1000000E-01
           N         -3.3000000E-02
           O         -7.4500000E-01
           Na        -1.0000000E-03
           P         -1.0000000E-03
           S         -2.0000000E-03
           Cl        -3.0000000E-03
           K         -2.0000000E-03
           Fe        -1.0000000E-03
MAT[ 8900 ] 
           H         -1.0300000E-01
           C         -1.2600000E-01
           N         -3.1000000E-02
           O         -7.2900000E-01
           Na        -2.0000000E-03
           P         -2.0000000E-03
           S         -2.0000000E-03
           Cl        -2.0000000E-03
           K         -2.0000000E-03
           Ca        -1.0000000E-03
MAT[ 9000 ] 
           H         -1.0300000E-01
           C         -1.2600000E-01
           N         -3.1000000E-02
           O         -7.2900000E-01
           Na        -2.0000000E-03
           P         -2.0000000E-03
           S         -2.0000000E-03
           Cl        -2.0000000E-03
           K         -2.0000000E-03
           Ca        -1.0000000E-03
MAT[ 9100 ] 
           H         -1.0300000E-01
           C         -1.2600000E-01
           N         -3.1000000E-02
           O         -7.2900000E-01
           Na        -2.0000000E-03
           P         -2.0000000E-03
           S         -2.0000000E-03
           Cl        -2.0000000E-03
           K         -2.0000000E-03
           Ca        -1.0000000E-03
MAT[ 9200 ] 
           H         -1.0300000E-01
           C         -1.2600000E-01
           N         -3.1000000E-02
           O         -7.2900000E-01
           Na        -2.0000000E-03
           P         -2.0000000E-03
           S         -2.0000000E-03
           Cl        -2.0000000E-03
           K         -2.0000000E-03
           Ca        -1.0000000E-03
MAT[ 9300 ] 
           H         -1.0300000E-01
           C         -1.2600000E-01
           N         -3.1000000E-02
           O         -7.2900000E-01
           Na        -2.0000000E-03
           P         -2.0000000E-03
           S         -2.0000000E-03
           Cl        -2.0000000E-03
           K         -2.0000000E-03
           Ca        -1.0000000E-03
MAT[ 9400 ] 
           H         -1.0300000E-01
           C         -1.2600000E-01
           N         -3.1000000E-02
           O         -7.2900000E-01
           Na        -2.0000000E-03
           P         -2.0000000E-03
           S         -2.0000000E-03
           Cl        -2.0000000E-03
           K         -2.0000000E-03
           Ca        -1.0000000E-03
MAT[ 9500 ] 
           H         -1.0200000E-01
           C         -1.3200000E-01
           N         -3.1000000E-02
           O         -7.2300000E-01
           Na        -2.0000000E-03
           P         -2.0000000E-03
           S         -3.0000000E-03
           Cl        -2.0000000E-03
           K         -3.0000000E-03
MAT[ 9700 ] 
           H         -1.0200000E-01
           C         -1.0800000E-01
           N         -3.2000000E-02
           O         -7.4800000E-01
           Na        -1.0000000E-03
           P         -1.0000000E-03
           S         -2.0000000E-03
           Cl        -3.0000000E-03
           K         -2.0000000E-03
           Fe        -1.0000000E-03
MAT[ 9900 ] 
           H         -1.0200000E-01
           C         -1.0800000E-01
           N         -3.2000000E-02
           O         -7.4800000E-01
           Na        -1.0000000E-03
           P         -1.0000000E-03
           S         -2.0000000E-03
           Cl        -3.0000000E-03
           K         -2.0000000E-03
           Fe        -1.0000000E-03
MAT[ 10000 ] 
           H         -1.0800000E-01
           C         -4.5000000E-02
           N         -1.2000000E-02
           O         -8.2700000E-01
           Na        -3.0000000E-03
           S         -1.0000000E-03
           Cl        -4.0000000E-03
MAT[ 10100 ] 
           H         -1.0800000E-01
           C         -4.5000000E-02
           N         -1.2000000E-02
           O         -8.2700000E-01
           Na        -3.0000000E-03
           S         -1.0000000E-03
           Cl        -4.0000000E-03
MAT[ 10200 ] 
           H         -1.0800000E-01
           C         -4.5000000E-02
           N         -1.2000000E-02
           O         -8.2700000E-01
           Na        -3.0000000E-03
           S         -1.0000000E-03
           Cl        -4.0000000E-03
MAT[ 10300 ] 
           H         -1.0800000E-01
           C         -4.5000000E-02
           N         -1.2000000E-02
           O         -8.2700000E-01
           Na        -3.0000000E-03
           S         -1.0000000E-03
           Cl        -4.0000000E-03
MAT[ 10400 ] 
           H         -1.0800000E-01
           C         -4.5000000E-02
           N         -1.2000000E-02
           O         -8.2700000E-01
           Na        -3.0000000E-03
           S         -1.0000000E-03
           Cl        -4.0000000E-03
MAT[ 10500 ] 
           H         -1.0800000E-01
           C         -4.5000000E-02
           N         -1.2000000E-02
           O         -8.2700000E-01
           Na        -3.0000000E-03
           S         -1.0000000E-03
           Cl        -4.0000000E-03
MAT[ 10600 ] 
           H         -1.0200000E-01
           C         -1.4200000E-01
           N         -3.4000000E-02
           O         -7.1100000E-01
           Na        -1.0000000E-03
           P         -2.0000000E-03
           S         -3.0000000E-03
           Cl        -1.0000000E-03
           K         -4.0000000E-03
MAT[ 11000 ] 
           H         -1.0400000E-01
           C         -2.2300000E-01
           N         -2.8000000E-02
           O         -6.3500000E-01
           Na        -1.0000000E-03
           P         -2.0000000E-03
           S         -3.0000000E-03
           Cl        -2.0000000E-03
           K         -2.0000000E-03
MAT[ 11001 ] 
           H         -1.0400000E-01
           C         -2.2300000E-01
           N         -2.8000000E-02
           O         -6.3500000E-01
           Na        -1.0000000E-03
           P         -2.0000000E-03
           S         -3.0000000E-03
           Cl        -2.0000000E-03
           K         -2.0000000E-03
MAT[ 11002 ] 
           H         -1.0400000E-01
           C         -2.2300000E-01
           N         -2.8000000E-02
           O         -6.3500000E-01
           Na        -1.0000000E-03
           P         -2.0000000E-03
           S         -3.0000000E-03
           Cl        -2.0000000E-03
           K         -2.0000000E-03
MAT[ 11003 ] 
           H         -1.0000000E-01
           C         -2.2200000E-01
           N         -2.2000000E-02
           O         -6.4400000E-01
           Na        -1.0000000E-03
           P         -2.0000000E-03
           S         -3.0000000E-03
           Cl        -1.0000000E-03
           K         -4.0000000E-03
           Ca        -1.0000000E-03
MAT[ 11300 ] 
           H         -1.0500000E-01
           C         -1.5800000E-01
           N         -2.4000000E-02
           O         -7.0400000E-01
           Na        -2.0000000E-03
           P         -2.0000000E-03
           S         -1.0000000E-03
           Cl        -2.0000000E-03
           K         -2.0000000E-03
MAT[ 11400 ] 
           H         -1.0500000E-01
           C         -2.5100000E-01
           N         -2.7000000E-02
           O         -6.0700000E-01
           Na        -1.0000000E-03
           P         -2.0000000E-03
           S         -3.0000000E-03
           Cl        -2.0000000E-03
           K         -2.0000000E-03
MAT[ 11500 ] 
           H         -1.0500000E-01
           C         -2.5100000E-01
           N         -2.7000000E-02
           O         -6.0700000E-01
           Na        -1.0000000E-03
           P         -2.0000000E-03
           S         -3.0000000E-03
           Cl        -2.0000000E-03
           K         -2.0000000E-03
MAT[ 11600 ] 
           H         -1.1200000E-01
           C         -5.1700000E-01
           N         -1.1000000E-02
           O         -3.5500000E-01
           Na        -1.0000000E-03
           P         -1.0000000E-03
           S         -2.0000000E-03
           Cl        -1.0000000E-03
MAT[ 12000 ] 
           H         -1.0500000E-01
           C         -2.5100000E-01
           N         -2.7000000E-02
           O         -6.0700000E-01
           Na        -1.0000000E-03
           P         -2.0000000E-03
           S         -3.0000000E-03
           Cl        -2.0000000E-03
           K         -2.0000000E-03
MAT[ 12100 ] 
           H         -1.0500000E-01
           C         -2.5100000E-01
           N         -2.7000000E-02
           O         -6.0700000E-01
           Na        -1.0000000E-03
           P         -2.0000000E-03
           S         -3.0000000E-03
           Cl        -2.0000000E-03
           K         -2.0000000E-03
MAT[ 12200 ] 
           H         -1.0000000E-01
           C         -1.9900000E-01
           N         -4.2000000E-02
           O         -6.5000000E-01
           Na        -2.0000000E-03
           P         -1.0000000E-03
           S         -2.0000000E-03
           Cl        -3.0000000E-03
           K         -1.0000000E-03
MAT[ 12201 ] 
           H         -1.0000000E-01
           C         -1.9900000E-01
           N         -4.2000000E-02
           O         -6.5000000E-01
           Na        -2.0000000E-03
           P         -1.0000000E-03
           S         -2.0000000E-03
           Cl        -3.0000000E-03
           K         -1.0000000E-03
MAT[ 12600 ] 
           H         -1.0500000E-01
           C         -2.5100000E-01
           N         -2.7000000E-02
           O         -6.0700000E-01
           Na        -1.0000000E-03
           P         -2.0000000E-03
           S         -3.0000000E-03
           Cl        -2.0000000E-03
           K         -2.0000000E-03
MAT[ 12700 ] 
           H         -1.0300000E-01
           C         -1.1200000E-01
           N         -3.2000000E-02
           O         -7.4300000E-01
           Na        -1.0000000E-03
           P         -2.0000000E-03
           S         -2.0000000E-03
           Cl        -2.0000000E-03
           K         -3.0000000E-03
MAT[ 12800 ] 
           H         -2.3000000E-02
           C         -9.5000000E-02
           N         -2.9000000E-02
           O         -4.2600000E-01
           Mg        -7.0000000E-03
           P         -1.3500000E-01
           Ca        -2.8500000E-01
MAT[ 12801 ] 
           H         -1.0000000E-01
           C         -2.2200000E-01
           N         -2.2000000E-02
           O         -6.4400000E-01
           Na        -1.0000000E-03
           P         -2.0000000E-03
           S         -3.0000000E-03
           Cl        -1.0000000E-03
           K         -4.0000000E-03
           Ca        -1.0000000E-03
MAT[ 12900 ] 
           H         -1.0600000E-01
           C         -9.9000000E-02
           N         -2.1000000E-02
           O         -7.6500000E-01
           Na        -2.0000000E-03
           P         -1.0000000E-03
           S         -2.0000000E-03
           Cl        -2.0000000E-03
           K         -2.0000000E-03
MAT[ 13000 ] 
           H         -1.0600000E-01
           C         -9.9000000E-02
           N         -2.1000000E-02
           O         -7.6500000E-01
           Na        -2.0000000E-03
           P         -1.0000000E-03
           S         -2.0000000E-03
           Cl        -2.0000000E-03
           K         -2.0000000E-03
MAT[ 13100 ] 
           H         -1.0500000E-01
           C         -2.5100000E-01
           N         -2.7000000E-02
           O         -6.0700000E-01
           Na        -1.0000000E-03
           P         -2.0000000E-03
           S         -3.0000000E-03
           Cl        -2.0000000E-03
           K         -2.0000000E-03
MAT[ 13200 ] 
           H         -1.0400000E-01
           C         -1.1800000E-01
           N         -2.5000000E-02
           O         -7.4500000E-01
           Na        -2.0000000E-03
           P         -1.0000000E-03
           S         -1.0000000E-03
           Cl        -2.0000000E-03
           K         -1.0000000E-03
           I         -1.0000000E-03
MAT[ 13300 ] 
           H         -1.0200000E-01
           C         -1.4200000E-01
           N         -3.4000000E-02
           O         -7.1100000E-01
           Na        -1.0000000E-03
           P         -2.0000000E-03
           S         -3.0000000E-03
           Cl        -1.0000000E-03
           K         -4.0000000E-03
MAT[ 13301 ] 
           H         -1.0200000E-01
           C         -1.4200000E-01
           N         -3.4000000E-02
           O         -7.1100000E-01
           Na        -1.0000000E-03
           P         -2.0000000E-03
           S         -3.0000000E-03
           Cl        -1.0000000E-03
           K         -4.0000000E-03
MAT[ 13400 ] 
           H         -1.0500000E-01
           C         -2.5100000E-01
           N         -2.7000000E-02
           O         -6.0700000E-01
           Na        -1.0000000E-03
           P         -2.0000000E-03
           S         -3.0000000E-03
           Cl        -2.0000000E-03
           K         -2.0000000E-03
MAT[ 13500 ] 
           H         -1.0500000E-01
           C         -2.5100000E-01
           N         -2.7000000E-02
           O         -6.0700000E-01
           Na        -1.0000000E-03
           P         -2.0000000E-03
           S         -3.0000000E-03
           Cl        -2.0000000E-03
           K         -2.0000000E-03
MAT[ 13600 ] 
           H         -1.0500000E-01
           C         -2.5100000E-01
           N         -2.7000000E-02
           O         -6.0700000E-01
           Na        -1.0000000E-03
           P         -2.0000000E-03
           S         -3.0000000E-03
           Cl        -2.0000000E-03
           K         -2.0000000E-03
MAT[ 13700 ] 
           H         -1.0500000E-01
           C         -9.6000000E-02
           N         -2.6000000E-02
           O         -7.6100000E-01
           Na        -2.0000000E-03
           P         -2.0000000E-03
           S         -2.0000000E-03
           Cl        -3.0000000E-03
           K         -3.0000000E-03
MAT[ 13701 ] 
           H         -1.0500000E-01
           C         -9.6000000E-02
           N         -2.6000000E-02
           O         -7.6100000E-01
           Na        -2.0000000E-03
           P         -2.0000000E-03
           S         -2.0000000E-03
           Cl        -3.0000000E-03
           K         -3.0000000E-03
MAT[ 13800 ] 
           H         -1.0700000E-01
           C         -3.0000000E-03
           N         -1.0000000E-02
           O         -8.7300000E-01
           Na        -4.0000000E-03
           P         -1.0000000E-03
           K         -2.0000000E-03
MAT[ 14000 ] 
           N         -8.0000000E-01
           O         -2.0000000E-01

[ Cell ]
 1           0                 -20  u=15000  lat=3 
                              tfile=../phantoms/M_H165W65
 2           0                 -10  fill=15000
 3           0                 -20 10 
 4           0                 -90 20 
 5          -1                 90 
 100       100 -1.0360000E+00  -90  u=100  vol=7.4159000000 
 200       200 -1.0360000E+00  -90  u=200  vol=7.4159100000 
 300       300 -1.0310000E+00  -90  u=300  vol=0.0202807000 
 301       301 -1.0310000E+00  -90  u=301  vol=0.0813850000 
 302       302 -1.0310000E+00  -90  u=302  vol=0.0255203000 
 303       303 -1.0310000E+00  -90  u=303  vol=10.2717000000 
 400       400 -1.0000000E+00  -90  u=400  vol=0.1302630000 
 401       401 -1.0310000E+00  -90  u=401  vol=0.3488040000 
 402       402 -1.0310000E+00  -90  u=402  vol=0.0875247000 
 403       403 -1.0310000E+00  -90  u=403  vol=0.0438193000 
 404       404 -1.0310000E+00  -90  u=404  vol=0.0877395000 
 405       405 -1.0310000E+00  -90  u=405  vol=25.8557000000 
 500       500 -1.0500000E+00  -90  u=500  vol=0.0755073000 
 501       501 -1.0500000E+00  -90  u=501  vol=0.0208079000 
 600       600 -1.0500000E+00  -90  u=600  vol=0.0203555000 
 700       700 -1.0310000E+00  -90  u=700  vol=8.8944500000 
 800       800 -1.0000000E+00  -90  u=800  vol=0.0222672000 
 801       801 -1.0310000E+00  -90  u=801  vol=0.0267434000 
 802       802 -1.0310000E+00  -90  u=802  vol=0.0446419000 
 803       803 -1.0310000E+00  -90  u=803  vol=0.1119220000 
 804       804 -1.0310000E+00  -90  u=804  vol=0.0224482000 
 805       805 -1.0310000E+00  -90  u=805  vol=0.0449478000 
 806       806 -1.0310000E+00  -90  u=806  vol=0.0450227000 
 807       807 -1.0310000E+00  -90  u=807  vol=0.0451021000 
 808       808 -1.0310000E+00  -90  u=808  vol=2.3830500000 
 900       900 -1.0600000E+00  -90  u=900  vol=279.2480000000 
 910       910 -1.0600000E+00  -90  u=910  vol=838.2220000000 
 1300     1300 -1.9040000E+00  -90  u=1300  vol=123.5790000000 
 1400     1400 -1.2330000E+00  -90  u=1400  vol=104.5510000000 
 1500     1500 -9.8100000E-01  -90  u=1500  vol=64.6188000000 
 1700     1700 -1.1090000E+00  -90  u=1700  vol=40.6037000000 
 1900     1900 -1.9040000E+00  -90  u=1900  vol=127.0180000000 
 2000     2000 -1.1090000E+00  -90  u=2000  vol=123.6560000000 
 2100     2100 -9.8100000E-01  -90  u=2100  vol=20.7423000000 
 2200     2200 -1.9040000E+00  -90  u=2200  vol=84.3618000000 
 2300     2300 -1.1090000E+00  -90  u=2300  vol=94.8889000000 
 2400     2400 -1.9040000E+00  -90  u=2400  vol=22.4240000000 
 2500     2500 -1.1570000E+00  -90  u=2500  vol=34.4585000000 
 2600     2600 -1.9040000E+00  -90  u=2600  vol=284.3330000000 
 2700     2700 -1.1650000E+00  -90  u=2700  vol=312.2780000000 
 2800     2800 -1.9040000E+00  -90  u=2800  vol=255.9850000000 
 2900     2900 -1.1250000E+00  -90  u=2900  vol=320.7570000000 
 3000     3000 -9.8100000E-01  -90  u=3000  vol=95.3041000000 
 3200     3200 -1.1090000E+00  -90  u=3200  vol=295.1820000000 
 3400     3400 -1.9040000E+00  -90  u=3400  vol=252.1340000000 
 3500     3500 -1.1090000E+00  -90  u=3500  vol=499.7950000000 
 3600     3600 -9.8100000E-01  -90  u=3600  vol=73.0690000000 
 3700     3700 -1.9040000E+00  -90  u=3700  vol=113.3260000000 
 3800     3800 -1.1090000E+00  -90  u=3800  vol=358.2490000000 
 3900     3900 -1.9040000E+00  -90  u=3900  vol=37.1850000000 
 4000     4000 -1.2710000E+00  -90  u=4000  vol=40.6956000000 
 4100     4100 -1.9040000E+00  -90  u=4100  vol=187.0970000000 
 4200     4200 -1.1210000E+00  -90  u=4200  vol=489.1280000000 
 4300     4300 -1.9040000E+00  -90  u=4300  vol=171.3910000000 
 4400     4400 -1.1700000E+00  -90  u=4400  vol=345.8840000000 
 4500     4500 -1.9040000E+00  -90  u=4500  vol=103.7890000000 
 4600     4600 -1.2010000E+00  -90  u=4600  vol=115.4280000000 
 4700     4700 -1.9040000E+00  -90  u=4700  vol=49.5063000000 
 4800     4800 -1.0490000E+00  -90  u=4800  vol=68.3026000000 
 4900     4900 -1.9040000E+00  -90  u=4900  vol=134.5110000000 
 5000     5000 -1.0700000E+00  -90  u=5000  vol=285.4840000000 
 5100     5100 -1.9040000E+00  -90  u=5100  vol=87.3911000000 
 5200     5200 -1.1080000E+00  -90  u=5200  vol=232.8580000000 
 5300     5300 -1.9040000E+00  -90  u=5300  vol=51.2691000000 
 5400     5400 -1.0330000E+00  -90  u=5400  vol=164.6550000000 
 5500     5500 -1.9040000E+00  -90  u=5500  vol=4.6428900000 
 5600     5600 -1.0410000E+00  -90  u=5600  vol=52.2067000000 
 5700     5700 -1.0990000E+00  -90  u=5700  vol=45.3545000000 
 5800     5800 -1.0990000E+00  -90  u=5800  vol=66.1479000000 
 6100     6100 -1.0410000E+00  -90  u=6100  vol=1392.4500000000 
 6200     6200 -9.5300000E-01  -90  u=6200  vol=7.2272000000 
 6300     6300 -1.0210000E+00  -90  u=6300  vol=4.4893400000 
 6400     6400 -9.5300000E-01  -90  u=6400  vol=7.2273700000 
 6500     6500 -1.0210000E+00  -90  u=6500  vol=4.4893400000 
 6600     6600 -1.0600000E+00  -90  u=6600  vol=0.0347262000 
 6601     6601 -1.0600000E+00  -90  u=6601  vol=0.1690080000 
 6700     6700 -1.1000000E+00  -90  u=6700  vol=0.9579490000 
 6701     6701 -1.0250000E+00  -90  u=6701  vol=0.2840230000 
 6702     6702 -1.0310000E+00  -90  u=6702  vol=5.6203700000 
 6800     6800 -1.0600000E+00  -90  u=6800  vol=0.0347236000 
 6801     6801 -1.0600000E+00  -90  u=6801  vol=0.1689960000 
 6900     6900 -1.1000000E+00  -90  u=6900  vol=0.9578840000 
 6901     6901 -1.0250000E+00  -90  u=6901  vol=0.2840010000 
 6902     6902 -1.0310000E+00  -90  u=6902  vol=5.6199600000 
 7000     7000 -1.0310000E+00  -90  u=7000  vol=8.8944700000 
 7100     7100 -1.0300000E+00  -90  u=7100  vol=49.8262000000 
 7200     7200 -1.0370000E+00  -90  u=7200  vol=1.5220200000 
 7201     7201 -1.0370000E+00  -90  u=7201  vol=1.0178100000 
 7202     7202 -1.0370000E+00  -90  u=7202  vol=5.1264700000 
 7203     7203 -1.0370000E+00  -90  u=7203  vol=158.1000000000 
 7300     7300 -1.0400000E+00  -90  u=7300  vol=212.7030000000 
 7400     7400 -1.0370000E+00  -90  u=7400  vol=12.4130000000 
 7401     7401 -1.0370000E+00  -90  u=7401  vol=1.9321800000 
 7402     7402 -1.0370000E+00  -90  u=7402  vol=4.8567100000 
 7403     7403 -1.0370000E+00  -90  u=7403  vol=716.8320000000 
 7500     7500 -1.0400000E+00  -90  u=7500  vol=45.3801000000 
 7501     7501 -1.0400000E+00  -90  u=7501  vol=252.4040000000 
 7600     7600 -1.0370000E+00  -90  u=7600  vol=2.6207900000 
 7601     7601 -1.0370000E+00  -90  u=7601  vol=0.1905740000 
 7602     7602 -1.0370000E+00  -90  u=7602  vol=99.5208000000 
 7700     7700 -1.0400000E+00  -90  u=7700  vol=46.7947000000 
 7800     7800 -1.0370000E+00  -90  u=7800  vol=3.4068600000 
 7801     7801 -1.0370000E+00  -90  u=7801  vol=0.2462690000 
 7802     7802 -1.0370000E+00  -90  u=7802  vol=64.5683000000 
 7900     7900 -1.0400000E+00  -90  u=7900  vol=80.8271000000 
 8000     8000 -1.0370000E+00  -90  u=8000  vol=2.4093600000 
 8001     8001 -1.0370000E+00  -90  u=8001  vol=0.1748980000 
 8002     8002 -1.0370000E+00  -90  u=8002  vol=65.6372000000 
 8100     8100 -1.0400000E+00  -90  u=8100  vol=34.0325000000 
 8200     8200 -1.0370000E+00  -90  u=8200  vol=2.3716200000 
 8201     8201 -1.0370000E+00  -90  u=8201  vol=0.1734890000 
 8202     8202 -1.0370000E+00  -90  u=8202  vol=99.7871000000 
 8300     8300 -1.0400000E+00  -90  u=8300  vol=29.7784000000 
 8400     8400 -1.0370000E+00  -90  u=8400  vol=3.7978700000 
 8401     8401 -1.0370000E+00  -90  u=8401  vol=0.2760800000 
 8402     8402 -1.0370000E+00  -90  u=8402  vol=41.4070000000 
 8500     8500 -1.0400000E+00  -90  u=8500  vol=63.8109000000 
 8600     8600 -1.0370000E+00  -90  u=8600  vol=34.1107000000 
 8700     8700 -1.0510000E+00  -90  u=8700  vol=324.8400000000 
 8800     8800 -1.0600000E+00  -90  u=8800  vol=425.7270000000 
 8900     8900 -1.0530000E+00  -90  u=8900  vol=136.4140000000 
 9000     9000 -1.0530000E+00  -90  u=9000  vol=32.2336000000 
 9100     9100 -1.0530000E+00  -90  u=9100  vol=6.4298600000 
 9200     9200 -1.0530000E+00  -90  u=9200  vol=139.9470000000 
 9300     9300 -1.0530000E+00  -90  u=9300  vol=33.0763000000 
 9400     9400 -1.0530000E+00  -90  u=9400  vol=6.6321200000 
 9500     9500 -1.0600000E+00  -90  u=9500  vol=1970.0300000000 
 9700     9700 -4.1500000E-01  -90  u=9700  vol=1163.8900000000 
 9900     9900 -4.1500000E-01  -90  u=9900  vol=1392.0000000000 
 10000   10000 -1.0320000E+00  -90  u=10000  vol=14.3566000000 
 10100   10100 -1.0320000E+00  -90  u=10100  vol=13.6750000000 
 10200   10200 -1.0320000E+00  -90  u=10200  vol=4.7990800000 
 10300   10300 -1.0320000E+00  -90  u=10300  vol=111.3630000000 
 10400   10400 -1.0320000E+00  -90  u=10400  vol=9.4480300000 
 10500   10500 -1.0320000E+00  -90  u=10500  vol=9.3909300000 
 10600   10600 -1.0500000E+00  -90  u=10600  vol=25016.5400000000 
 11000   11000 -1.0370000E+00  -90  u=11000  vol=1.6378700000 
 11001   11001 -1.0370000E+00  -90  u=11001  vol=0.0879548000 
 11002   11002 -1.0370000E+00  -90  u=11002  vol=42.4886000000 
 11003   11003 -1.0400000E+00  -90  u=11003  vol=19.4582000000 
 11300   11300 -1.0440000E+00  -90  u=11300  vol=147.1620000000 
 11400   11400 -1.0310000E+00  -90  u=11400  vol=0.5698530000 
 11500   11500 -1.0310000E+00  -90  u=11500  vol=15.1206000000 
 11600   11600 -9.3900000E-01  -90  u=11600  vol=16628.7000000000 
 12000   12000 -1.0310000E+00  -90  u=12000  vol=39.4564000000 
 12100   12100 -1.0310000E+00  -90  u=12100  vol=39.4736000000 
 12200   12200 -1.0890000E+00  -90  u=12200  vol=2830.8000000000 
 12201   12201 -1.0890000E+00  -90  u=12201  vol=86.0410000000 
 12600   12600 -1.0310000E+00  -90  u=12600  vol=32.8679000000 
 12700   12700 -1.0600000E+00  -90  u=12700  vol=190.6590000000 
 12800   12800 -2.6880000E+00  -90  u=12800  vol=17.4796000000 
 12801   12801 -1.0400000E+00  -90  u=12801  vol=0.0384181000 
 12900   12900 -1.0410000E+00  -90  u=12900  vol=15.2609000000 
 13000   13000 -1.0410000E+00  -90  u=13000  vol=15.2629000000 
 13100   13100 -1.0310000E+00  -90  u=13100  vol=22.2361000000 
 13200   13200 -1.0510000E+00  -90  u=13200  vol=19.6590000000 
 13300   13300 -1.0500000E+00  -90  u=13300  vol=18.5432000000 
 13301   13301 -1.0500000E+00  -90  u=13301  vol=47.8877000000 
 13400   13400 -1.0310000E+00  -90  u=13400  vol=2.8131900000 
 13500   13500 -1.0310000E+00  -90  u=13500  vol=7.5602800000 
 13600   13600 -1.0310000E+00  -90  u=13600  vol=6.6708400000 
 13700   13700 -1.0400000E+00  -90  u=13700  vol=41.7137000000 
 13701   13701 -1.0400000E+00  -90  u=13701  vol=1.7618300000 
 13800   13800 -1.0400000E+00  -90  u=13800  vol=170.1620000000 
 14000   14000 -1.0000000E-03  -90  u=14000  vol=129.6140000000 

[ Surface ]
 10            rpp  -3.7885400E+01  3.7885400E+01 -2.4563010E+01
                     2.4563010E+01 -9.8002360E+01  9.8002360E+01
 20            rpp  -3.8085400E+01  3.8085400E+01 -2.4763010E+01
                     2.4763010E+01 -9.8202360E+01  9.8202360E+01
 90            box  -1.0000000E+03 -1.0000000E+03 -1.0000000E+03
                     2.0000000E+03  0.0000000E+00  0.0000000E+00
                     0.0000000E+00  2.0000000E+03  0.0000000E+00
                     0.0000000E+00  0.0000000E+00  2.0000000E+03

[ Volume ]
    reg        vol
      1      1.000000    
      2      1.000000    
      3      1.000000    
      4      1.000000    
      5      1.000000    
    100      7.415900    
    200      7.415910    
    300     2.0280700E-02
    301     8.1385000E-02
    302     2.5520300E-02
    303      10.27170    
    400     0.1302630    
    401     0.3488040    
    402     8.7524700E-02
    403     4.3819300E-02
    404     8.7739500E-02
    405      25.85570    
    500     7.5507300E-02
    501     2.0807900E-02
    600     2.0355500E-02
    700      8.894450    
    800     2.2267200E-02
    801     2.6743400E-02
    802     4.4641900E-02
    803     0.1119220    
    804     2.2448200E-02
    805     4.4947800E-02
    806     4.5022700E-02
    807     4.5102100E-02
    808      2.383050    
    900      279.2480    
    910      838.2220    
   1300      123.5790    
   1400      104.5510    
   1500      64.61880    
   1700      40.60370    
   1900      127.0180    
   2000      123.6560    
   2100      20.74230    
   2200      84.36180    
   2300      94.88890    
   2400      22.42400    
   2500      34.45850    
   2600      284.3330    
   2700      312.2780    
   2800      255.9850    
   2900      320.7570    
   3000      95.30410    
   3200      295.1820    
   3400      252.1340    
   3500      499.7950    
   3600      73.06900    
   3700      113.3260    
   3800      358.2490    
   3900      37.18500    
   4000      40.69560    
   4100      187.0970    
   4200      489.1280    
   4300      171.3910    
   4400      345.8840    
   4500      103.7890    
   4600      115.4280    
   4700      49.50630    
   4800      68.30260    
   4900      134.5110    
   5000      285.4840    
   5100      87.39110    
   5200      232.8580    
   5300      51.26910    
   5400      164.6550    
   5500      4.642890    
   5600      52.20670    
   5700      45.35450    
   5800      66.14790    
   6100      1392.450    
   6200      7.227200    
   6300      4.489340    
   6400      7.227370    
   6500      4.489340    
   6600     3.4726200E-02
   6601     0.1690080    
   6700     0.9579490    
   6701     0.2840230    
   6702      5.620370    
   6800     3.4723600E-02
   6801     0.1689960    
   6900     0.9578840    
   6901     0.2840010    
   6902      5.619960    
   7000      8.894470    
   7100      49.82620    
   7200      1.522020    
   7201      1.017810    
   7202      5.126470    
   7203      158.1000    
   7300      212.7030    
   7400      12.41300    
   7401      1.932180    
   7402      4.856710    
   7403      716.8320    
   7500      45.38010    
   7501      252.4040    
   7600      2.620790    
   7601     0.1905740    
   7602      99.52080    
   7700      46.79470    
   7800      3.406860    
   7801     0.2462690    
   7802      64.56830    
   7900      80.82710    
   8000      2.409360    
   8001     0.1748980    
   8002      65.63720    
   8100      34.03250    
   8200      2.371620    
   8201     0.1734890    
   8202      99.78710    
   8300      29.77840    
   8400      3.797870    
   8401     0.2760800    
   8402      41.40700    
   8500      63.81090    
   8600      34.11070    
   8700      324.8400    
   8800      425.7270    
   8900      136.4140    
   9000      32.23360    
   9100      6.429860    
   9200      139.9470    
   9300      33.07630    
   9400      6.632120    
   9500      1970.030    
   9700      1163.890    
   9900      1392.000    
  10000      14.35660    
  10100      13.67500    
  10200      4.799080    
  10300      111.3630    
  10400      9.448030    
  10500      9.390930    
  10600      25016.54    
  11000      1.637870    
  11001     8.7954800E-02
  11002      42.48860    
  11003      19.45820    
  11300      147.1620    
  11400     0.5698530    
  11500      15.12060    
  11600      16628.70    
  12000      39.45640    
  12100      39.47360    
  12200      2830.800    
  12201      86.04100    
  12600      32.86790    
  12700      190.6590    
  12800      17.47960    
  12801     3.8418100E-02
  12900      15.26090    
  13000      15.26290    
  13100      22.23610    
  13200      19.65900    
  13300      18.54320    
  13301      47.88770    
  13400      2.813190    
  13500      7.560280    
  13600      6.670840    
  13700      41.71370    
  13701      1.761830    
  13800      170.1620    
  14000      129.6140    

[ T-Deposit ]
    title = [t-deposit] in region mesh
     mesh =  reg            # mesh type is region-wise
      reg = all
   volume                   # combined, lattice or level structure 
   non     reg      vol     # reg definition
    1        1   1.0000E+00 # 1
    2        3   1.0000E+00 # 3
    3        4   1.0000E+00 # 4
    4      100   7.4159E+00 # 100
    5      200   7.4159E+00 # 200
    6      300   2.0281E-02 # 300
    7      301   8.1385E-02 # 301
    8      302   2.5520E-02 # 302
    9      303   1.0272E+01 # 303
   10      400   1.3026E-01 # 400
   11      401   3.4880E-01 # 401
   12      402   8.7525E-02 # 402
   13      403   4.3819E-02 # 403
   14      404   8.7739E-02 # 404
   15      405   2.5856E+01 # 405
   16      500   7.5507E-02 # 500
   17      501   2.0808E-02 # 501
   18      600   2.0355E-02 # 600
   19      700   8.8945E+00 # 700
   20      800   2.2267E-02 # 800
   21      801   2.6743E-02 # 801
   22      802   4.4642E-02 # 802
   23      803   1.1192E-01 # 803
   24      804   2.2448E-02 # 804
   25      805   4.4948E-02 # 805
   26      806   4.5023E-02 # 806
   27      807   4.5102E-02 # 807
   28      808   2.3830E+00 # 808
   29      900   2.7925E+02 # 900
   30      910   8.3822E+02 # 910
   31     1300   1.2358E+02 # 1300
   32     1400   1.0455E+02 # 1400
   33     1500   6.4619E+01 # 1500
   34     1700   4.0604E+01 # 1700
   35     1900   1.2702E+02 # 1900
   36     2000   1.2366E+02 # 2000
   37     2100   2.0742E+01 # 2100
   38     2200   8.4362E+01 # 2200
   39     2300   9.4889E+01 # 2300
   40     2400   2.2424E+01 # 2400
   41     2500   3.4459E+01 # 2500
   42     2600   2.8433E+02 # 2600
   43     2700   3.1228E+02 # 2700
   44     2800   2.5599E+02 # 2800
   45     2900   3.2076E+02 # 2900
   46     3000   9.5304E+01 # 3000
   47     3200   2.9518E+02 # 3200
   48     3400   2.5213E+02 # 3400
   49     3500   4.9980E+02 # 3500
   50     3600   7.3069E+01 # 3600
   51     3700   1.1333E+02 # 3700
   52     3800   3.5825E+02 # 3800
   53     3900   3.7185E+01 # 3900
   54     4000   4.0696E+01 # 4000
   55     4100   1.8710E+02 # 4100
   56     4200   4.8913E+02 # 4200
   57     4300   1.7139E+02 # 4300
   58     4400   3.4588E+02 # 4400
   59     4500   1.0379E+02 # 4500
   60     4600   1.1543E+02 # 4600
   61     4700   4.9506E+01 # 4700
   62     4800   6.8303E+01 # 4800
   63     4900   1.3451E+02 # 4900
   64     5000   2.8548E+02 # 5000
   65     5100   8.7391E+01 # 5100
   66     5200   2.3286E+02 # 5200
   67     5300   5.1269E+01 # 5300
   68     5400   1.6466E+02 # 5400
   69     5500   4.6429E+00 # 5500
   70     5600   5.2207E+01 # 5600
   71     5700   4.5355E+01 # 5700
   72     5800   6.6148E+01 # 5800
   73     6100   1.3925E+03 # 6100
   74     6200   7.2272E+00 # 6200
   75     6300   4.4893E+00 # 6300
   76     6400   7.2274E+00 # 6400
   77     6500   4.4893E+00 # 6500
   78     6600   3.4726E-02 # 6600
   79     6601   1.6901E-01 # 6601
   80     6700   9.5795E-01 # 6700
   81     6701   2.8402E-01 # 6701
   82     6702   5.6204E+00 # 6702
   83     6800   3.4724E-02 # 6800
   84     6801   1.6900E-01 # 6801
   85     6900   9.5788E-01 # 6900
   86     6901   2.8400E-01 # 6901
   87     6902   5.6200E+00 # 6902
   88     7000   8.8945E+00 # 7000
   89     7100   4.9826E+01 # 7100
   90     7200   1.5220E+00 # 7200
   91     7201   1.0178E+00 # 7201
   92     7202   5.1265E+00 # 7202
   93     7203   1.5810E+02 # 7203
   94     7300   2.1270E+02 # 7300
   95     7400   1.2413E+01 # 7400
   96     7401   1.9322E+00 # 7401
   97     7402   4.8567E+00 # 7402
   98     7403   7.1683E+02 # 7403
   99     7500   4.5380E+01 # 7500
  100     7501   2.5240E+02 # 7501
  101     7600   2.6208E+00 # 7600
  102     7601   1.9057E-01 # 7601
  103     7602   9.9521E+01 # 7602
  104     7700   4.6795E+01 # 7700
  105     7800   3.4069E+00 # 7800
  106     7801   2.4627E-01 # 7801
  107     7802   6.4568E+01 # 7802
  108     7900   8.0827E+01 # 7900
  109     8000   2.4094E+00 # 8000
  110     8001   1.7490E-01 # 8001
  111     8002   6.5637E+01 # 8002
  112     8100   3.4032E+01 # 8100
  113     8200   2.3716E+00 # 8200
  114     8201   1.7349E-01 # 8201
  115     8202   9.9787E+01 # 8202
  116     8300   2.9778E+01 # 8300
  117     8400   3.7979E+00 # 8400
  118     8401   2.7608E-01 # 8401
  119     8402   4.1407E+01 # 8402
  120     8500   6.3811E+01 # 8500
  121     8600   3.4111E+01 # 8600
  122     8700   3.2484E+02 # 8700
  123     8800   4.2573E+02 # 8800
  124     8900   1.3641E+02 # 8900
  125     9000   3.2234E+01 # 9000
  126     9100   6.4299E+00 # 9100
  127     9200   1.3995E+02 # 9200
  128     9300   3.3076E+01 # 9300
  129     9400   6.6321E+00 # 9400
  130     9500   1.9700E+03 # 9500
  131     9700   1.1639E+03 # 9700
  132     9900   1.3920E+03 # 9900
  133    10000   1.4357E+01 # 10000
  134    10100   1.3675E+01 # 10100
  135    10200   4.7991E+00 # 10200
  136    10300   1.1136E+02 # 10300
  137    10400   9.4480E+00 # 10400
  138    10500   9.3909E+00 # 10500
  139    10600   2.5017E+04 # 10600
  140    11000   1.6379E+00 # 11000
  141    11001   8.7955E-02 # 11001
  142    11002   4.2489E+01 # 11002
  143    11003   1.9458E+01 # 11003
  144    11300   1.4716E+02 # 11300
  145    11400   5.6985E-01 # 11400
  146    11500   1.5121E+01 # 11500
  147    11600   1.6629E+04 # 11600
  148    12000   3.9456E+01 # 12000
  149    12100   3.9474E+01 # 12100
  150    12200   2.8308E+03 # 12200
  151    12201   8.6041E+01 # 12201
  152    12600   3.2868E+01 # 12600
  153    12700   1.9066E+02 # 12700
  154    12800   1.7480E+01 # 12800
  155    12801   3.8418E-02 # 12801
  156    12900   1.5261E+01 # 12900
  157    13000   1.5263E+01 # 13000
  158    13100   2.2236E+01 # 13100
  159    13200   1.9659E+01 # 13200
  160    13300   1.8543E+01 # 13300
  161    13301   4.7888E+01 # 13301
  162    13400   2.8132E+00 # 13400
  163    13500   7.5603E+00 # 13500
  164    13600   6.6708E+00 # 13600
  165    13700   4.1714E+01 # 13700
  166    13701   1.7618E+00 # 13701
  167    13800   1.7016E+02 # 13800
  168    14000   1.2961E+02 # 14000
     unit =    0            # unit is [Gy/source]
   letmat =    0            # (D=0) mat ID for LET, 0:real mat, <0: electron for H2O
  dedxfnc =    0            # (D=0) user defined multiplier, 0(no), 1, 2
 material =  all            # (D=all) number of specific material
   output =  dose           # total deposit energy
  deposit =    0            # (D=0) 0-> total deposit dist, 1-> each process
     axis =   reg           # axis of output
     file = phits_deposit_MRCP_AM_H165W65_source_Liver_photon_energy_10.0.out  # file name of output for the abo
     file = ve axis
     part =  all      
# kf/name :  0        
   mother =  all            # (D=all) number of specific mother
#    used :        main (  %)        temp (  %)       total (  %)
#  memory :          88 (  0)           0 (  0)          88 (  0)

[ T-Track ]
    title = [t-track] in region mesh
     mesh =  reg            # mesh type is region-wise
      reg = 1400 1500 1700 2000 2100 2300 2500 2700 2900 3000 3200 3500
            3600 3800 4000 4200 4400 4600 4800 5000 5200 5400 5600
   volume                   # combined, lattice or level structure 
   non     reg      vol     # reg definition
    1     1400   1.0455E+02 # 1400
    2     1500   6.4619E+01 # 1500
    3     1700   4.0604E+01 # 1700
    4     2000   1.2366E+02 # 2000
    5     2100   2.0742E+01 # 2100
    6     2300   9.4889E+01 # 2300
    7     2500   3.4459E+01 # 2500
    8     2700   3.1228E+02 # 2700
    9     2900   3.2076E+02 # 2900
   10     3000   9.5304E+01 # 3000
   11     3200   2.9518E+02 # 3200
   12     3500   4.9980E+02 # 3500
   13     3600   7.3069E+01 # 3600
   14     3800   3.5825E+02 # 3800
   15     4000   4.0696E+01 # 4000
   16     4200   4.8913E+02 # 4200
   17     4400   3.4588E+02 # 4400
   18     4600   1.1543E+02 # 4600
   19     4800   6.8303E+01 # 4800
   20     5000   2.8548E+02 # 5000
   21     5200   2.3286E+02 # 5200
   22     5400   1.6466E+02 # 5400
   23     5600   5.2207E+01 # 5600
   e-type =    3            # e-mesh is log given by emin, emax and ne
     emin =  1.0000000E-02  # minimum value of e-mesh points
     emax =   10.00000      # maximum value of e-mesh points
#    edel =  6.9077553E-02  # mesh width of e-mesh points
       ne =    100          # number of e-mesh points
#    data = ( e(i), i = 1, ne + 1 )
#           1.00000E-02  1.07152E-02  1.14815E-02  1.23027E-02  1.31826E-02
#           1.41254E-02  1.51356E-02  1.62181E-02  1.73780E-02  1.86209E-02
#           1.99526E-02  2.13796E-02  2.29087E-02  2.45471E-02  2.63027E-02
#           2.81838E-02  3.01995E-02  3.23594E-02  3.46737E-02  3.71535E-02
#           3.98107E-02  4.26580E-02  4.57088E-02  4.89779E-02  5.24807E-02
#           5.62341E-02  6.02560E-02  6.45654E-02  6.91831E-02  7.41310E-02
#           7.94328E-02  8.51138E-02  9.12011E-02  9.77237E-02  1.04713E-01
#           1.12202E-01  1.20226E-01  1.28825E-01  1.38038E-01  1.47911E-01
#           1.58489E-01  1.69824E-01  1.81970E-01  1.94984E-01  2.08930E-01
#           2.23872E-01  2.39883E-01  2.57040E-01  2.75423E-01  2.95121E-01
#           3.16228E-01  3.38844E-01  3.63078E-01  3.89045E-01  4.16869E-01
#           4.46684E-01  4.78630E-01  5.12861E-01  5.49541E-01  5.88844E-01
#           6.30957E-01  6.76083E-01  7.24436E-01  7.76247E-01  8.31764E-01
#           8.91251E-01  9.54993E-01  1.02329E+00  1.09648E+00  1.17490E+00
#           1.25893E+00  1.34896E+00  1.44544E+00  1.54882E+00  1.65959E+00
#           1.77828E+00  1.90546E+00  2.04174E+00  2.18776E+00  2.34423E+00
#           2.51189E+00  2.69153E+00  2.88403E+00  3.09030E+00  3.31131E+00
#           3.54813E+00  3.80189E+00  4.07380E+00  4.36516E+00  4.67735E+00
#           5.01187E+00  5.37032E+00  5.75440E+00  6.16595E+00  6.60693E+00
#           7.07946E+00  7.58578E+00  8.12831E+00  8.70964E+00  9.33254E+00
#           1.00000E+01
     unit =    1            # unit is [1/cm^2/source]
 material =  all            # (D=all) number of specific material
     axis =     eng            # axis of output
     file = phits_fluence_MRCP_AM_H165W65_source_Liver_photon_energy_10.0.out  # file name of output for the abo
     file = ve axis
     part =  photon   
# kf/name :  22       
#    used :        main (  %)        temp (  %)       total (  %)
#  memory :         129 (  0)           0 (  0)         129 (  0)

[END] of Input Echo <<<========================================================

<<< Report of real Geometry memory >>>
*           GG/CG memory =        2
*     total memory: mdas = 80000000
*                percent =     0.00 %

<<< Report of material memory for high energy>>>
*   high energy material =        1
*     total memory: mdas = 80000000
*                percent =     0.00 %

<<< Report of material memory for low energy>>>
*    low energy material = 12751217
*     total memory: mdas = 80000000
*                percent =    15.94 %

<<< Report of real tally memory >>>
*      real tally memory =      217
*     total memory: mdas = 80000000
*                percent =     0.00 %

<<< Report of temporary tally memory >>>
* temporary tally memory = 12751222
*     total memory: mdas = 80000000
*                percent =    15.94 %

<<< Report of total memory >>>
*      used total memory = 12751223
*     total memory: mdas = 80000000
*                percent =    15.94 %
*                ---------------------

-------------------------------------------------------------------------------
bat[       1] ncas =            100.
 bitrseed = 0100001010011000001011101100011110011000110110100110010000000000
          cpu time =  13.838 s.

-------------------------------------------------------------------------------
bat[       2] ncas =            200.
 bitrseed = 1010101001001011110110011011100111111000111010101111101001110001
          cpu time =   4.386 s.

-------------------------------------------------------------------------------
bat[       3] ncas =            300.
 bitrseed = 0110111111101010001000010010111011101010001101101101010011000001
          cpu time =   3.917 s.

-------------------------------------------------------------------------------
bat[       4] ncas =            400.
 bitrseed = 0110011110011011101111101000011101011110111011100011101010101000
          cpu time =   3.681 s.

-------------------------------------------------------------------------------
bat[       5] ncas =            500.
 bitrseed = 0111011110010110010001001100111101000000011101000011010001001110
          cpu time =   3.232 s.

-------------------------------------------------------------------------------
bat[       6] ncas =            600.
 bitrseed = 0110000011011111010000110000100111011010100111111010000000001000
          cpu time =   3.369 s.

-------------------------------------------------------------------------------
bat[       7] ncas =            700.
 bitrseed = 0101010011011111100001111111110101111011111110111001110000110111
          cpu time =   3.377 s.

-------------------------------------------------------------------------------
bat[       8] ncas =            800.
 bitrseed = 0111100011011100010111111011110111010100001000010100111000000111
          cpu time =   3.289 s.

-------------------------------------------------------------------------------
bat[       9] ncas =            900.
 bitrseed = 1011011111110010011101000011100111001001010010100110011111011100
          cpu time =   3.076 s.

-------------------------------------------------------------------------------
bat[      10] ncas =           1000.
 bitrseed = 1111010100000000010100111010001101000100010001001110111100111100
          cpu time =   2.769 s.

===============================================================================

 Summary for the end of job

-------------------------------------------------------------------------------
 number of analyz call vs ncol
-------------------------------------------------------------------------------
     ncol          number
        1              1.   : start of calculation            
        2              1.   : end of calculation              
        3             10.   : end of a batch                  
        4           1000.   : source                          
        5              0.   : detection of geometry error/warn
        6              0.   : recovery from geometry warning  
        7              0.   : termination by geometry error   
        8              0.   : termination by weight cut-off   
        9              0.   : termination by time cut-off     
       10         208540.   : geometry boundary crossing      
       11           1248.   : termination by energy cut-off   
       12           1206.   : termination by escape or leakage
       13            316.   : reaction : (n,x) type           
       14         103984.   : reaction : (n,n'x) type         
       15              0.   : sequential transport for tally  

-------------------------------------------------------------------------------
 List of transport particles (not including source)
-------------------------------------------------------------------------------
     Name      kf-code        mass       charge   baryon
     positron      -11          0.5         1       0
     photon         22          0.0         0       0

-------------------------------------------------------------------------------
 prod. particles       number        weight        weight per source
-------------------------------------------------------------------------------
     photon              116.     1.1600000E+02     1.1600000E-01
     positron             58.     5.8000000E+01     5.8000000E-02

-------------------------------------------------------------------------------
 particle decays       number        weight        weight per source
-------------------------------------------------------------------------------
     positron             58.     5.8000000E+01     5.8000000E-02

-------------------------------------------------------------------------------
 stop. particles.    number        weight        weight per source
-------------------------------------------------------------------------------
     electron           3002.     3.0020000E+03     3.0020000E+00
     positron             58.     5.8000000E+01     5.8000000E-02
     photon                2.     2.0000000E+00     2.0000000E-03

-------------------------------------------------------------------------------
 leak. particles       number        weight        weight per source
-------------------------------------------------------------------------------
     photon             1132.     1.1320000E+03     1.1320000E+00
     electron             70.     7.0000000E+01     7.0000000E-02
     positron              4.     4.0000000E+00     4.0000000E-03

-------------------------------------------------------------------------------
 source: maxcas    maxbch      irskip   average weight          total source
-------------------------------------------------------------------------------
         100          10           0    1.0000000E+00    1.0000000000000E+03

-------------------------------------------------------------------------------
 Geometry error summary
-------------------------------------------------------------------------------
 Number of lost particles     =     0 / nlost =       10
 Number of geometry recovering =     0
 Number of unrecovered errors =     0

-------------------------------------------------------------------------------
 initial random seed:
   bitrseed = 0100001010011000001011101100011110011000110110100110010000000000
 next initial random seed:
   bitrseed = 0101000011000111010110101100111000100101101011010111101101011101

-------------------------------------------------------------------------------
 job termination date : 2026/09/21
                 time :   10:38:27

-------------------------------------------------------------------------------
    CPU time and number of event called in PHITS
-------------------------------------------------------------------------------

                             sec
total cpu time =          544.85


                           count
      analysis =         316304.  : data processing
         nevap =              0.  : evaporation
        dexgam =              0.  : de-excitation
         nreac =         104300.  : atomic and nuclear reactions
         dklos =             58.  : particle decay
         hydro =              0.  : nucleon-nucleon scattering
        n-data =              0.  : neutron data library
        h-data =              0.  : p, d, a data library
        p-data =              0.  : photon data library
        e-data =              0.  : electron data library
        p-egs5 =           1320.  : photon interaction with EGS5
        e-egs5 =         102922.  : electron interaction with EGS5
      e-tsmode =              0.  : electron track structure mode
    ion-tsmode =              0.  : ion track structure mode
     photonucl =              0.  : photo-nuclear reaction
 photonucl lib =              0.  : photo-nuclear reaction with library
       mu-reac =              0.  : muon-induced nuclear reaction
       mu-brem =              0.  : muon-induced bremsstrahlung
       mu-pprd =              0.  : muon-induced pair production
        mu-cap =              0.  : muon capture in nucleus
         elast =              0.  : elastic scattering
         ncasc =              0.  : nuclear reaction model

       bertini =              0.  : Bertini model
        isobar =              0.  : isobar model
           JAM =              0.  : JAM model
           QMD =              0.  : JQMD model
        JAMQMD =              0.  : JAMQMD model
          INCL =              0.  : INCL model
        INCELF =              0.  : INCELF model
     frag data =              0.  : user defined cross section
       SCINFUL =              0.  : SCINFUL mode

>>> Citation Request >>>=======================================================

 This execution uses model(s) that must be explicitly cited in addition to
 the PHITS original document: T.Sato et al., J.Nucl.Sci.Technol.61, 127-135 (2024).
 Please refer the following document(s) in your publication using this result

 The EGS5 code:
    H. Hirayama et al., SLAC-R-730 (2005) and KEK Report 2005-8 (2005)

 The KUROTAMA model:
    K. Iida, A. Kohama, and K. Oyamatsu, J. Phys. Soc. Japan 76, 044201 (2007).

 END 
