
=====================================================================
 Run #0 / Number of event processed : 1000
=====================================================================
organ ID|      Organ Mass (g)   Dose (Gy/source)     Relative Error
     100|               6.817          0.000e+00               -nan
     200|               8.649          0.000e+00               -nan
     300|               0.009          0.000e+00               -nan
     301|               0.035          0.000e+00               -nan
     302|               0.011          0.000e+00               -nan
     303|               4.375          0.000e+00               -nan
     400|               0.104          8.195e-15              0.999
     401|               0.288          1.009e-14              0.999
     402|               0.072          9.645e-15              0.999
     403|               0.036          6.779e-15              0.999
     404|               0.072          6.849e-15              0.999
     405|              14.180          4.805e-14              0.496
     500|               0.066          3.121e-14              0.615
     501|               0.016          0.000e+00               -nan
     600|               0.019          1.386e-14              0.999
     700|               8.201          1.837e-13              0.353
     800|               0.010          1.116e-14              0.999
     801|               0.013          1.752e-14              0.999
     802|               0.021          7.423e-14              0.999
     803|               0.053          2.328e-14              0.999
     804|               0.011          2.409e-14              0.999
     805|               0.021          2.090e-14              0.999
     806|               0.021          1.290e-14              0.999
     807|               0.021          2.518e-14              0.999
     808|               1.179          3.755e-14              0.999
     900|               1.906          8.514e-14              0.736
     910|               3.007          0.000e+00               -nan
    1000|             117.872          1.774e-14              0.348
    1010|             239.851          3.668e-15              0.426
    1100|              46.312          0.000e+00               -nan
    1110|             139.528          0.000e+00               -nan
    1200|              79.906          0.000e+00               -nan
    1210|             355.612          0.000e+00               -nan
    1300|             113.681          1.952e-15              0.946
    1400|             107.717          9.640e-15              0.950
    1500|              20.516          0.000e+00               -nan
    1600|             103.296          0.000e+00               -nan
    1700|              50.264          0.000e+00               -nan
    1800|              20.493          0.000e+00               -nan
    1900|             156.708          0.000e+00               -nan
    2000|              86.883          0.000e+00               -nan
    2100|              34.068          0.000e+00               -nan
    2200|             105.132          0.000e+00               -nan
    2300|              69.360          0.000e+00               -nan
    2400|              32.825          2.229e-14              0.518
    2500|              38.798          5.755e-14              0.491
    2600|             407.670          4.612e-15              0.657
    2700|             391.311          3.082e-15              0.451
    2800|             244.126          1.008e-15              0.999
    2900|             232.804          2.070e-15              0.999
    3000|              39.516          0.000e+00               -nan
    3100|             240.929          0.000e+00               -nan
    3200|             166.334          0.000e+00               -nan
    3300|              56.762          0.000e+00               -nan
    3400|             544.845          0.000e+00               -nan
    3500|             558.529          0.000e+00               -nan
    3600|              88.883          0.000e+00               -nan
    3700|             173.476          0.000e+00               -nan
    3800|             257.451          0.000e+00               -nan
    3900|              45.394          1.572e-14              0.678
    4000|              33.479          5.186e-15              0.889
    4100|             262.458          2.980e-18              0.999
    4200|             455.599          9.576e-18              0.999
    4300|             164.504          6.837e-15              0.432
    4400|             277.325          7.742e-15              0.400
    4500|             121.664          1.460e-14              0.612
    4600|              96.730          4.625e-15              0.506
    4700|              71.596          7.882e-14              0.261
    4800|              75.601          9.807e-14              0.257
    4900|             205.828          1.337e-14              0.348
    5000|             271.915          9.334e-15              0.416
    5100|             156.175          2.686e-15              0.820
    5200|             264.976          2.810e-15              0.967
    5300|              80.240          0.000e+00               -nan
    5400|             154.840          0.000e+00               -nan
    5500|               1.685          1.818e-14              0.590
    5600|              51.347          5.162e-14              0.606
    5700|              41.959          0.000e+00               -nan
    5800|              69.351          1.476e-14              0.417
    6100|            1349.568          4.636e-15              0.427
    6200|             153.663          2.519e-15              0.946
    6300|             102.491          2.083e-18              0.999
    6400|             153.663          1.459e-15              0.739
    6500|             102.491          1.564e-15              0.982
    6600|               0.039          0.000e+00               -nan
    6601|               0.189          0.000e+00               -nan
    6700|               1.100          0.000e+00               -nan
    6701|               0.304          0.000e+00               -nan
    6702|               6.051          0.000e+00               -nan
    6800|               0.039          0.000e+00               -nan
    6801|               0.189          0.000e+00               -nan
    6900|               1.100          0.000e+00               -nan
    6901|               0.304          0.000e+00               -nan
    6902|               6.051          0.000e+00               -nan
    7000|               8.201          0.000e+00               -nan
    7100|              48.000          2.703e-16              0.999
    7200|               1.561          0.000e+00               -nan
    7201|               1.044          0.000e+00               -nan
    7202|               5.256          0.000e+00               -nan
    7203|             165.012          2.401e-15              0.994
    7300|             230.000          2.130e-16              0.999
    7400|              12.341          3.409e-15              0.786
    7401|               1.922          1.789e-15              0.712
    7402|               4.831          2.240e-15              0.708
    7403|             736.662          1.189e-15              0.687
    7500|              45.227          2.560e-15              0.745
    7501|             234.773          4.595e-15              0.807
    7600|               4.451          0.000e+00               -nan
    7601|               0.322          0.000e+00               -nan
    7602|             107.784          0.000e+00               -nan
    7700|             100.007          0.000e+00               -nan
    7800|               3.680          4.137e-15              0.999
    7801|               0.266          1.132e-14              0.999
    7802|              64.847          3.222e-15              0.999
    7900|              59.995          1.847e-15              0.987
    8000|               2.196          2.121e-14              0.999
    8001|               0.160          1.338e-14              0.999
    8002|              66.428          3.602e-15              0.999
    8100|              30.005          6.513e-16              0.877
    8200|               3.021          0.000e+00               -nan
    8201|               0.220          0.000e+00               -nan
    8202|             109.320          0.000e+00               -nan
    8300|              50.003          0.000e+00               -nan
    8400|               4.222          0.000e+00               -nan
    8401|               0.306          0.000e+00               -nan
    8402|              51.761          1.131e-15              0.999
    8500|              79.993          0.000e+00               -nan
    8600|              31.268          0.000e+00               -nan
    8700|             290.890          5.843e-15              0.468
    8800|             370.000          1.004e-14              0.509
    8900|             149.091          0.000e+00               -nan
    9000|              37.441          0.000e+00               -nan
    9100|               7.494          0.000e+00               -nan
    9200|             125.147          0.000e+00               -nan
    9300|              31.440          0.000e+00               -nan
    9400|               6.292          0.000e+00               -nan
    9500|            1810.000          1.516e-15              0.586
    9700|             427.256          5.716e-15              0.498
    9900|             522.518          5.504e-15              0.512
   10000|              12.695          1.502e-14              0.999
   10100|              12.695          6.464e-15              0.999
   10200|               4.386          3.401e-14              0.768
   10300|             103.641          2.378e-15              0.940
   10400|               8.771          0.000e+00               -nan
   10500|               8.771          0.000e+00               -nan
   10600|             445.022          2.005e-14              0.249
   10700|            8324.973          5.984e-15              0.124
   10800|            1479.724          2.393e-17              0.999
   10900|            7676.720          2.432e-18              0.999
   11000|               1.871          3.708e-14              0.542
   11001|               0.101          4.340e-14              0.614
   11002|              41.247          6.022e-14              0.313
   11003|              21.240          4.327e-14              0.573
   11100|               6.318          0.000e+00               -nan
   11200|               6.318          0.000e+00               -nan
   11300|             144.552          0.000e+00               -nan
   11400|               0.615          0.000e+00               -nan
   11600|             844.543          1.228e-14              0.217
   11700|           11513.363          4.609e-15              0.107
   11800|            2171.588          3.044e-16              0.610
   11900|            7795.948          1.819e-18              0.999
   12000|              35.880          1.862e-14              0.810
   12100|              35.880          1.337e-14              0.999
   12200|             155.582          7.752e-15              0.349
   12201|               6.324          3.927e-15              0.373
   12300|             871.603          5.708e-15              0.165
   12301|              32.368          6.821e-15              0.328
   12400|             380.905          2.164e-15              0.524
   12401|              15.598          1.233e-15              0.514
   12500|             924.584          0.000e+00               -nan
   12501|              35.025          0.000e+00               -nan
   12600|              19.098          1.003e-13              0.491
   12700|             187.400          8.290e-17              0.999
   12800|              40.562          6.834e-16              0.588
   12801|               0.036          4.949e-15              0.999
   13100|              20.503          1.356e-13              0.579
   13200|              19.455          4.071e-13              0.268
   13300|              20.995          8.336e-17              0.999
   13301|              40.415          2.484e-14              0.623
   13400|               3.075          0.000e+00               -nan
   13500|               7.689          0.000e+00               -nan
   13600|               7.689          0.000e+00               -nan
   13700|              39.459          0.000e+00               -nan
   13701|               1.345          0.000e+00               -nan
   13800|             200.000          0.000e+00               -nan
   13900|              81.993          0.000e+00               -nan
   14000|               0.036          1.024e-13              0.585
=====================================================================

