
=====================================================================
 Run #0 / Number of event processed : 10000
=====================================================================
organ ID|      Organ Mass (g)   Dose (Gy/source)     Relative Error
     100|               8.683          2.178e-16              0.648
     200|               8.683          1.815e-13              0.160
     300|               0.022          0.000e+00               -nan
     301|               0.090          0.000e+00               -nan
     302|               0.028          0.000e+00               -nan
     303|              11.291          0.000e+00               -nan
     400|               0.141          0.000e+00               -nan
     401|               0.390          0.000e+00               -nan
     402|               0.098          0.000e+00               -nan
     403|               0.049          0.000e+00               -nan
     404|               0.098          0.000e+00               -nan
     405|              28.808          0.000e+00               -nan
     500|               0.086          0.000e+00               -nan
     501|               0.024          0.000e+00               -nan
     600|               0.023          0.000e+00               -nan
     700|              10.364          4.270e-18              1.000
     800|               0.025          1.157e-15              1.000
     801|               0.031          1.039e-15              1.000
     802|               0.052          1.384e-15              1.000
     803|               0.130          3.031e-15              1.000
     804|               0.026          9.747e-16              1.000
     805|               0.052          6.954e-15              0.768
     806|               0.052          5.819e-15              0.756
     807|               0.053          2.505e-15              1.000
     808|               2.777          2.893e-15              1.000
     900|               1.504          0.000e+00               -nan
     910|               6.944          0.000e+00               -nan
    1000|             193.197          1.396e-14              0.141
    1010|             444.035          7.787e-15              0.097
    1100|              32.463          7.954e-17              0.571
    1110|             167.269          3.959e-16              0.536
    1200|             108.832          0.000e+00               -nan
    1210|             389.741          2.819e-19              1.000
    1300|             159.196          2.522e-16              0.517
    1400|             145.689          1.687e-17              0.470
    1500|              34.244          7.342e-17              0.827
    1600|             106.720          2.571e-16              0.402
    1700|              50.890          1.932e-16              0.559
    1800|              37.397          2.215e-17              0.562
    1900|             273.409          3.693e-17              0.305
    2000|             154.981          7.456e-17              0.521
    2100|              22.996          7.209e-18              1.000
    2200|             181.529          3.707e-18              1.000
    2300|             118.927          0.000e+00               -nan
    2400|              48.252          3.056e-16              0.718
    2500|              45.057          3.967e-16              0.578
    2600|             568.469          1.359e-19              1.000
    2700|             382.073          3.605e-17              0.987
    2800|             253.548          0.000e+00               -nan
    2900|             413.232          1.376e-18              1.000
    3000|              26.045          0.000e+00               -nan
    3100|             307.761          0.000e+00               -nan
    3200|             373.652          0.000e+00               -nan
    3300|              82.179          0.000e+00               -nan
    3400|             536.651          0.000e+00               -nan
    3500|             621.408          0.000e+00               -nan
    3600|              79.815          0.000e+00               -nan
    3700|             234.882          0.000e+00               -nan
    3800|             432.615          0.000e+00               -nan
    3900|              76.877          8.882e-18              1.000
    4000|              56.287          1.030e-18              1.000
    4100|             402.595          2.630e-16              0.583
    4200|             619.672          5.663e-17              0.390
    4300|             368.797          3.494e-14              0.038
    4400|             457.351          3.534e-14              0.044
    4500|             223.333          1.467e-16              0.241
    4600|             156.670          5.247e-17              0.362
    4700|             103.943          5.401e-17              0.561
    4800|              78.915          7.841e-19              0.856
    4900|             289.440          9.806e-15              0.091
    5000|             345.222          1.576e-14              0.105
    5100|             188.047          5.375e-16              0.294
    5200|             291.584          5.414e-16              0.451
    5300|             110.320          2.210e-17              0.658
    5400|             192.224          1.229e-16              0.904
    5500|               9.991          2.080e-14              0.243
    5600|              61.420          1.437e-14              0.232
    5700|              56.331          7.056e-14              0.081
    5800|              82.063          1.330e-14              0.167
    6100|            1517.390          1.247e-17              0.563
    6200|               7.769          0.000e+00               -nan
    6300|               5.180          2.889e-15              0.840
    6400|               7.769          1.611e-14              0.539
    6500|               5.180          6.906e-15              0.980
    6600|               0.039          0.000e+00               -nan
    6601|               0.189          0.000e+00               -nan
    6700|               1.113          0.000e+00               -nan
    6701|               0.308          0.000e+00               -nan
    6702|               6.122          0.000e+00               -nan
    6800|               0.039          0.000e+00               -nan
    6801|               0.189          0.000e+00               -nan
    6900|               1.113          0.000e+00               -nan
    6901|               0.308          0.000e+00               -nan
    6902|               6.122          0.000e+00               -nan
    7000|              10.364          3.231e-13              0.070
    7100|              58.000          2.834e-13              0.068
    7200|               1.784          5.462e-14              0.125
    7201|               1.193          5.158e-14              0.115
    7202|               6.008          5.646e-14              0.099
    7203|             185.286          7.545e-14              0.060
    7300|             250.000          4.095e-14              0.087
    7400|              14.547          1.039e-15              0.305
    7401|               2.264          6.618e-16              0.296
    7402|               5.692          8.044e-16              0.313
    7403|             840.096          1.651e-15              0.151
    7500|              53.337          1.552e-15              0.313
    7501|             296.663          1.365e-15              0.264
    7600|               3.071          9.977e-15              0.567
    7601|               0.223          9.674e-15              0.505
    7602|             116.634          1.647e-14              0.178
    7700|              55.000          6.192e-15              0.351
    7800|               3.993          6.881e-14              0.141
    7801|               0.289          7.756e-14              0.246
    7802|              75.671          7.224e-14              0.088
    7900|              95.000          5.786e-14              0.112
    8000|               2.824          3.321e-15              0.708
    8001|               0.205          4.801e-15              0.788
    8002|              76.924          4.191e-15              0.350
    8100|              40.000          1.563e-15              0.578
    8200|               2.779          0.000e+00               -nan
    8201|               0.203          0.000e+00               -nan
    8202|             116.946          1.045e-16              0.374
    8300|              35.000          1.433e-16              0.585
    8400|               4.451          6.748e-17              1.000
    8401|               0.324          0.000e+00               -nan
    8402|              48.524          3.581e-18              1.000
    8500|              75.000          7.962e-16              0.941
    8600|              39.976          0.000e+00               -nan
    8700|             385.839          3.323e-14              0.068
    8800|             510.000          1.740e-14              0.093
    8900|             162.338          3.446e-16              0.359
    9000|              38.359          8.875e-16              0.701
    9100|               7.652          3.818e-17              0.766
    9200|             166.542          5.856e-14              0.081
    9300|              39.362          7.471e-14              0.138
    9400|               7.892          6.495e-14              0.306
    9500|            2360.000          4.911e-13              0.005
    9700|             545.877          3.808e-16              0.305
    9900|             652.861          6.139e-14              0.040
   10000|              15.949          0.000e+00               -nan
   10100|              15.949          2.013e-14              0.227
   10200|               5.510          3.038e-17              1.000
   10300|             130.204          2.075e-15              0.266
   10400|              11.019          3.205e-17              0.711
   10500|              11.019          0.000e+00               -nan
   10600|            1200.828          3.985e-17              0.448
   10700|           14844.730          3.974e-15              0.028
   10800|            2843.507          2.196e-16              0.176
   10900|           10887.729          1.452e-18              0.980
   11000|               1.919          2.892e-14              0.305
   11001|               0.103          1.526e-14              0.249
   11002|              49.783          3.006e-14              0.171
   11003|              22.870          2.803e-14              0.245
   11300|             173.631          6.117e-14              0.088
   11400|               0.622          0.000e+00               -nan
   11500|              17.618          0.000e+00               -nan
   11600|             975.622          7.758e-18              0.483
   11700|           11176.900          9.777e-15              0.019
   11800|            1549.842          9.354e-16              0.150
   11900|            4510.134          2.736e-18              0.963
   12000|              44.045          0.000e+00               -nan
   12100|              44.045          1.104e-18              1.000
   12200|             259.230          1.118e-18              1.000
   12201|               8.470          0.000e+00               -nan
   12300|            1271.006          3.776e-15              0.047
   12301|              38.418          3.783e-15              0.091
   12400|             575.709          1.408e-15              0.148
   12401|              18.843          1.667e-15              0.251
   12500|            1259.982          2.157e-19              1.000
   12501|              37.790          0.000e+00               -nan
   12600|              37.952          2.895e-15              0.427
   12700|             228.400          6.606e-16              0.424
   12800|              50.727          2.782e-17              0.711
   12801|               0.043          0.000e+00               -nan
   12900|              18.617          0.000e+00               -nan
   13000|              18.617          0.000e+00               -nan
   13100|              25.909          2.136e-16              0.789
   13200|              23.351          1.697e-17              0.761
   13300|              20.993          0.000e+00               -nan
   13301|              54.552          0.000e+00               -nan
   13400|               3.109          0.000e+00               -nan
   13500|               8.809          7.967e-18              1.000
   13600|               7.773          1.833e-16              0.636
   13700|              49.781          7.535e-17              0.805
   13701|               1.318          0.000e+00               -nan
   13800|             200.000          2.176e-16              0.784
   14000|               0.140          2.242e-16              1.000
=====================================================================

