
=====================================================================
 Run #0 / Number of event processed : 1000
=====================================================================
organ ID|      Organ Mass (g)   Dose (Gy/source)     Relative Error
     100|               6.817          0.000e+00               -nan
     200|               8.649          0.000e+00               -nan
     300|               0.009          0.000e+00               -nan
     301|               0.035          0.000e+00               -nan
     302|               0.011          0.000e+00               -nan
     303|               4.375          5.045e-14              0.727
     400|               0.104          1.300e-14              0.999
     401|               0.288          1.963e-14              0.999
     402|               0.072          7.758e-15              0.999
     403|               0.036          7.638e-15              0.999
     404|               0.072          2.230e-14              0.999
     405|              14.180          3.136e-14              0.573
     500|               0.066          1.444e-14              0.802
     501|               0.016          5.937e-14              0.589
     600|               0.019          0.000e+00               -nan
     700|               8.201          0.000e+00               -nan
     800|               0.010          0.000e+00               -nan
     801|               0.013          0.000e+00               -nan
     802|               0.021          0.000e+00               -nan
     803|               0.053          0.000e+00               -nan
     804|               0.011          0.000e+00               -nan
     805|               0.021          0.000e+00               -nan
     806|               0.021          0.000e+00               -nan
     807|               0.021          0.000e+00               -nan
     808|               1.179          0.000e+00               -nan
     900|               1.906          0.000e+00               -nan
     910|               3.007          0.000e+00               -nan
    1000|             117.872          9.897e-17              0.956
    1010|             239.851          1.557e-15              0.921
    1100|              46.312          7.709e-16              0.999
    1110|             139.528          0.000e+00               -nan
    1200|              79.906          0.000e+00               -nan
    1210|             355.612          0.000e+00               -nan
    1300|             113.681          0.000e+00               -nan
    1400|             107.717          4.005e-16              0.999
    1500|              20.516          0.000e+00               -nan
    1600|             103.296          5.177e-15              0.999
    1700|              50.264          0.000e+00               -nan
    1800|              20.493          0.000e+00               -nan
    1900|             156.708          0.000e+00               -nan
    2000|              86.883          0.000e+00               -nan
    2100|              34.068          0.000e+00               -nan
    2200|             105.132          0.000e+00               -nan
    2300|              69.360          0.000e+00               -nan
    2400|              32.825          4.332e-15              0.999
    2500|              38.798          8.094e-15              0.999
    2600|             407.670          3.790e-14              0.173
    2700|             391.311          3.983e-14              0.164
    2800|             244.126          0.000e+00               -nan
    2900|             232.804          0.000e+00               -nan
    3000|              39.516          0.000e+00               -nan
    3100|             240.929          0.000e+00               -nan
    3200|             166.334          0.000e+00               -nan
    3300|              56.762          0.000e+00               -nan
    3400|             544.845          0.000e+00               -nan
    3500|             558.529          0.000e+00               -nan
    3600|              88.883          0.000e+00               -nan
    3700|             173.476          0.000e+00               -nan
    3800|             257.451          0.000e+00               -nan
    3900|              45.394          3.056e-14              0.432
    4000|              33.479          3.873e-14              0.552
    4100|             262.458          0.000e+00               -nan
    4200|             455.599          4.274e-17              0.999
    4300|             164.504          1.739e-16              0.894
    4400|             277.325          2.036e-16              0.775
    4500|             121.664          1.999e-16              0.959
    4600|              96.730          7.407e-17              0.999
    4700|              71.596          1.091e-14              0.553
    4800|              75.601          1.468e-14              0.581
    4900|             205.828          3.991e-17              0.933
    5000|             271.915          0.000e+00               -nan
    5100|             156.175          2.420e-16              0.999
    5200|             264.976          5.579e-18              0.999
    5300|              80.240          0.000e+00               -nan
    5400|             154.840          0.000e+00               -nan
    5500|               1.685          0.000e+00               -nan
    5600|              51.347          0.000e+00               -nan
    5700|              41.959          0.000e+00               -nan
    5800|              69.351          0.000e+00               -nan
    6100|            1349.568          6.317e-14              0.112
    6200|             153.663          0.000e+00               -nan
    6300|             102.491          0.000e+00               -nan
    6400|             153.663          0.000e+00               -nan
    6500|             102.491          0.000e+00               -nan
    6600|               0.039          0.000e+00               -nan
    6601|               0.189          0.000e+00               -nan
    6700|               1.100          1.324e-13              0.999
    6701|               0.304          0.000e+00               -nan
    6702|               6.051          6.086e-15              0.999
    6800|               0.039          0.000e+00               -nan
    6801|               0.189          0.000e+00               -nan
    6900|               1.100          3.676e-14              0.999
    6901|               0.304          0.000e+00               -nan
    6902|               6.051          1.017e-13              0.999
    7000|               8.201          0.000e+00               -nan
    7100|              48.000          0.000e+00               -nan
    7200|               1.561          0.000e+00               -nan
    7201|               1.044          0.000e+00               -nan
    7202|               5.256          0.000e+00               -nan
    7203|             165.012          2.884e-15              0.706
    7300|             230.000          0.000e+00               -nan
    7400|              12.341          2.962e-16              0.999
    7401|               1.922          3.828e-16              0.999
    7402|               4.831          3.265e-16              0.999
    7403|             736.662          7.483e-16              0.706
    7500|              45.227          8.204e-16              0.999
    7501|             234.773          2.417e-16              0.999
    7600|               4.451          0.000e+00               -nan
    7601|               0.322          0.000e+00               -nan
    7602|             107.784          0.000e+00               -nan
    7700|             100.007          0.000e+00               -nan
    7800|               3.680          0.000e+00               -nan
    7801|               0.266          0.000e+00               -nan
    7802|              64.847          0.000e+00               -nan
    7900|              59.995          0.000e+00               -nan
    8000|               2.196          0.000e+00               -nan
    8001|               0.160          0.000e+00               -nan
    8002|              66.428          0.000e+00               -nan
    8100|              30.005          0.000e+00               -nan
    8200|               3.021          0.000e+00               -nan
    8201|               0.220          0.000e+00               -nan
    8202|             109.320          0.000e+00               -nan
    8300|              50.003          0.000e+00               -nan
    8400|               4.222          0.000e+00               -nan
    8401|               0.306          0.000e+00               -nan
    8402|              51.761          0.000e+00               -nan
    8500|              79.993          0.000e+00               -nan
    8600|              31.268          0.000e+00               -nan
    8700|             290.890          1.901e-15              0.999
    8800|             370.000          1.327e-15              0.999
    8900|             149.091          0.000e+00               -nan
    9000|              37.441          0.000e+00               -nan
    9100|               7.494          0.000e+00               -nan
    9200|             125.147          0.000e+00               -nan
    9300|              31.440          0.000e+00               -nan
    9400|               6.292          0.000e+00               -nan
    9500|            1810.000          8.574e-16              0.999
    9700|             427.256          3.571e-15              0.664
    9900|             522.518          1.416e-17              0.999
   10000|              12.695          7.303e-14              0.655
   10100|              12.695          0.000e+00               -nan
   10200|               4.386          0.000e+00               -nan
   10300|             103.641          3.765e-16              0.814
   10400|               8.771          0.000e+00               -nan
   10500|               8.771          0.000e+00               -nan
   10600|             445.022          2.167e-14              0.221
   10700|            8324.973          1.159e-15              0.318
   10800|            1479.724          6.847e-16              0.983
   10900|            7676.720          8.823e-18              0.742
   11000|               1.871          0.000e+00               -nan
   11001|               0.101          0.000e+00               -nan
   11002|              41.247          0.000e+00               -nan
   11003|              21.240          0.000e+00               -nan
   11100|               6.318          0.000e+00               -nan
   11200|               6.318          0.000e+00               -nan
   11300|             144.552          5.263e-15              0.994
   11400|               0.615          1.933e-14              0.999
   11600|             844.543          2.470e-14              0.159
   11700|           11513.363          7.831e-16              0.313
   11800|            2171.588          4.222e-16              0.799
   11900|            7795.948          3.975e-19              0.999
   12000|              35.880          2.857e-14              0.729
   12100|              35.880          4.764e-16              0.999
   12200|             155.582          2.053e-14              0.162
   12201|               6.324          3.519e-14              0.283
   12300|             871.603          5.403e-16              0.574
   12301|              32.368          1.507e-16              0.583
   12400|             380.905          2.123e-16              0.708
   12401|              15.598          2.117e-16              0.711
   12500|             924.584          0.000e+00               -nan
   12501|              35.025          0.000e+00               -nan
   12600|              19.098          0.000e+00               -nan
   12700|             187.400          2.167e-15              0.999
   12800|              40.562          1.536e-14              0.748
   12801|               0.036          5.687e-14              0.780
   13100|              20.503          0.000e+00               -nan
   13200|              19.455          2.516e-16              0.999
   13300|              20.995          1.072e-13              0.533
   13301|              40.415          3.458e-14              0.709
   13400|               3.075          5.289e-13              0.636
   13500|               7.689          0.000e+00               -nan
   13600|               7.689          0.000e+00               -nan
   13700|              39.459          0.000e+00               -nan
   13701|               1.345          0.000e+00               -nan
   13800|             200.000          0.000e+00               -nan
   13900|              81.993          0.000e+00               -nan
   14000|               0.036          9.634e-15              0.999
=====================================================================

