
=====================================================================
 Run #0 / Number of event processed : 100000000
=====================================================================
organ ID|      Organ Mass (g)   Dose (Gy/source)     Relative Error
     100|               8.683          2.631e-16              0.016
     200|               8.683          2.530e-16              0.016
     300|               0.022          5.369e-16              0.064
     301|               0.090          5.895e-16              0.047
     302|               0.028          5.865e-16              0.056
     303|              11.291          6.028e-16              0.010
     400|               0.141          5.967e-15              0.010
     401|               0.390          5.819e-15              0.008
     402|               0.098          5.812e-15              0.010
     403|               0.049          5.830e-15              0.011
     404|               0.098          5.843e-15              0.010
     405|              28.808          4.897e-15              0.002
     500|               0.086          2.527e-15              0.015
     501|               0.024          1.568e-15              0.033
     600|               0.023          1.340e-15              0.039
     700|              10.364          4.722e-14              0.001
     800|               0.025          3.464e-15              0.022
     801|               0.031          3.508e-15              0.020
     802|               0.052          3.441e-15              0.019
     803|               0.130          3.431e-15              0.015
     804|               0.026          3.392e-15              0.020
     805|               0.052          3.504e-15              0.017
     806|               0.052          3.383e-15              0.017
     807|               0.053          3.401e-15              0.017
     808|               2.777          3.368e-15              0.007
     900|               1.504          7.929e-15              0.007
     910|               6.944          8.556e-15              0.004
    1000|             193.197          2.729e-15              0.001
    1010|             444.035          2.138e-15              0.001
    1100|              32.463          1.436e-16              0.011
    1110|             167.269          1.418e-16              0.005
    1200|             108.832          8.062e-19              0.077
    1210|             389.741          7.400e-19              0.044
    1300|             159.196          5.171e-16              0.003
    1400|             145.689          6.545e-16              0.003
    1500|              34.244          4.090e-16              0.007
    1600|             106.720          2.033e-16              0.005
    1700|              50.890          1.244e-16              0.010
    1800|              37.397          2.453e-16              0.009
    1900|             273.409          3.833e-17              0.008
    2000|             154.981          5.800e-17              0.009
    2100|              22.996          2.769e-17              0.031
    2200|             181.529          6.328e-18              0.023
    2300|             118.927          7.128e-18              0.028
    2400|              48.252          8.873e-15              0.001
    2500|              45.057          8.256e-15              0.001
    2600|             568.469          5.046e-16              0.002
    2700|             382.073          5.355e-16              0.002
    2800|             253.548          4.861e-18              0.020
    2900|             413.232          6.782e-18              0.015
    3000|              26.045          1.902e-18              0.109
    3100|             307.761          6.163e-19              0.055
    3200|             373.652          2.899e-19              0.077
    3300|              82.179          8.864e-19              0.093
    3400|             536.651          7.950e-20              0.109
    3500|             621.408          9.637e-20              0.101
    3600|              79.815          2.279e-20              0.466
    3700|             234.882          1.657e-19              0.129
    3800|             432.615          8.574e-20              0.132
    3900|              76.877          2.183e-15              0.002
    4000|              56.287          2.539e-15              0.002
    4100|             402.595          1.971e-17              0.008
    4200|             619.672          1.767e-17              0.007
    4300|             368.797          1.272e-15              0.001
    4400|             457.351          1.333e-15              0.001
    4500|             223.333          1.250e-15              0.002
    4600|             156.670          1.182e-15              0.002
    4700|             103.943          6.976e-15              0.001
    4800|              78.915          8.257e-15              0.001
    4900|             289.440          2.472e-15              0.001
    5000|             345.222          2.741e-15              0.001
    5100|             188.047          8.635e-17              0.005
    5200|             291.584          8.578e-17              0.005
    5300|             110.320          2.475e-17              0.013
    5400|             192.224          2.406e-17              0.011
    5500|               9.991          4.099e-15              0.003
    5600|              61.420          4.475e-15              0.002
    5700|              56.331          7.032e-16              0.004
    5800|              82.063          2.741e-15              0.002
    6100|            1517.390          4.670e-16              0.001
    6200|               7.769          4.503e-16              0.014
    6300|               5.180          3.994e-16              0.018
    6400|               7.769          4.187e-16              0.015
    6500|               5.180          3.814e-16              0.019
    6600|               0.039          4.481e-16              0.139
    6601|               0.189          4.568e-16              0.082
    6700|               1.113          5.487e-16              0.027
    6701|               0.308          4.797e-16              0.063
    6702|               6.122          6.013e-16              0.014
    6800|               0.039          5.574e-16              0.133
    6801|               0.189          5.858e-16              0.074
    6900|               1.113          5.798e-16              0.026
    6901|               0.308          4.989e-16              0.063
    6902|               6.122          5.892e-16              0.014
    7000|              10.364          2.385e-16              0.014
    7100|              58.000          2.303e-16              0.007
    7200|               1.784          3.263e-16              0.015
    7201|               1.193          3.174e-16              0.016
    7202|               6.008          3.182e-16              0.011
    7203|             185.286          3.220e-16              0.003
    7300|             250.000          3.041e-16              0.003
    7400|              14.547          7.550e-17              0.013
    7401|               2.264          7.576e-17              0.020
    7402|               5.692          7.630e-17              0.016
    7403|             840.096          7.501e-17              0.003
    7500|              53.337          7.512e-17              0.009
    7501|             296.663          7.439e-17              0.005
    7600|               3.071          7.169e-17              0.035
    7601|               0.223          7.271e-17              0.062
    7602|             116.634          7.267e-17              0.008
    7700|              55.000          7.390e-17              0.012
    7800|               3.993          1.397e-16              0.022
    7801|               0.289          1.384e-16              0.039
    7802|              75.671          1.353e-16              0.008
    7900|              95.000          1.366e-16              0.007
    8000|               2.824          1.194e-16              0.028
    8001|               0.205          1.167e-16              0.050
    8002|              76.924          1.271e-16              0.008
    8100|              40.000          1.246e-16              0.011
    8200|               2.779          1.435e-16              0.027
    8201|               0.203          1.300e-16              0.048
    8202|             116.946          1.403e-16              0.006
    8300|              35.000          1.632e-16              0.011
    8400|               4.451          2.073e-17              0.054
    8401|               0.324          1.897e-17              0.099
    8402|              48.524          1.962e-17              0.023
    8500|              75.000          2.041e-17              0.020
    8600|              39.976          1.189e-17              0.034
    8700|             385.839          1.588e-15              0.001
    8800|             510.000          1.222e-15              0.001
    8900|             162.338          1.603e-16              0.005
    9000|              38.359          1.702e-16              0.010
    9100|               7.652          1.664e-16              0.021
    9200|             166.542          1.487e-16              0.005
    9300|              39.362          1.543e-16              0.010
    9400|               7.892          1.589e-16              0.021
    9500|            2360.000          3.873e-16              0.001
    9700|             545.877          2.088e-15              0.001
    9900|             652.861          2.080e-15              0.001
   10000|              15.949          1.463e-15              0.005
   10100|              15.949          1.479e-15              0.005
   10200|               5.510          1.307e-14              0.003
   10300|             130.204          1.312e-16              0.006
   10400|              11.019          1.248e-16              0.021
   10500|              11.019          3.127e-19              0.444
   10600|            1200.828          3.813e-15              0.000
   10700|           14844.730          8.391e-16              0.000
   10800|            2843.507          1.155e-16              0.002
   10900|           10887.729          8.694e-19              0.009
   11000|               1.919          1.475e-14              0.003
   11001|               0.103          1.484e-14              0.006
   11002|              49.783          1.596e-14              0.001
   11003|              22.870          1.410e-14              0.002
   11300|             173.631          2.016e-16              0.004
   11400|               0.622          8.342e-16              0.035
   11500|              17.618          8.757e-18              0.060
   11600|             975.622          1.937e-15              0.001
   11700|           11176.900          8.705e-16              0.000
   11800|            1549.842          1.326e-16              0.002
   11900|            4510.134          9.774e-19              0.012
   12000|              44.045          2.488e-15              0.003
   12100|              44.045          2.397e-15              0.003
   12200|             259.230          1.311e-15              0.001
   12201|               8.470          1.074e-15              0.004
   12300|            1271.006          6.273e-16              0.001
   12301|              38.418          5.390e-16              0.002
   12400|             575.709          9.272e-17              0.003
   12401|              18.843          8.158e-17              0.009
   12500|            1259.982          7.889e-19              0.023
   12501|              37.790          5.593e-19              0.075
   12600|              37.952          3.908e-15              0.002
   12700|             228.400          3.749e-16              0.003
   12800|              50.727          1.322e-15              0.003
   12801|               0.043          1.536e-15              0.028
   12900|              18.617          3.289e-18              0.094
   13000|              18.617          3.194e-18              0.098
   13100|              25.909          1.867e-14              0.001
   13200|              23.351          2.021e-13              0.000
   13300|              20.993          1.682e-15              0.005
   13301|              54.552          2.469e-15              0.002
   13400|               3.109          1.462e-15              0.012
   13500|               8.809          7.419e-17              0.029
   13600|               7.773          5.609e-17              0.035
   13700|              49.781          1.422e-17              0.026
   13701|               1.318          1.409e-17              0.079
   13800|             200.000          1.411e-17              0.015
   14000|               0.140          5.862e-15              0.004
=====================================================================

