           _________________________________________________________
          |                                                         |
          |       _/_/_/_/                                          |
          |      _/      _/                  _/_/_/_/_/_/           |
          |     _/      _/  _/      _/   _/      _/      _/_/_/_/_/ |
          |    _/_/_/_/    _/      _/   _/      _/      _/          |
          |   _/          _/_/_/_/_/   _/      _/       _/_/_/_/    |
          |  _/          _/      _/   _/      _/              _/    |
          | _/          _/      _/   _/      _/      _/_/_/_/_/     |
          |                                                         |
          |                                                         |
          |       Particle and Heavy Ion Transport code System      |
          |                      Version =  3.360                   |
          |                       developed by                      |
          |                                                         |
          |  Tatsuhiko SATO, Yosuke IWAMOTO, Shintaro HASHIMOTO,    |
          |    Tatsuhiko OGAWA, Takuya FURUTA, Shinichiro ABE,      |
          |    Takeshi KAI, Norihiro MATSUDA, Yusuke MATSUYA,       |
          |      Yuho HIRATA, Takuya SEKIKAWA, Seiki Ohnish,        |
          |                     Yao LAN (JAEA),                     |
          |  Hiroshi IWASE, Yasuhito SAKAKI, Kenta SUGIHARA (KEK),  |
          |           Nobuhiro SHIGYO (Kyushu University),          |
          |     Hunter RATLIFF (Haukeland University Hospital),     |
          |  Lembit SIHVER (University of Texas Rio Grande Valley), |
          |                  and Koji NIITA (RIST)                  |
          |                                                         |
          |                 Last Revised  2026-03-24                |
          |_________________________________________________________|

                        Starting Date = 2026-09-21
                        Starting Time = 11h 58m 52

>>> Input Echo >>>=============================================================

[ Parameters ]
 icntl    =           0     # (D=0) 3:ECH 5:NOR 6:SRC 7,8:GSH 11:DSH 12:DUMP
 maxcas   =         100     # (D=10) number of particles per one batch
 maxbch   =          10     # (D=10) number of batches
 itetvol  =           0     # (D=0) =1 Volume calculation for tetrahedrons
 ntetelem =        2000     # (D=200) Number of tetra element allowed in sub-block
 maxbnk   =     1000000     # (D=10000) maximum bank memory length
 itetra   =           0     # (D=0) tetra data is read(=1)/write(=2) on binary
 negs     =           1     # (D=-1) =-1:original, =0:No, =1:EGS, =2:EGS(HE)
 ipegs    =           0     # [EGS](D=0) -1:PEGSonly, 0:Full, 1:PEGSrun+PHITS, 2:skipPEGS
 file(1)  = /home/clarence/Software/phits/phits # (D=PhitsPath) PHITS install folder name
 file(6)  = phits_MRCP_AF_H150W55_source_Liver_photon_energy_10.0.out # (D=phits.out) general output file name

[ Source ]
  totfact =   1.0000        # (D=1.0) global factor
   s-type =  24             # tetra-mesh source
   tetreg =   9500          # tetra-mesh source region
       e0 =   10.000        # energy of beam [MeV/n]
     proj =  photon         # kind of incident particle         
      dir =   all           # z-direction of beam [isotropic]

[ Material ]
MAT[ 100 ] 
           H         -1.0400000E-01
           C         -2.3300000E-01
           N         -2.8000000E-02
           O         -6.2500000E-01
           Na        -1.0000000E-03
           P         -2.0000000E-03
           S         -3.0000000E-03
           Cl        -2.0000000E-03
           K         -2.0000000E-03
MAT[ 200 ] 
           H         -1.0400000E-01
           C         -2.3300000E-01
           N         -2.8000000E-02
           O         -6.2500000E-01
           Na        -1.0000000E-03
           P         -2.0000000E-03
           S         -3.0000000E-03
           Cl        -2.0000000E-03
           K         -2.0000000E-03
MAT[ 300 ] 
           H         -1.0500000E-01
           C         -2.5200000E-01
           N         -2.7000000E-02
           O         -6.0600000E-01
           Na        -1.0000000E-03
           P         -2.0000000E-03
           S         -3.0000000E-03
           Cl        -2.0000000E-03
           K         -2.0000000E-03
MAT[ 301 ] 
           H         -1.0500000E-01
           C         -2.5200000E-01
           N         -2.7000000E-02
           O         -6.0600000E-01
           Na        -1.0000000E-03
           P         -2.0000000E-03
           S         -3.0000000E-03
           Cl        -2.0000000E-03
           K         -2.0000000E-03
MAT[ 302 ] 
           H         -1.0500000E-01
           C         -2.5200000E-01
           N         -2.7000000E-02
           O         -6.0600000E-01
           Na        -1.0000000E-03
           P         -2.0000000E-03
           S         -3.0000000E-03
           Cl        -2.0000000E-03
           K         -2.0000000E-03
MAT[ 303 ] 
           H         -1.0500000E-01
           C         -2.5200000E-01
           N         -2.7000000E-02
           O         -6.0600000E-01
           Na        -1.0000000E-03
           P         -2.0000000E-03
           S         -3.0000000E-03
           Cl        -2.0000000E-03
           K         -2.0000000E-03
MAT[ 400 ] 
           H         -1.1200000E-01
           O         -8.8800000E-01
MAT[ 401 ] 
           H         -1.0500000E-01
           C         -2.5200000E-01
           N         -2.7000000E-02
           O         -6.0600000E-01
           Na        -1.0000000E-03
           P         -2.0000000E-03
           S         -3.0000000E-03
           Cl        -2.0000000E-03
           K         -2.0000000E-03
MAT[ 402 ] 
           H         -1.0500000E-01
           C         -2.5200000E-01
           N         -2.7000000E-02
           O         -6.0600000E-01
           Na        -1.0000000E-03
           P         -2.0000000E-03
           S         -3.0000000E-03
           Cl        -2.0000000E-03
           K         -2.0000000E-03
MAT[ 403 ] 
           H         -1.0500000E-01
           C         -2.5200000E-01
           N         -2.7000000E-02
           O         -6.0600000E-01
           Na        -1.0000000E-03
           P         -2.0000000E-03
           S         -3.0000000E-03
           Cl        -2.0000000E-03
           K         -2.0000000E-03
MAT[ 404 ] 
           H         -1.0500000E-01
           C         -2.5200000E-01
           N         -2.7000000E-02
           O         -6.0600000E-01
           Na        -1.0000000E-03
           P         -2.0000000E-03
           S         -3.0000000E-03
           Cl        -2.0000000E-03
           K         -2.0000000E-03
MAT[ 405 ] 
           H         -1.0500000E-01
           C         -2.5200000E-01
           N         -2.7000000E-02
           O         -6.0600000E-01
           Na        -1.0000000E-03
           P         -2.0000000E-03
           S         -3.0000000E-03
           Cl        -2.0000000E-03
           K         -2.0000000E-03
MAT[ 500 ] 
           H         -1.0200000E-01
           C         -1.4200000E-01
           N         -3.4000000E-02
           O         -7.1100000E-01
           Na        -1.0000000E-03
           P         -2.0000000E-03
           S         -3.0000000E-03
           Cl        -1.0000000E-03
           K         -4.0000000E-03
MAT[ 501 ] 
           H         -1.0200000E-01
           C         -1.4200000E-01
           N         -3.4000000E-02
           O         -7.1100000E-01
           Na        -1.0000000E-03
           P         -2.0000000E-03
           S         -3.0000000E-03
           Cl        -1.0000000E-03
           K         -4.0000000E-03
MAT[ 600 ] 
           H         -1.0200000E-01
           C         -1.4200000E-01
           N         -3.4000000E-02
           O         -7.1100000E-01
           Na        -1.0000000E-03
           P         -2.0000000E-03
           S         -3.0000000E-03
           Cl        -1.0000000E-03
           K         -4.0000000E-03
MAT[ 700 ] 
           H         -1.0500000E-01
           C         -2.5200000E-01
           N         -2.7000000E-02
           O         -6.0600000E-01
           Na        -1.0000000E-03
           P         -2.0000000E-03
           S         -3.0000000E-03
           Cl        -2.0000000E-03
           K         -2.0000000E-03
MAT[ 800 ] 
           H         -1.1200000E-01
           O         -8.8800000E-01
MAT[ 801 ] 
           H         -1.0500000E-01
           C         -2.5200000E-01
           N         -2.7000000E-02
           O         -6.0600000E-01
           Na        -1.0000000E-03
           P         -2.0000000E-03
           S         -3.0000000E-03
           Cl        -2.0000000E-03
           K         -2.0000000E-03
MAT[ 802 ] 
           H         -1.0500000E-01
           C         -2.5200000E-01
           N         -2.7000000E-02
           O         -6.0600000E-01
           Na        -1.0000000E-03
           P         -2.0000000E-03
           S         -3.0000000E-03
           Cl        -2.0000000E-03
           K         -2.0000000E-03
MAT[ 803 ] 
           H         -1.0500000E-01
           C         -2.5200000E-01
           N         -2.7000000E-02
           O         -6.0600000E-01
           Na        -1.0000000E-03
           P         -2.0000000E-03
           S         -3.0000000E-03
           Cl        -2.0000000E-03
           K         -2.0000000E-03
MAT[ 804 ] 
           H         -1.0500000E-01
           C         -2.5200000E-01
           N         -2.7000000E-02
           O         -6.0600000E-01
           Na        -1.0000000E-03
           P         -2.0000000E-03
           S         -3.0000000E-03
           Cl        -2.0000000E-03
           K         -2.0000000E-03
MAT[ 805 ] 
           H         -1.0500000E-01
           C         -2.5200000E-01
           N         -2.7000000E-02
           O         -6.0600000E-01
           Na        -1.0000000E-03
           P         -2.0000000E-03
           S         -3.0000000E-03
           Cl        -2.0000000E-03
           K         -2.0000000E-03
MAT[ 806 ] 
           H         -1.0500000E-01
           C         -2.5200000E-01
           N         -2.7000000E-02
           O         -6.0600000E-01
           Na        -1.0000000E-03
           P         -2.0000000E-03
           S         -3.0000000E-03
           Cl        -2.0000000E-03
           K         -2.0000000E-03
MAT[ 807 ] 
           H         -1.0500000E-01
           C         -2.5200000E-01
           N         -2.7000000E-02
           O         -6.0600000E-01
           Na        -1.0000000E-03
           P         -2.0000000E-03
           S         -3.0000000E-03
           Cl        -2.0000000E-03
           K         -2.0000000E-03
MAT[ 808 ] 
           H         -1.0500000E-01
           C         -2.5200000E-01
           N         -2.7000000E-02
           O         -6.0600000E-01
           Na        -1.0000000E-03
           P         -2.0000000E-03
           S         -3.0000000E-03
           Cl        -2.0000000E-03
           K         -2.0000000E-03
MAT[ 900 ] 
           H         -1.0200000E-01
           C         -1.1000000E-01
           N         -3.3000000E-02
           O         -7.4500000E-01
           Na        -1.0000000E-03
           P         -1.0000000E-03
           S         -2.0000000E-03
           Cl        -3.0000000E-03
           K         -2.0000000E-03
           Fe        -1.0000000E-03
MAT[ 910 ] 
           H         -1.0200000E-01
           C         -1.1000000E-01
           N         -3.3000000E-02
           O         -7.4500000E-01
           Na        -1.0000000E-03
           P         -1.0000000E-03
           S         -2.0000000E-03
           Cl        -3.0000000E-03
           K         -2.0000000E-03
           Fe        -1.0000000E-03
MAT[ 1300 ] 
           H         -3.6000000E-02
           C         -1.5900000E-01
           N         -4.2000000E-02
           O         -4.4800000E-01
           Na        -3.0000000E-03
           Mg        -2.0000000E-03
           P         -9.4000000E-02
           S         -3.0000000E-03
           Ca        -2.1300000E-01
MAT[ 1400 ] 
           H         -8.6000000E-02
           C         -3.9200000E-01
           N         -2.6000000E-02
           O         -3.9000000E-01
           Na        -1.0000000E-03
           Mg        -1.0000000E-03
           P         -3.1000000E-02
           S         -2.0000000E-03
           Cl        -1.0000000E-03
           K         -1.0000000E-03
           Ca        -6.9000000E-02
MAT[ 1500 ] 
           H         -1.1500000E-01
           C         -6.3700000E-01
           N         -7.0000000E-03
           O         -2.3800000E-01
           Na        -1.0000000E-03
           S         -1.0000000E-03
           Cl        -1.0000000E-03
MAT[ 1700 ] 
           H         -9.5000000E-02
           C         -4.9800000E-01
           N         -1.7000000E-02
           O         -3.1100000E-01
           Na        -1.0000000E-03
           P         -2.3000000E-02
           S         -2.0000000E-03
           Cl        -1.0000000E-03
           Ca        -5.2000000E-02
MAT[ 1900 ] 
           H         -3.6000000E-02
           C         -1.5900000E-01
           N         -4.2000000E-02
           O         -4.4800000E-01
           Na        -3.0000000E-03
           Mg        -2.0000000E-03
           P         -9.4000000E-02
           S         -3.0000000E-03
           Ca        -2.1300000E-01
MAT[ 2000 ] 
           H         -9.5000000E-02
           C         -4.9800000E-01
           N         -1.7000000E-02
           O         -3.1100000E-01
           Na        -1.0000000E-03
           P         -2.3000000E-02
           S         -2.0000000E-03
           Cl        -1.0000000E-03
           Ca        -5.2000000E-02
MAT[ 2100 ] 
           H         -1.1500000E-01
           C         -6.3700000E-01
           N         -7.0000000E-03
           O         -2.3800000E-01
           Na        -1.0000000E-03
           S         -1.0000000E-03
           Cl        -1.0000000E-03
MAT[ 2200 ] 
           H         -3.6000000E-02
           C         -1.5900000E-01
           N         -4.2000000E-02
           O         -4.4800000E-01
           Na        -3.0000000E-03
           Mg        -2.0000000E-03
           P         -9.4000000E-02
           S         -3.0000000E-03
           Ca        -2.1300000E-01
MAT[ 2300 ] 
           H         -9.5000000E-02
           C         -4.9800000E-01
           N         -1.7000000E-02
           O         -3.1100000E-01
           Na        -1.0000000E-03
           P         -2.3000000E-02
           S         -2.0000000E-03
           Cl        -1.0000000E-03
           Ca        -5.2000000E-02
MAT[ 2400 ] 
           H         -3.6000000E-02
           C         -1.5900000E-01
           N         -4.2000000E-02
           O         -4.4800000E-01
           Na        -3.0000000E-03
           Mg        -2.0000000E-03
           P         -9.4000000E-02
           S         -3.0000000E-03
           Ca        -2.1300000E-01
MAT[ 2500 ] 
           H         -8.5000000E-02
           C         -3.8800000E-01
           N         -2.6000000E-02
           O         -3.9200000E-01
           Na        -1.0000000E-03
           Mg        -1.0000000E-03
           P         -3.2000000E-02
           S         -2.0000000E-03
           Cl        -1.0000000E-03
           K         -1.0000000E-03
           Ca        -7.1000000E-02
MAT[ 2600 ] 
           H         -3.6000000E-02
           C         -1.5900000E-01
           N         -4.2000000E-02
           O         -4.4800000E-01
           Na        -3.0000000E-03
           Mg        -2.0000000E-03
           P         -9.4000000E-02
           S         -3.0000000E-03
           Ca        -2.1300000E-01
MAT[ 2700 ] 
           H         -7.9000000E-02
           C         -3.4500000E-01
           N         -2.9000000E-02
           O         -4.1300000E-01
           Na        -2.0000000E-03
           Mg        -1.0000000E-03
           P         -3.9000000E-02
           S         -2.0000000E-03
           Cl        -1.0000000E-03
           K         -1.0000000E-03
           Ca        -8.8000000E-02
MAT[ 2800 ] 
           H         -3.6000000E-02
           C         -1.5900000E-01
           N         -4.2000000E-02
           O         -4.4800000E-01
           Na        -3.0000000E-03
           Mg        -2.0000000E-03
           P         -9.4000000E-02
           S         -3.0000000E-03
           Ca        -2.1300000E-01
MAT[ 2900 ] 
           H         -1.0400000E-01
           C         -5.0100000E-01
           N         -1.9000000E-02
           O         -3.4200000E-01
           Na        -1.0000000E-03
           P         -9.0000000E-03
           S         -2.0000000E-03
           Cl        -1.0000000E-03
           K         -1.0000000E-03
           Ca        -2.0000000E-02
MAT[ 3000 ] 
           H         -1.1500000E-01
           C         -6.3700000E-01
           N         -7.0000000E-03
           O         -2.3800000E-01
           Na        -1.0000000E-03
           S         -1.0000000E-03
           Cl        -1.0000000E-03
MAT[ 3200 ] 
           H         -9.5000000E-02
           C         -4.9800000E-01
           N         -1.7000000E-02
           O         -3.1100000E-01
           Na        -1.0000000E-03
           P         -2.3000000E-02
           S         -2.0000000E-03
           Cl        -1.0000000E-03
           Ca        -5.2000000E-02
MAT[ 3400 ] 
           H         -3.6000000E-02
           C         -1.5900000E-01
           N         -4.2000000E-02
           O         -4.4800000E-01
           Na        -3.0000000E-03
           Mg        -2.0000000E-03
           P         -9.4000000E-02
           S         -3.0000000E-03
           Ca        -2.1300000E-01
MAT[ 3500 ] 
           H         -9.5000000E-02
           C         -4.9800000E-01
           N         -1.7000000E-02
           O         -3.1100000E-01
           Na        -1.0000000E-03
           P         -2.3000000E-02
           S         -2.0000000E-03
           Cl        -1.0000000E-03
           Ca        -5.2000000E-02
MAT[ 3600 ] 
           H         -1.1500000E-01
           C         -6.3700000E-01
           N         -7.0000000E-03
           O         -2.3800000E-01
           Na        -1.0000000E-03
           S         -1.0000000E-03
           Cl        -1.0000000E-03
MAT[ 3700 ] 
           H         -3.6000000E-02
           C         -1.5900000E-01
           N         -4.2000000E-02
           O         -4.4800000E-01
           Na        -3.0000000E-03
           Mg        -2.0000000E-03
           P         -9.4000000E-02
           S         -3.0000000E-03
           Ca        -2.1300000E-01
MAT[ 3800 ] 
           H         -9.5000000E-02
           C         -4.9800000E-01
           N         -1.7000000E-02
           O         -3.1100000E-01
           Na        -1.0000000E-03
           P         -2.3000000E-02
           S         -2.0000000E-03
           Cl        -1.0000000E-03
           Ca        -5.2000000E-02
MAT[ 3900 ] 
           H         -3.6000000E-02
           C         -1.5900000E-01
           N         -4.2000000E-02
           O         -4.4800000E-01
           Na        -3.0000000E-03
           Mg        -2.0000000E-03
           P         -9.4000000E-02
           S         -3.0000000E-03
           Ca        -2.1300000E-01
MAT[ 4000 ] 
           H         -8.6000000E-02
           C         -3.8300000E-01
           N         -2.7000000E-02
           O         -3.9800000E-01
           Na        -1.0000000E-03
           Mg        -1.0000000E-03
           P         -3.1000000E-02
           S         -2.0000000E-03
           Cl        -1.0000000E-03
           K         -1.0000000E-03
           Ca        -6.9000000E-02
MAT[ 4100 ] 
           H         -3.6000000E-02
           C         -1.5900000E-01
           N         -4.2000000E-02
           O         -4.4800000E-01
           Na        -3.0000000E-03
           Mg        -2.0000000E-03
           P         -9.4000000E-02
           S         -3.0000000E-03
           Ca        -2.1300000E-01
MAT[ 4200 ] 
           H         -9.6000000E-02
           C         -4.2200000E-01
           N         -2.5000000E-02
           O         -3.9400000E-01
           Na        -1.0000000E-03
           P         -1.8000000E-02
           S         -2.0000000E-03
           Cl        -1.0000000E-03
           K         -1.0000000E-03
           Ca        -3.9000000E-02
           Fe        -1.0000000E-03
MAT[ 4300 ] 
           H         -3.6000000E-02
           C         -1.5900000E-01
           N         -4.2000000E-02
           O         -4.4800000E-01
           Na        -3.0000000E-03
           Mg        -2.0000000E-03
           P         -9.4000000E-02
           S         -3.0000000E-03
           Ca        -2.1300000E-01
MAT[ 4400 ] 
           H         -9.8000000E-02
           C         -3.9400000E-01
           N         -2.9000000E-02
           O         -4.3100000E-01
           Na        -1.0000000E-03
           P         -1.3000000E-02
           S         -2.0000000E-03
           Cl        -2.0000000E-03
           K         -1.0000000E-03
           Ca        -2.8000000E-02
           Fe        -1.0000000E-03
MAT[ 4500 ] 
           H         -3.6000000E-02
           C         -1.5900000E-01
           N         -4.2000000E-02
           O         -4.4800000E-01
           Na        -3.0000000E-03
           Mg        -2.0000000E-03
           P         -9.4000000E-02
           S         -3.0000000E-03
           Ca        -2.1300000E-01
MAT[ 4600 ] 
           H         -9.3000000E-02
           C         -4.2600000E-01
           N         -2.4000000E-02
           O         -3.8200000E-01
           Na        -1.0000000E-03
           P         -2.2000000E-02
           S         -2.0000000E-03
           Cl        -1.0000000E-03
           K         -1.0000000E-03
           Ca        -4.8000000E-02
MAT[ 4700 ] 
           H         -3.6000000E-02
           C         -1.5900000E-01
           N         -4.2000000E-02
           O         -4.4800000E-01
           Na        -3.0000000E-03
           Mg        -2.0000000E-03
           P         -9.4000000E-02
           S         -3.0000000E-03
           Ca        -2.1300000E-01
MAT[ 4800 ] 
           H         -9.2000000E-02
           C         -3.7100000E-01
           N         -3.0000000E-02
           O         -4.3600000E-01
           Na        -1.0000000E-03
           P         -2.0000000E-02
           S         -2.0000000E-03
           Cl        -2.0000000E-03
           K         -1.0000000E-03
           Ca        -4.4000000E-02
           Fe        -1.0000000E-03
MAT[ 4900 ] 
           H         -3.6000000E-02
           C         -1.5900000E-01
           N         -4.2000000E-02
           O         -4.4800000E-01
           Na        -3.0000000E-03
           Mg        -2.0000000E-03
           P         -9.4000000E-02
           S         -3.0000000E-03
           Ca        -2.1300000E-01
MAT[ 5000 ] 
           H         -9.8000000E-02
           C         -3.9900000E-01
           N         -2.9000000E-02
           O         -4.3000000E-01
           Na        -1.0000000E-03
           P         -1.2000000E-02
           S         -2.0000000E-03
           Cl        -2.0000000E-03
           K         -1.0000000E-03
           Ca        -2.5000000E-02
           Fe        -1.0000000E-03
MAT[ 5100 ] 
           H         -3.6000000E-02
           C         -1.5900000E-01
           N         -4.2000000E-02
           O         -4.4800000E-01
           Na        -3.0000000E-03
           Mg        -2.0000000E-03
           P         -9.4000000E-02
           S         -3.0000000E-03
           Ca        -2.1300000E-01
MAT[ 5200 ] 
           H         -8.8000000E-02
           C         -3.5200000E-01
           N         -3.1000000E-02
           O         -4.4000000E-01
           Na        -1.0000000E-03
           Mg        -1.0000000E-03
           P         -2.6000000E-02
           S         -2.0000000E-03
           Cl        -1.0000000E-03
           K         -1.0000000E-03
           Ca        -5.7000000E-02
MAT[ 5300 ] 
           H         -3.6000000E-02
           C         -1.5900000E-01
           N         -4.2000000E-02
           O         -4.4800000E-01
           Na        -3.0000000E-03
           Mg        -2.0000000E-03
           P         -9.4000000E-02
           S         -3.0000000E-03
           Ca        -2.1300000E-01
MAT[ 5400 ] 
           H         -1.0200000E-01
           C         -4.1600000E-01
           N         -2.8000000E-02
           O         -4.2600000E-01
           Na        -1.0000000E-03
           P         -7.0000000E-03
           S         -2.0000000E-03
           Cl        -2.0000000E-03
           K         -1.0000000E-03
           Ca        -1.4000000E-02
           Fe        -1.0000000E-03
MAT[ 5500 ] 
           H         -3.6000000E-02
           C         -1.5900000E-01
           N         -4.2000000E-02
           O         -4.4800000E-01
           Na        -3.0000000E-03
           Mg        -2.0000000E-03
           P         -9.4000000E-02
           S         -3.0000000E-03
           Ca        -2.1300000E-01
MAT[ 5600 ] 
           H         -1.0000000E-01
           C         -4.0300000E-01
           N         -2.8000000E-02
           O         -4.2900000E-01
           Na        -1.0000000E-03
           P         -1.1000000E-02
           S         -2.0000000E-03
           Cl        -2.0000000E-03
           K         -1.0000000E-03
           Ca        -2.2000000E-02
           Fe        -1.0000000E-03
MAT[ 5700 ] 
           H         -9.6000000E-02
           C         -9.9000000E-02
           N         -2.2000000E-02
           O         -7.4400000E-01
           Na        -5.0000000E-03
           P         -2.2000000E-02
           S         -9.0000000E-03
           Cl        -3.0000000E-03
MAT[ 5800 ] 
           H         -9.6000000E-02
           C         -9.9000000E-02
           N         -2.2000000E-02
           O         -7.4400000E-01
           Na        -5.0000000E-03
           P         -2.2000000E-02
           S         -9.0000000E-03
           Cl        -3.0000000E-03
MAT[ 6100 ] 
           H         -1.0700000E-01
           C         -1.4400000E-01
           N         -2.2000000E-02
           O         -7.1300000E-01
           Na        -2.0000000E-03
           P         -4.0000000E-03
           S         -2.0000000E-03
           Cl        -3.0000000E-03
           K         -3.0000000E-03
MAT[ 6200 ] 
           H         -1.1400000E-01
           C         -5.8600000E-01
           N         -8.0000000E-03
           O         -2.8900000E-01
           Na        -1.0000000E-03
           S         -1.0000000E-03
           Cl        -1.0000000E-03
MAT[ 6300 ] 
           H         -1.0600000E-01
           C         -3.2700000E-01
           N         -3.0000000E-02
           O         -5.3200000E-01
           Na        -1.0000000E-03
           P         -1.0000000E-03
           S         -2.0000000E-03
           Cl        -1.0000000E-03
MAT[ 6400 ] 
           H         -1.1400000E-01
           C         -5.8600000E-01
           N         -8.0000000E-03
           O         -2.8900000E-01
           Na        -1.0000000E-03
           S         -1.0000000E-03
           Cl        -1.0000000E-03
MAT[ 6500 ] 
           H         -1.0600000E-01
           C         -3.2700000E-01
           N         -3.0000000E-02
           O         -5.3200000E-01
           Na        -1.0000000E-03
           P         -1.0000000E-03
           S         -2.0000000E-03
           Cl        -1.0000000E-03
MAT[ 6600 ] 
           H         -9.6000000E-02
           C         -1.9500000E-01
           N         -5.7000000E-02
           O         -6.4600000E-01
           Na        -1.0000000E-03
           P         -1.0000000E-03
           S         -3.0000000E-03
           Cl        -1.0000000E-03
MAT[ 6601 ] 
           H         -9.6000000E-02
           C         -1.9500000E-01
           N         -5.7000000E-02
           O         -6.4600000E-01
           Na        -1.0000000E-03
           P         -1.0000000E-03
           S         -3.0000000E-03
           Cl        -1.0000000E-03
MAT[ 6700 ] 
           H         -1.0100000E-01
           C         -1.2600000E-01
           N         -3.7000000E-02
           O         -7.3100000E-01
           Na        -1.0000000E-03
           P         -1.0000000E-03
           S         -2.0000000E-03
           Cl        -1.0000000E-03
MAT[ 6701 ] 
           H         -1.1200000E-01
           C         -3.0000000E-03
           N         -1.0000000E-03
           O         -8.8400000E-01
MAT[ 6702 ] 
           H         -1.1200000E-01
           C         -3.0000000E-03
           N         -1.0000000E-03
           O         -8.8400000E-01
MAT[ 6800 ] 
           H         -9.6000000E-02
           C         -1.9500000E-01
           N         -5.7000000E-02
           O         -6.4600000E-01
           Na        -1.0000000E-03
           P         -1.0000000E-03
           S         -3.0000000E-03
           Cl        -1.0000000E-03
MAT[ 6801 ] 
           H         -9.6000000E-02
           C         -1.9500000E-01
           N         -5.7000000E-02
           O         -6.4600000E-01
           Na        -1.0000000E-03
           P         -1.0000000E-03
           S         -3.0000000E-03
           Cl        -1.0000000E-03
MAT[ 6900 ] 
           H         -1.0100000E-01
           C         -1.2600000E-01
           N         -3.7000000E-02
           O         -7.3100000E-01
           Na        -1.0000000E-03
           P         -1.0000000E-03
           S         -2.0000000E-03
           Cl        -1.0000000E-03
MAT[ 6901 ] 
           H         -1.1200000E-01
           C         -3.0000000E-03
           N         -1.0000000E-03
           O         -8.8400000E-01
MAT[ 6902 ] 
           H         -1.1200000E-01
           C         -3.0000000E-03
           N         -1.0000000E-03
           O         -8.8400000E-01
MAT[ 7000 ] 
           H         -1.0500000E-01
           C         -2.5200000E-01
           N         -2.7000000E-02
           O         -6.0600000E-01
           Na        -1.0000000E-03
           P         -2.0000000E-03
           S         -3.0000000E-03
           Cl        -2.0000000E-03
           K         -2.0000000E-03
MAT[ 7100 ] 
           H         -1.0500000E-01
           C         -2.5600000E-01
           N         -2.7000000E-02
           O         -6.0200000E-01
           Na        -1.0000000E-03
           P         -2.0000000E-03
           S         -3.0000000E-03
           Cl        -2.0000000E-03
           K         -2.0000000E-03
MAT[ 7200 ] 
           H         -1.0600000E-01
           C         -1.1400000E-01
           N         -2.4000000E-02
           O         -7.5000000E-01
           Na        -1.0000000E-03
           P         -1.0000000E-03
           S         -1.0000000E-03
           Cl        -2.0000000E-03
           K         -1.0000000E-03
MAT[ 7201 ] 
           H         -1.0600000E-01
           C         -1.1400000E-01
           N         -2.4000000E-02
           O         -7.5000000E-01
           Na        -1.0000000E-03
           P         -1.0000000E-03
           S         -1.0000000E-03
           Cl        -2.0000000E-03
           K         -1.0000000E-03
MAT[ 7202 ] 
           H         -1.0600000E-01
           C         -1.1400000E-01
           N         -2.4000000E-02
           O         -7.5000000E-01
           Na        -1.0000000E-03
           P         -1.0000000E-03
           S         -1.0000000E-03
           Cl        -2.0000000E-03
           K         -1.0000000E-03
MAT[ 7203 ] 
           H         -1.0600000E-01
           C         -1.1400000E-01
           N         -2.4000000E-02
           O         -7.5000000E-01
           Na        -1.0000000E-03
           P         -1.0000000E-03
           S         -1.0000000E-03
           Cl        -2.0000000E-03
           K         -1.0000000E-03
MAT[ 7300 ] 
           H         -1.0000000E-01
           C         -2.2200000E-01
           N         -2.2000000E-02
           O         -6.4400000E-01
           Na        -1.0000000E-03
           P         -2.0000000E-03
           S         -3.0000000E-03
           Cl        -1.0000000E-03
           K         -4.0000000E-03
           Ca        -1.0000000E-03
MAT[ 7400 ] 
           H         -1.0500000E-01
           C         -1.1400000E-01
           N         -2.5000000E-02
           O         -7.5000000E-01
           Na        -1.0000000E-03
           P         -1.0000000E-03
           S         -1.0000000E-03
           Cl        -2.0000000E-03
           K         -1.0000000E-03
MAT[ 7401 ] 
           H         -1.0500000E-01
           C         -1.1400000E-01
           N         -2.5000000E-02
           O         -7.5000000E-01
           Na        -1.0000000E-03
           P         -1.0000000E-03
           S         -1.0000000E-03
           Cl        -2.0000000E-03
           K         -1.0000000E-03
MAT[ 7402 ] 
           H         -1.0500000E-01
           C         -1.1400000E-01
           N         -2.5000000E-02
           O         -7.5000000E-01
           Na        -1.0000000E-03
           P         -1.0000000E-03
           S         -1.0000000E-03
           Cl        -2.0000000E-03
           K         -1.0000000E-03
MAT[ 7403 ] 
           H         -1.0500000E-01
           C         -1.1400000E-01
           N         -2.5000000E-02
           O         -7.5000000E-01
           Na        -1.0000000E-03
           P         -1.0000000E-03
           S         -1.0000000E-03
           Cl        -2.0000000E-03
           K         -1.0000000E-03
MAT[ 7500 ] 
           H         -1.0000000E-01
           C         -2.2200000E-01
           N         -2.2000000E-02
           O         -6.4400000E-01
           Na        -1.0000000E-03
           P         -2.0000000E-03
           S         -3.0000000E-03
           Cl        -1.0000000E-03
           K         -4.0000000E-03
           Ca        -1.0000000E-03
MAT[ 7501 ] 
           H         -1.0000000E-01
           C         -2.2200000E-01
           N         -2.2000000E-02
           O         -6.4400000E-01
           Na        -1.0000000E-03
           P         -2.0000000E-03
           S         -3.0000000E-03
           Cl        -1.0000000E-03
           K         -4.0000000E-03
           Ca        -1.0000000E-03
MAT[ 7600 ] 
           H         -1.0500000E-01
           C         -1.1400000E-01
           N         -2.5000000E-02
           O         -7.5000000E-01
           Na        -1.0000000E-03
           P         -1.0000000E-03
           S         -1.0000000E-03
           Cl        -2.0000000E-03
           K         -1.0000000E-03
MAT[ 7601 ] 
           H         -1.0500000E-01
           C         -1.1400000E-01
           N         -2.5000000E-02
           O         -7.5000000E-01
           Na        -1.0000000E-03
           P         -1.0000000E-03
           S         -1.0000000E-03
           Cl        -2.0000000E-03
           K         -1.0000000E-03
MAT[ 7602 ] 
           H         -1.0500000E-01
           C         -1.1400000E-01
           N         -2.5000000E-02
           O         -7.5000000E-01
           Na        -1.0000000E-03
           P         -1.0000000E-03
           S         -1.0000000E-03
           Cl        -2.0000000E-03
           K         -1.0000000E-03
MAT[ 7700 ] 
           H         -1.0000000E-01
           C         -2.2200000E-01
           N         -2.2000000E-02
           O         -6.4400000E-01
           Na        -1.0000000E-03
           P         -2.0000000E-03
           S         -3.0000000E-03
           Cl        -1.0000000E-03
           K         -4.0000000E-03
           Ca        -1.0000000E-03
MAT[ 7800 ] 
           H         -1.0500000E-01
           C         -1.1400000E-01
           N         -2.5000000E-02
           O         -7.5000000E-01
           Na        -1.0000000E-03
           P         -1.0000000E-03
           S         -1.0000000E-03
           Cl        -2.0000000E-03
           K         -1.0000000E-03
MAT[ 7801 ] 
           H         -1.0500000E-01
           C         -1.1400000E-01
           N         -2.5000000E-02
           O         -7.5000000E-01
           Na        -1.0000000E-03
           P         -1.0000000E-03
           S         -1.0000000E-03
           Cl        -2.0000000E-03
           K         -1.0000000E-03
MAT[ 7802 ] 
           H         -1.0500000E-01
           C         -1.1400000E-01
           N         -2.5000000E-02
           O         -7.5000000E-01
           Na        -1.0000000E-03
           P         -1.0000000E-03
           S         -1.0000000E-03
           Cl        -2.0000000E-03
           K         -1.0000000E-03
MAT[ 7900 ] 
           H         -1.0000000E-01
           C         -2.2200000E-01
           N         -2.2000000E-02
           O         -6.4400000E-01
           Na        -1.0000000E-03
           P         -2.0000000E-03
           S         -3.0000000E-03
           Cl        -1.0000000E-03
           K         -4.0000000E-03
           Ca        -1.0000000E-03
MAT[ 8000 ] 
           H         -1.0500000E-01
           C         -1.1400000E-01
           N         -2.5000000E-02
           O         -7.5000000E-01
           Na        -1.0000000E-03
           P         -1.0000000E-03
           S         -1.0000000E-03
           Cl        -2.0000000E-03
           K         -1.0000000E-03
MAT[ 8001 ] 
           H         -1.0500000E-01
           C         -1.1400000E-01
           N         -2.5000000E-02
           O         -7.5000000E-01
           Na        -1.0000000E-03
           P         -1.0000000E-03
           S         -1.0000000E-03
           Cl        -2.0000000E-03
           K         -1.0000000E-03
MAT[ 8002 ] 
           H         -1.0500000E-01
           C         -1.1400000E-01
           N         -2.5000000E-02
           O         -7.5000000E-01
           Na        -1.0000000E-03
           P         -1.0000000E-03
           S         -1.0000000E-03
           Cl        -2.0000000E-03
           K         -1.0000000E-03
MAT[ 8100 ] 
           H         -1.0000000E-01
           C         -2.2200000E-01
           N         -2.2000000E-02
           O         -6.4400000E-01
           Na        -1.0000000E-03
           P         -2.0000000E-03
           S         -3.0000000E-03
           Cl        -1.0000000E-03
           K         -4.0000000E-03
           Ca        -1.0000000E-03
MAT[ 8200 ] 
           H         -1.0500000E-01
           C         -1.1400000E-01
           N         -2.5000000E-02
           O         -7.5000000E-01
           Na        -1.0000000E-03
           P         -1.0000000E-03
           S         -1.0000000E-03
           Cl        -2.0000000E-03
           K         -1.0000000E-03
MAT[ 8201 ] 
           H         -1.0500000E-01
           C         -1.1400000E-01
           N         -2.5000000E-02
           O         -7.5000000E-01
           Na        -1.0000000E-03
           P         -1.0000000E-03
           S         -1.0000000E-03
           Cl        -2.0000000E-03
           K         -1.0000000E-03
MAT[ 8202 ] 
           H         -1.0500000E-01
           C         -1.1400000E-01
           N         -2.5000000E-02
           O         -7.5000000E-01
           Na        -1.0000000E-03
           P         -1.0000000E-03
           S         -1.0000000E-03
           Cl        -2.0000000E-03
           K         -1.0000000E-03
MAT[ 8300 ] 
           H         -1.0000000E-01
           C         -2.2200000E-01
           N         -2.2000000E-02
           O         -6.4400000E-01
           Na        -1.0000000E-03
           P         -2.0000000E-03
           S         -3.0000000E-03
           Cl        -1.0000000E-03
           K         -4.0000000E-03
           Ca        -1.0000000E-03
MAT[ 8400 ] 
           H         -1.0500000E-01
           C         -1.1400000E-01
           N         -2.5000000E-02
           O         -7.5000000E-01
           Na        -1.0000000E-03
           P         -1.0000000E-03
           S         -1.0000000E-03
           Cl        -2.0000000E-03
           K         -1.0000000E-03
MAT[ 8401 ] 
           H         -1.0500000E-01
           C         -1.1400000E-01
           N         -2.5000000E-02
           O         -7.5000000E-01
           Na        -1.0000000E-03
           P         -1.0000000E-03
           S         -1.0000000E-03
           Cl        -2.0000000E-03
           K         -1.0000000E-03
MAT[ 8402 ] 
           H         -1.0500000E-01
           C         -1.1400000E-01
           N         -2.5000000E-02
           O         -7.5000000E-01
           Na        -1.0000000E-03
           P         -1.0000000E-03
           S         -1.0000000E-03
           Cl        -2.0000000E-03
           K         -1.0000000E-03
MAT[ 8500 ] 
           H         -1.0000000E-01
           C         -2.2200000E-01
           N         -2.2000000E-02
           O         -6.4400000E-01
           Na        -1.0000000E-03
           P         -2.0000000E-03
           S         -3.0000000E-03
           Cl        -1.0000000E-03
           K         -4.0000000E-03
           Ca        -1.0000000E-03
MAT[ 8600 ] 
           H         -1.0500000E-01
           C         -1.1400000E-01
           N         -2.5000000E-02
           O         -7.5000000E-01
           Na        -1.0000000E-03
           P         -1.0000000E-03
           S         -1.0000000E-03
           Cl        -2.0000000E-03
           K         -1.0000000E-03
MAT[ 8700 ] 
           H         -1.0400000E-01
           C         -1.3500000E-01
           N         -2.9000000E-02
           O         -7.2200000E-01
           Na        -1.0000000E-03
           P         -2.0000000E-03
           S         -2.0000000E-03
           Cl        -2.0000000E-03
           K         -3.0000000E-03
MAT[ 8800 ] 
           H         -1.0200000E-01
           C         -1.1000000E-01
           N         -3.3000000E-02
           O         -7.4500000E-01
           Na        -1.0000000E-03
           P         -1.0000000E-03
           S         -2.0000000E-03
           Cl        -3.0000000E-03
           K         -2.0000000E-03
           Fe        -1.0000000E-03
MAT[ 8900 ] 
           H         -1.0300000E-01
           C         -1.2700000E-01
           N         -3.0000000E-02
           O         -7.2900000E-01
           Na        -2.0000000E-03
           P         -2.0000000E-03
           S         -2.0000000E-03
           Cl        -2.0000000E-03
           K         -2.0000000E-03
           Ca        -1.0000000E-03
MAT[ 9000 ] 
           H         -1.0300000E-01
           C         -1.2700000E-01
           N         -3.0000000E-02
           O         -7.2900000E-01
           Na        -2.0000000E-03
           P         -2.0000000E-03
           S         -2.0000000E-03
           Cl        -2.0000000E-03
           K         -2.0000000E-03
           Ca        -1.0000000E-03
MAT[ 9100 ] 
           H         -1.0300000E-01
           C         -1.2700000E-01
           N         -3.0000000E-02
           O         -7.2900000E-01
           Na        -2.0000000E-03
           P         -2.0000000E-03
           S         -2.0000000E-03
           Cl        -2.0000000E-03
           K         -2.0000000E-03
           Ca        -1.0000000E-03
MAT[ 9200 ] 
           H         -1.0300000E-01
           C         -1.2700000E-01
           N         -3.0000000E-02
           O         -7.2900000E-01
           Na        -2.0000000E-03
           P         -2.0000000E-03
           S         -2.0000000E-03
           Cl        -2.0000000E-03
           K         -2.0000000E-03
           Ca        -1.0000000E-03
MAT[ 9300 ] 
           H         -1.0300000E-01
           C         -1.2700000E-01
           N         -3.0000000E-02
           O         -7.2900000E-01
           Na        -2.0000000E-03
           P         -2.0000000E-03
           S         -2.0000000E-03
           Cl        -2.0000000E-03
           K         -2.0000000E-03
           Ca        -1.0000000E-03
MAT[ 9400 ] 
           H         -1.0300000E-01
           C         -1.2700000E-01
           N         -3.0000000E-02
           O         -7.2900000E-01
           Na        -2.0000000E-03
           P         -2.0000000E-03
           S         -2.0000000E-03
           Cl        -2.0000000E-03
           K         -2.0000000E-03
           Ca        -1.0000000E-03
MAT[ 9500 ] 
           H         -1.0200000E-01
           C         -1.3200000E-01
           N         -3.1000000E-02
           O         -7.2300000E-01
           Na        -2.0000000E-03
           P         -2.0000000E-03
           S         -3.0000000E-03
           Cl        -2.0000000E-03
           K         -3.0000000E-03
MAT[ 9700 ] 
           H         -1.0200000E-01
           C         -1.0800000E-01
           N         -3.2000000E-02
           O         -7.4800000E-01
           Na        -1.0000000E-03
           P         -1.0000000E-03
           S         -2.0000000E-03
           Cl        -3.0000000E-03
           K         -2.0000000E-03
           Fe        -1.0000000E-03
MAT[ 9900 ] 
           H         -1.0200000E-01
           C         -1.0800000E-01
           N         -3.2000000E-02
           O         -7.4800000E-01
           Na        -1.0000000E-03
           P         -1.0000000E-03
           S         -2.0000000E-03
           Cl        -3.0000000E-03
           K         -2.0000000E-03
           Fe        -1.0000000E-03
MAT[ 10000 ] 
           H         -1.0800000E-01
           C         -4.5000000E-02
           N         -1.2000000E-02
           O         -8.2700000E-01
           Na        -3.0000000E-03
           S         -1.0000000E-03
           Cl        -4.0000000E-03
MAT[ 10100 ] 
           H         -1.0800000E-01
           C         -4.5000000E-02
           N         -1.2000000E-02
           O         -8.2700000E-01
           Na        -3.0000000E-03
           S         -1.0000000E-03
           Cl        -4.0000000E-03
MAT[ 10200 ] 
           H         -1.0800000E-01
           C         -4.5000000E-02
           N         -1.2000000E-02
           O         -8.2700000E-01
           Na        -3.0000000E-03
           S         -1.0000000E-03
           Cl        -4.0000000E-03
MAT[ 10300 ] 
           H         -1.0800000E-01
           C         -4.5000000E-02
           N         -1.2000000E-02
           O         -8.2700000E-01
           Na        -3.0000000E-03
           S         -1.0000000E-03
           Cl        -4.0000000E-03
MAT[ 10400 ] 
           H         -1.0800000E-01
           C         -4.5000000E-02
           N         -1.2000000E-02
           O         -8.2700000E-01
           Na        -3.0000000E-03
           S         -1.0000000E-03
           Cl        -4.0000000E-03
MAT[ 10500 ] 
           H         -1.0800000E-01
           C         -4.5000000E-02
           N         -1.2000000E-02
           O         -8.2700000E-01
           Na        -3.0000000E-03
           S         -1.0000000E-03
           Cl        -4.0000000E-03
MAT[ 10600 ] 
           H         -1.0200000E-01
           C         -1.4200000E-01
           N         -3.4000000E-02
           O         -7.1100000E-01
           Na        -1.0000000E-03
           P         -2.0000000E-03
           S         -3.0000000E-03
           Cl        -1.0000000E-03
           K         -4.0000000E-03
MAT[ 11000 ] 
           H         -1.0500000E-01
           C         -2.2800000E-01
           N         -2.8000000E-02
           O         -6.2900000E-01
           Na        -1.0000000E-03
           P         -2.0000000E-03
           S         -3.0000000E-03
           Cl        -2.0000000E-03
           K         -2.0000000E-03
MAT[ 11001 ] 
           H         -1.0500000E-01
           C         -2.2800000E-01
           N         -2.8000000E-02
           O         -6.2900000E-01
           Na        -1.0000000E-03
           P         -2.0000000E-03
           S         -3.0000000E-03
           Cl        -2.0000000E-03
           K         -2.0000000E-03
MAT[ 11002 ] 
           H         -1.0500000E-01
           C         -2.2800000E-01
           N         -2.8000000E-02
           O         -6.2900000E-01
           Na        -1.0000000E-03
           P         -2.0000000E-03
           S         -3.0000000E-03
           Cl        -2.0000000E-03
           K         -2.0000000E-03
MAT[ 11003 ] 
           H         -1.0000000E-01
           C         -2.2200000E-01
           N         -2.2000000E-02
           O         -6.4400000E-01
           Na        -1.0000000E-03
           P         -2.0000000E-03
           S         -3.0000000E-03
           Cl        -1.0000000E-03
           K         -4.0000000E-03
           Ca        -1.0000000E-03
MAT[ 11100 ] 
           H         -1.0500000E-01
           C         -9.5000000E-02
           N         -2.5000000E-02
           O         -7.6500000E-01
           Na        -2.0000000E-03
           P         -2.0000000E-03
           S         -2.0000000E-03
           Cl        -2.0000000E-03
           K         -2.0000000E-03
MAT[ 11200 ] 
           H         -1.0500000E-01
           C         -9.5000000E-02
           N         -2.5000000E-02
           O         -7.6500000E-01
           Na        -2.0000000E-03
           P         -2.0000000E-03
           S         -2.0000000E-03
           Cl        -2.0000000E-03
           K         -2.0000000E-03
MAT[ 11300 ] 
           H         -1.0500000E-01
           C         -1.5900000E-01
           N         -2.4000000E-02
           O         -7.0300000E-01
           Na        -2.0000000E-03
           P         -2.0000000E-03
           S         -1.0000000E-03
           Cl        -2.0000000E-03
           K         -2.0000000E-03
MAT[ 11400 ] 
           H         -1.0500000E-01
           C         -2.5200000E-01
           N         -2.7000000E-02
           O         -6.0600000E-01
           Na        -1.0000000E-03
           P         -2.0000000E-03
           S         -3.0000000E-03
           Cl        -2.0000000E-03
           K         -2.0000000E-03
MAT[ 11600 ] 
           H         -1.1200000E-01
           C         -5.4500000E-01
           N         -1.0000000E-02
           O         -3.2900000E-01
           Na        -1.0000000E-03
           P         -1.0000000E-03
           S         -1.0000000E-03
           Cl        -1.0000000E-03
MAT[ 12000 ] 
           H         -1.0500000E-01
           C         -2.5200000E-01
           N         -2.7000000E-02
           O         -6.0600000E-01
           Na        -1.0000000E-03
           P         -2.0000000E-03
           S         -3.0000000E-03
           Cl        -2.0000000E-03
           K         -2.0000000E-03
MAT[ 12100 ] 
           H         -1.0500000E-01
           C         -2.5200000E-01
           N         -2.7000000E-02
           O         -6.0600000E-01
           Na        -1.0000000E-03
           P         -2.0000000E-03
           S         -3.0000000E-03
           Cl        -2.0000000E-03
           K         -2.0000000E-03
MAT[ 12200 ] 
           H         -1.0000000E-01
           C         -1.9900000E-01
           N         -4.2000000E-02
           O         -6.5000000E-01
           Na        -2.0000000E-03
           P         -1.0000000E-03
           S         -2.0000000E-03
           Cl        -3.0000000E-03
           K         -1.0000000E-03
MAT[ 12201 ] 
           H         -1.0000000E-01
           C         -1.9900000E-01
           N         -4.2000000E-02
           O         -6.5000000E-01
           Na        -2.0000000E-03
           P         -1.0000000E-03
           S         -2.0000000E-03
           Cl        -3.0000000E-03
           K         -1.0000000E-03
MAT[ 12600 ] 
           H         -1.0500000E-01
           C         -2.5200000E-01
           N         -2.7000000E-02
           O         -6.0600000E-01
           Na        -1.0000000E-03
           P         -2.0000000E-03
           S         -3.0000000E-03
           Cl        -2.0000000E-03
           K         -2.0000000E-03
MAT[ 12700 ] 
           H         -1.0300000E-01
           C         -1.1200000E-01
           N         -3.2000000E-02
           O         -7.4200000E-01
           Na        -1.0000000E-03
           P         -3.0000000E-03
           S         -2.0000000E-03
           Cl        -2.0000000E-03
           K         -3.0000000E-03
MAT[ 12800 ] 
           H         -2.3000000E-02
           C         -9.5000000E-02
           N         -2.9000000E-02
           O         -4.2600000E-01
           Mg        -7.0000000E-03
           P         -1.3500000E-01
           Ca        -2.8500000E-01
MAT[ 12801 ] 
           H         -1.0000000E-01
           C         -2.2200000E-01
           N         -2.2000000E-02
           O         -6.4400000E-01
           Na        -1.0000000E-03
           P         -2.0000000E-03
           S         -3.0000000E-03
           Cl        -1.0000000E-03
           K         -4.0000000E-03
           Ca        -1.0000000E-03
MAT[ 13100 ] 
           H         -1.0500000E-01
           C         -2.5200000E-01
           N         -2.7000000E-02
           O         -6.0600000E-01
           Na        -1.0000000E-03
           P         -2.0000000E-03
           S         -3.0000000E-03
           Cl        -2.0000000E-03
           K         -2.0000000E-03
MAT[ 13200 ] 
           H         -1.0400000E-01
           C         -1.1800000E-01
           N         -2.5000000E-02
           O         -7.4500000E-01
           Na        -2.0000000E-03
           P         -1.0000000E-03
           S         -1.0000000E-03
           Cl        -2.0000000E-03
           K         -1.0000000E-03
           I         -1.0000000E-03
MAT[ 13300 ] 
           H         -1.0200000E-01
           C         -1.4200000E-01
           N         -3.4000000E-02
           O         -7.1100000E-01
           Na        -1.0000000E-03
           P         -2.0000000E-03
           S         -3.0000000E-03
           Cl        -1.0000000E-03
           K         -4.0000000E-03
MAT[ 13301 ] 
           H         -1.0200000E-01
           C         -1.4200000E-01
           N         -3.4000000E-02
           O         -7.1100000E-01
           Na        -1.0000000E-03
           P         -2.0000000E-03
           S         -3.0000000E-03
           Cl        -1.0000000E-03
           K         -4.0000000E-03
MAT[ 13400 ] 
           H         -1.0500000E-01
           C         -2.5200000E-01
           N         -2.7000000E-02
           O         -6.0600000E-01
           Na        -1.0000000E-03
           P         -2.0000000E-03
           S         -3.0000000E-03
           Cl        -2.0000000E-03
           K         -2.0000000E-03
MAT[ 13500 ] 
           H         -1.0500000E-01
           C         -2.5200000E-01
           N         -2.7000000E-02
           O         -6.0600000E-01
           Na        -1.0000000E-03
           P         -2.0000000E-03
           S         -3.0000000E-03
           Cl        -2.0000000E-03
           K         -2.0000000E-03
MAT[ 13600 ] 
           H         -1.0500000E-01
           C         -2.5200000E-01
           N         -2.7000000E-02
           O         -6.0600000E-01
           Na        -1.0000000E-03
           P         -2.0000000E-03
           S         -3.0000000E-03
           Cl        -2.0000000E-03
           K         -2.0000000E-03
MAT[ 13700 ] 
           H         -1.0500000E-01
           C         -9.6000000E-02
           N         -2.6000000E-02
           O         -7.6100000E-01
           Na        -2.0000000E-03
           P         -2.0000000E-03
           S         -2.0000000E-03
           Cl        -3.0000000E-03
           K         -3.0000000E-03
MAT[ 13701 ] 
           H         -1.0500000E-01
           C         -9.6000000E-02
           N         -2.6000000E-02
           O         -7.6100000E-01
           Na        -2.0000000E-03
           P         -2.0000000E-03
           S         -2.0000000E-03
           Cl        -3.0000000E-03
           K         -3.0000000E-03
MAT[ 13800 ] 
           H         -1.0700000E-01
           C         -3.0000000E-03
           N         -1.0000000E-02
           O         -8.7300000E-01
           Na        -4.0000000E-03
           P         -1.0000000E-03
           K         -2.0000000E-03
MAT[ 13900 ] 
           H         -1.0600000E-01
           C         -3.1000000E-01
           N         -2.4000000E-02
           O         -5.5200000E-01
           Na        -1.0000000E-03
           P         -2.0000000E-03
           S         -2.0000000E-03
           Cl        -1.0000000E-03
           K         -2.0000000E-03
MAT[ 14000 ] 
           N         -8.0000000E-01
           O         -2.0000000E-01

[ Cell ]
 1           0                 -20  u=15000  lat=3 
                              tfile=../phantoms/F_H150W55
 2           0                 -10  fill=15000
 3           0                 -20 10 
 4           0                 -90 20 
 5          -1                 90 
 100       100 -1.0350000E+00  -90  u=100  vol=5.8661300000 
 200       200 -1.0350000E+00  -90  u=200  vol=7.4427200000 
 300       300 -1.0310000E+00  -90  u=300  vol=0.0076862600 
 301       301 -1.0310000E+00  -90  u=301  vol=0.0310058000 
 302       302 -1.0310000E+00  -90  u=302  vol=0.0097756600 
 303       303 -1.0310000E+00  -90  u=303  vol=3.9240100000 
 400       400 -1.0000000E+00  -90  u=400  vol=0.0958725000 
 401       401 -1.0310000E+00  -90  u=401  vol=0.2569950000 
 402       402 -1.0310000E+00  -90  u=402  vol=0.0645549000 
 403       403 -1.0310000E+00  -90  u=403  vol=0.0323478000 
 404       404 -1.0310000E+00  -90  u=404  vol=0.0647071000 
 405       405 -1.0310000E+00  -90  u=405  vol=12.6543000000 
 500       500 -1.0500000E+00  -90  u=500  vol=0.0575956000 
 501       501 -1.0500000E+00  -90  u=501  vol=0.0141213000 
 600       600 -1.0500000E+00  -90  u=600  vol=0.0164549000 
 700       700 -1.0310000E+00  -90  u=700  vol=7.0908100000 
 800       800 -1.0000000E+00  -90  u=800  vol=0.0091159900 
 801       801 -1.0310000E+00  -90  u=801  vol=0.0109138000 
 802       802 -1.0310000E+00  -90  u=802  vol=0.0182311000 
 803       803 -1.0310000E+00  -90  u=803  vol=0.0457963000 
 804       804 -1.0310000E+00  -90  u=804  vol=0.0092004100 
 805       805 -1.0310000E+00  -90  u=805  vol=0.0184440000 
 806       806 -1.0310000E+00  -90  u=806  vol=0.0184958000 
 807       807 -1.0310000E+00  -90  u=807  vol=0.0185483000 
 808       808 -1.0310000E+00  -90  u=808  vol=1.0185600000 
 900       900 -1.0600000E+00  -90  u=900  vol=205.2360000000 
 910       910 -1.0600000E+00  -90  u=910  vol=615.6540000000 
 1300     1300 -1.9040000E+00  -90  u=1300  vol=101.5020000000 
 1400     1400 -1.1850000E+00  -90  u=1400  vol=80.9649000000 
 1500     1500 -9.8100000E-01  -90  u=1500  vol=37.2340000000 
 1700     1700 -1.1170000E+00  -90  u=1700  vol=40.0805000000 
 1900     1900 -1.9040000E+00  -90  u=1900  vol=73.3084000000 
 2000     2000 -1.1170000E+00  -90  u=2000  vol=69.2802000000 
 2100     2100 -9.8100000E-01  -90  u=2100  vol=30.9321000000 
 2200     2200 -1.9040000E+00  -90  u=2200  vol=49.1807000000 
 2300     2300 -1.1170000E+00  -90  u=2300  vol=55.3078000000 
 2400     2400 -1.9040000E+00  -90  u=2400  vol=15.3687000000 
 2500     2500 -1.1920000E+00  -90  u=2500  vol=29.0108000000 
 2600     2600 -1.9040000E+00  -90  u=2600  vol=202.5020000000 
 2700     2700 -1.2520000E+00  -90  u=2700  vol=294.6690000000 
 2800     2800 -1.9040000E+00  -90  u=2800  vol=216.3910000000 
 2900     2900 -1.0460000E+00  -90  u=2900  vol=196.1550000000 
 3000     3000 -9.8100000E-01  -90  u=3000  vol=82.7380000000 
 3200     3200 -1.1170000E+00  -90  u=3200  vol=129.3050000000 
 3400     3400 -1.9040000E+00  -90  u=3400  vol=259.4220000000 
 3500     3500 -1.1170000E+00  -90  u=3500  vol=452.1530000000 
 3600     3600 -9.8100000E-01  -90  u=3600  vol=82.6173000000 
 3700     3700 -1.9040000E+00  -90  u=3700  vol=87.3053000000 
 3800     3800 -1.1170000E+00  -90  u=3800  vol=220.7760000000 
 3900     3900 -1.9040000E+00  -90  u=3900  vol=21.8587000000 
 4000     4000 -1.1890000E+00  -90  u=4000  vol=25.7703000000 
 4100     4100 -1.9040000E+00  -90  u=4100  vol=122.7790000000 
 4200     4200 -1.1050000E+00  -90  u=4200  vol=367.2390000000 
 4300     4300 -1.9040000E+00  -90  u=4300  vol=76.9472000000 
 4400     4400 -1.0870000E+00  -90  u=4400  vol=227.2420000000 
 4500     4500 -1.9040000E+00  -90  u=4500  vol=56.9247000000 
 4600     4600 -1.1250000E+00  -90  u=4600  vol=76.5884000000 
 4700     4700 -1.9040000E+00  -90  u=4700  vol=34.2916000000 
 4800     4800 -1.1290000E+00  -90  u=4800  vol=61.0094000000 
 4900     4900 -1.9040000E+00  -90  u=4900  vol=96.2866000000 
 5000     5000 -1.0800000E+00  -90  u=5000  vol=224.2530000000 
 5100     5100 -1.9040000E+00  -90  u=5100  vol=73.0589000000 
 5200     5200 -1.1650000E+00  -90  u=5200  vol=202.5860000000 
 5300     5300 -1.9040000E+00  -90  u=5300  vol=37.5366000000 
 5400     5400 -1.0520000E+00  -90  u=5400  vol=131.0980000000 
 5500     5500 -1.9040000E+00  -90  u=5500  vol=0.7883860000 
 5600     5600 -1.0730000E+00  -90  u=5600  vol=42.6230000000 
 5700     5700 -1.0990000E+00  -90  u=5700  vol=34.0061000000 
 5800     5800 -1.0990000E+00  -90  u=5800  vol=56.2776000000 
 6100     6100 -1.0410000E+00  -90  u=6100  vol=1225.9900000000 
 6200     6200 -9.5200000E-01  -90  u=6200  vol=154.5390000000 
 6300     6300 -1.0210000E+00  -90  u=6300  vol=89.4109000000 
 6400     6400 -9.5200000E-01  -90  u=6400  vol=154.5940000000 
 6500     6500 -1.0210000E+00  -90  u=6500  vol=89.4109000000 
 6600     6600 -1.0600000E+00  -90  u=6600  vol=0.0341726000 
 6601     6601 -1.0600000E+00  -90  u=6601  vol=0.1663140000 
 6700     6700 -1.0870000E+00  -90  u=6700  vol=0.9426810000 
 6701     6701 -1.0140000E+00  -90  u=6701  vol=0.2794950000 
 6702     6702 -1.0190000E+00  -90  u=6702  vol=5.5307600000 
 6800     6800 -1.0600000E+00  -90  u=6800  vol=0.0341675000 
 6801     6801 -1.0600000E+00  -90  u=6801  vol=0.1662910000 
 6900     6900 -1.0870000E+00  -90  u=6900  vol=0.9425530000 
 6901     6901 -1.0140000E+00  -90  u=6901  vol=0.2794560000 
 6902     6902 -1.0190000E+00  -90  u=6902  vol=5.5300200000 
 7000     7000 -1.0310000E+00  -90  u=7000  vol=7.0850500000 
 7100     7100 -1.0300000E+00  -90  u=7100  vol=41.5081000000 
 7200     7200 -1.0360000E+00  -90  u=7200  vol=1.3420400000 
 7201     7201 -1.0360000E+00  -90  u=7201  vol=0.8973320000 
 7202     7202 -1.0360000E+00  -90  u=7202  vol=4.5189700000 
 7203     7203 -1.0360000E+00  -90  u=7203  vol=141.8680000000 
 7300     7300 -1.0400000E+00  -90  u=7300  vol=196.9810000000 
 7400     7400 -1.0360000E+00  -90  u=7400  vol=10.6103000000 
 7401     7401 -1.0360000E+00  -90  u=7401  vol=1.6521200000 
 7402     7402 -1.0360000E+00  -90  u=7402  vol=4.1534400000 
 7403     7403 -1.0360000E+00  -90  u=7403  vol=633.3510000000 
 7500     7500 -1.0400000E+00  -90  u=7500  vol=38.7338000000 
 7501     7501 -1.0400000E+00  -90  u=7501  vol=201.0690000000 
 7600     7600 -1.0360000E+00  -90  u=7600  vol=3.8266000000 
 7601     7601 -1.0360000E+00  -90  u=7601  vol=0.2767460000 
 7602     7602 -1.0360000E+00  -90  u=7602  vol=92.6666000000 
 7700     7700 -1.0400000E+00  -90  u=7700  vol=85.6497000000 
 7800     7800 -1.0360000E+00  -90  u=7800  vol=3.1639900000 
 7801     7801 -1.0360000E+00  -90  u=7801  vol=0.2289610000 
 7802     7802 -1.0360000E+00  -90  u=7802  vol=55.7522000000 
 7900     7900 -1.0400000E+00  -90  u=7900  vol=51.3819000000 
 8000     8000 -1.0360000E+00  -90  u=8000  vol=1.8879700000 
 8001     8001 -1.0360000E+00  -90  u=8001  vol=0.1375610000 
 8002     8002 -1.0360000E+00  -90  u=8002  vol=57.1110000000 
 8100     8100 -1.0400000E+00  -90  u=8100  vol=25.6974000000 
 8200     8200 -1.0360000E+00  -90  u=8200  vol=2.5970900000 
 8201     8201 -1.0360000E+00  -90  u=8201  vol=0.1887500000 
 8202     8202 -1.0360000E+00  -90  u=8202  vol=93.9875000000 
 8300     8300 -1.0400000E+00  -90  u=8300  vol=42.8244000000 
 8400     8400 -1.0360000E+00  -90  u=8400  vol=3.6298800000 
 8401     8401 -1.0360000E+00  -90  u=8401  vol=0.2630150000 
 8402     8402 -1.0360000E+00  -90  u=8402  vol=44.4756000000 
 8500     8500 -1.0400000E+00  -90  u=8500  vol=68.5090000000 
 8600     8600 -1.0360000E+00  -90  u=8600  vol=26.8822000000 
 8700     8700 -1.0510000E+00  -90  u=8700  vol=246.5120000000 
 8800     8800 -1.0600000E+00  -90  u=8800  vol=310.9030000000 
 8900     8900 -1.0520000E+00  -90  u=8900  vol=126.2310000000 
 9000     9000 -1.0520000E+00  -90  u=9000  vol=31.7002000000 
 9100     9100 -1.0520000E+00  -90  u=9100  vol=6.3451400000 
 9200     9200 -1.0520000E+00  -90  u=9200  vol=105.9580000000 
 9300     9300 -1.0520000E+00  -90  u=9300  vol=26.6190000000 
 9400     9400 -1.0520000E+00  -90  u=9400  vol=5.3272000000 
 9500     9500 -1.0600000E+00  -90  u=9500  vol=1520.9000000000 
 9700     9700 -4.1300000E-01  -90  u=9700  vol=921.4390000000 
 9900     9900 -4.1300000E-01  -90  u=9900  vol=1126.8900000000 
 10000   10000 -1.0320000E+00  -90  u=10000  vol=11.3663000000 
 10100   10100 -1.0320000E+00  -90  u=10100  vol=10.9571000000 
 10200   10200 -1.0320000E+00  -90  u=10200  vol=3.8550000000 
 10300   10300 -1.0320000E+00  -90  u=10300  vol=89.2084000000 
 10400   10400 -1.0320000E+00  -90  u=10400  vol=7.5704300000 
 10500   10500 -1.0320000E+00  -90  u=10500  vol=7.4210800000 
 10600   10600 -1.0500000E+00  -90  u=10600  vol=15071.0000000000 
 11000   11000 -1.0360000E+00  -90  u=11000  vol=1.6099000000 
 11001   11001 -1.0360000E+00  -90  u=11001  vol=0.0865787000 
 11002   11002 -1.0360000E+00  -90  u=11002  vol=35.4843000000 
 11003   11003 -1.0400000E+00  -90  u=11003  vol=18.2023000000 
 11100   11100 -1.0510000E+00  -90  u=11100  vol=5.3545700000 
 11200   11200 -1.0510000E+00  -90  u=11200  vol=5.3545700000 
 11300   11300 -1.0430000E+00  -90  u=11300  vol=123.4430000000 
 11400   11400 -1.0310000E+00  -90  u=11400  vol=0.5563800000 
 11600   11600 -9.4600000E-01  -90  u=11600  vol=23436.3800000000 
 12000   12000 -1.0310000E+00  -90  u=12000  vol=32.0125000000 
 12100   12100 -1.0310000E+00  -90  u=12100  vol=32.0274000000 
 12200   12200 -1.0880000E+00  -90  u=12200  vol=1984.8700000000 
 12201   12201 -1.0880000E+00  -90  u=12201  vol=75.5309000000 
 12600   12600 -1.0310000E+00  -90  u=12600  vol=16.6242000000 
 12700   12700 -1.0600000E+00  -90  u=12700  vol=157.4680000000 
 12800   12800 -2.6900000E+00  -90  u=12800  vol=13.8384000000 
 12801   12801 -1.0400000E+00  -90  u=12801  vol=0.0318494000 
 13100   13100 -1.0310000E+00  -90  u=13100  vol=17.7126000000 
 13200   13200 -1.0510000E+00  -90  u=13200  vol=16.4879000000 
 13300   13300 -1.0500000E+00  -90  u=13300  vol=18.3886000000 
 13301   13301 -1.0500000E+00  -90  u=13301  vol=35.2271000000 
 13400   13400 -1.0310000E+00  -90  u=13400  vol=2.7469700000 
 13500   13500 -1.0310000E+00  -90  u=13500  vol=6.6422400000 
 13600   13600 -1.0310000E+00  -90  u=13600  vol=6.6422400000 
 13700   13700 -1.0400000E+00  -90  u=13700  vol=33.0118000000 
 13701   13701 -1.0400000E+00  -90  u=13701  vol=1.9347200000 
 13800   13800 -1.0400000E+00  -90  u=13800  vol=171.2870000000 
 13900   13900 -1.0210000E+00  -90  u=13900  vol=71.5288000000 
 14000   14000 -1.0000000E-03  -90  u=14000  vol=32.8097000000 

[ Surface ]
 10            rpp  -3.7885400E+01  3.7885400E+01 -2.4563010E+01
                     2.4563010E+01 -9.8002360E+01  9.8002360E+01
 20            rpp  -3.8085400E+01  3.8085400E+01 -2.4763010E+01
                     2.4763010E+01 -9.8202360E+01  9.8202360E+01
 90            box  -1.0000000E+03 -1.0000000E+03 -1.0000000E+03
                     2.0000000E+03  0.0000000E+00  0.0000000E+00
                     0.0000000E+00  2.0000000E+03  0.0000000E+00
                     0.0000000E+00  0.0000000E+00  2.0000000E+03

[ Volume ]
    reg        vol
      1      1.000000    
      2      1.000000    
      3      1.000000    
      4      1.000000    
      5      1.000000    
    100      5.866130    
    200      7.442720    
    300     7.6862600E-03
    301     3.1005800E-02
    302     9.7756600E-03
    303      3.924010    
    400     9.5872500E-02
    401     0.2569950    
    402     6.4554900E-02
    403     3.2347800E-02
    404     6.4707100E-02
    405      12.65430    
    500     5.7595600E-02
    501     1.4121300E-02
    600     1.6454900E-02
    700      7.090810    
    800     9.1159900E-03
    801     1.0913800E-02
    802     1.8231100E-02
    803     4.5796300E-02
    804     9.2004100E-03
    805     1.8444000E-02
    806     1.8495800E-02
    807     1.8548300E-02
    808      1.018560    
    900      205.2360    
    910      615.6540    
   1300      101.5020    
   1400      80.96490    
   1500      37.23400    
   1700      40.08050    
   1900      73.30840    
   2000      69.28020    
   2100      30.93210    
   2200      49.18070    
   2300      55.30780    
   2400      15.36870    
   2500      29.01080    
   2600      202.5020    
   2700      294.6690    
   2800      216.3910    
   2900      196.1550    
   3000      82.73800    
   3200      129.3050    
   3400      259.4220    
   3500      452.1530    
   3600      82.61730    
   3700      87.30530    
   3800      220.7760    
   3900      21.85870    
   4000      25.77030    
   4100      122.7790    
   4200      367.2390    
   4300      76.94720    
   4400      227.2420    
   4500      56.92470    
   4600      76.58840    
   4700      34.29160    
   4800      61.00940    
   4900      96.28660    
   5000      224.2530    
   5100      73.05890    
   5200      202.5860    
   5300      37.53660    
   5400      131.0980    
   5500     0.7883860    
   5600      42.62300    
   5700      34.00610    
   5800      56.27760    
   6100      1225.990    
   6200      154.5390    
   6300      89.41090    
   6400      154.5940    
   6500      89.41090    
   6600     3.4172600E-02
   6601     0.1663140    
   6700     0.9426810    
   6701     0.2794950    
   6702      5.530760    
   6800     3.4167500E-02
   6801     0.1662910    
   6900     0.9425530    
   6901     0.2794560    
   6902      5.530020    
   7000      7.085050    
   7100      41.50810    
   7200      1.342040    
   7201     0.8973320    
   7202      4.518970    
   7203      141.8680    
   7300      196.9810    
   7400      10.61030    
   7401      1.652120    
   7402      4.153440    
   7403      633.3510    
   7500      38.73380    
   7501      201.0690    
   7600      3.826600    
   7601     0.2767460    
   7602      92.66660    
   7700      85.64970    
   7800      3.163990    
   7801     0.2289610    
   7802      55.75220    
   7900      51.38190    
   8000      1.887970    
   8001     0.1375610    
   8002      57.11100    
   8100      25.69740    
   8200      2.597090    
   8201     0.1887500    
   8202      93.98750    
   8300      42.82440    
   8400      3.629880    
   8401     0.2630150    
   8402      44.47560    
   8500      68.50900    
   8600      26.88220    
   8700      246.5120    
   8800      310.9030    
   8900      126.2310    
   9000      31.70020    
   9100      6.345140    
   9200      105.9580    
   9300      26.61900    
   9400      5.327200    
   9500      1520.900    
   9700      921.4390    
   9900      1126.890    
  10000      11.36630    
  10100      10.95710    
  10200      3.855000    
  10300      89.20840    
  10400      7.570430    
  10500      7.421080    
  10600      15071.00    
  11000      1.609900    
  11001     8.6578700E-02
  11002      35.48430    
  11003      18.20230    
  11100      5.354570    
  11200      5.354570    
  11300      123.4430    
  11400     0.5563800    
  11600      23436.38    
  12000      32.01250    
  12100      32.02740    
  12200      1984.870    
  12201      75.53090    
  12600      16.62420    
  12700      157.4680    
  12800      13.83840    
  12801     3.1849400E-02
  13100      17.71260    
  13200      16.48790    
  13300      18.38860    
  13301      35.22710    
  13400      2.746970    
  13500      6.642240    
  13600      6.642240    
  13700      33.01180    
  13701      1.934720    
  13800      171.2870    
  13900      71.52880    
  14000      32.80970    

[ T-Deposit ]
    title = [t-deposit] in region mesh
     mesh =  reg            # mesh type is region-wise
      reg = all
   volume                   # combined, lattice or level structure 
   non     reg      vol     # reg definition
    1        1   1.0000E+00 # 1
    2        3   1.0000E+00 # 3
    3        4   1.0000E+00 # 4
    4      100   5.8661E+00 # 100
    5      200   7.4427E+00 # 200
    6      300   7.6863E-03 # 300
    7      301   3.1006E-02 # 301
    8      302   9.7757E-03 # 302
    9      303   3.9240E+00 # 303
   10      400   9.5872E-02 # 400
   11      401   2.5699E-01 # 401
   12      402   6.4555E-02 # 402
   13      403   3.2348E-02 # 403
   14      404   6.4707E-02 # 404
   15      405   1.2654E+01 # 405
   16      500   5.7596E-02 # 500
   17      501   1.4121E-02 # 501
   18      600   1.6455E-02 # 600
   19      700   7.0908E+00 # 700
   20      800   9.1160E-03 # 800
   21      801   1.0914E-02 # 801
   22      802   1.8231E-02 # 802
   23      803   4.5796E-02 # 803
   24      804   9.2004E-03 # 804
   25      805   1.8444E-02 # 805
   26      806   1.8496E-02 # 806
   27      807   1.8548E-02 # 807
   28      808   1.0186E+00 # 808
   29      900   2.0524E+02 # 900
   30      910   6.1565E+02 # 910
   31     1300   1.0150E+02 # 1300
   32     1400   8.0965E+01 # 1400
   33     1500   3.7234E+01 # 1500
   34     1700   4.0081E+01 # 1700
   35     1900   7.3308E+01 # 1900
   36     2000   6.9280E+01 # 2000
   37     2100   3.0932E+01 # 2100
   38     2200   4.9181E+01 # 2200
   39     2300   5.5308E+01 # 2300
   40     2400   1.5369E+01 # 2400
   41     2500   2.9011E+01 # 2500
   42     2600   2.0250E+02 # 2600
   43     2700   2.9467E+02 # 2700
   44     2800   2.1639E+02 # 2800
   45     2900   1.9616E+02 # 2900
   46     3000   8.2738E+01 # 3000
   47     3200   1.2931E+02 # 3200
   48     3400   2.5942E+02 # 3400
   49     3500   4.5215E+02 # 3500
   50     3600   8.2617E+01 # 3600
   51     3700   8.7305E+01 # 3700
   52     3800   2.2078E+02 # 3800
   53     3900   2.1859E+01 # 3900
   54     4000   2.5770E+01 # 4000
   55     4100   1.2278E+02 # 4100
   56     4200   3.6724E+02 # 4200
   57     4300   7.6947E+01 # 4300
   58     4400   2.2724E+02 # 4400
   59     4500   5.6925E+01 # 4500
   60     4600   7.6588E+01 # 4600
   61     4700   3.4292E+01 # 4700
   62     4800   6.1009E+01 # 4800
   63     4900   9.6287E+01 # 4900
   64     5000   2.2425E+02 # 5000
   65     5100   7.3059E+01 # 5100
   66     5200   2.0259E+02 # 5200
   67     5300   3.7537E+01 # 5300
   68     5400   1.3110E+02 # 5400
   69     5500   7.8839E-01 # 5500
   70     5600   4.2623E+01 # 5600
   71     5700   3.4006E+01 # 5700
   72     5800   5.6278E+01 # 5800
   73     6100   1.2260E+03 # 6100
   74     6200   1.5454E+02 # 6200
   75     6300   8.9411E+01 # 6300
   76     6400   1.5459E+02 # 6400
   77     6500   8.9411E+01 # 6500
   78     6600   3.4173E-02 # 6600
   79     6601   1.6631E-01 # 6601
   80     6700   9.4268E-01 # 6700
   81     6701   2.7949E-01 # 6701
   82     6702   5.5308E+00 # 6702
   83     6800   3.4168E-02 # 6800
   84     6801   1.6629E-01 # 6801
   85     6900   9.4255E-01 # 6900
   86     6901   2.7946E-01 # 6901
   87     6902   5.5300E+00 # 6902
   88     7000   7.0850E+00 # 7000
   89     7100   4.1508E+01 # 7100
   90     7200   1.3420E+00 # 7200
   91     7201   8.9733E-01 # 7201
   92     7202   4.5190E+00 # 7202
   93     7203   1.4187E+02 # 7203
   94     7300   1.9698E+02 # 7300
   95     7400   1.0610E+01 # 7400
   96     7401   1.6521E+00 # 7401
   97     7402   4.1534E+00 # 7402
   98     7403   6.3335E+02 # 7403
   99     7500   3.8734E+01 # 7500
  100     7501   2.0107E+02 # 7501
  101     7600   3.8266E+00 # 7600
  102     7601   2.7675E-01 # 7601
  103     7602   9.2667E+01 # 7602
  104     7700   8.5650E+01 # 7700
  105     7800   3.1640E+00 # 7800
  106     7801   2.2896E-01 # 7801
  107     7802   5.5752E+01 # 7802
  108     7900   5.1382E+01 # 7900
  109     8000   1.8880E+00 # 8000
  110     8001   1.3756E-01 # 8001
  111     8002   5.7111E+01 # 8002
  112     8100   2.5697E+01 # 8100
  113     8200   2.5971E+00 # 8200
  114     8201   1.8875E-01 # 8201
  115     8202   9.3987E+01 # 8202
  116     8300   4.2824E+01 # 8300
  117     8400   3.6299E+00 # 8400
  118     8401   2.6301E-01 # 8401
  119     8402   4.4476E+01 # 8402
  120     8500   6.8509E+01 # 8500
  121     8600   2.6882E+01 # 8600
  122     8700   2.4651E+02 # 8700
  123     8800   3.1090E+02 # 8800
  124     8900   1.2623E+02 # 8900
  125     9000   3.1700E+01 # 9000
  126     9100   6.3451E+00 # 9100
  127     9200   1.0596E+02 # 9200
  128     9300   2.6619E+01 # 9300
  129     9400   5.3272E+00 # 9400
  130     9500   1.5209E+03 # 9500
  131     9700   9.2144E+02 # 9700
  132     9900   1.1269E+03 # 9900
  133    10000   1.1366E+01 # 10000
  134    10100   1.0957E+01 # 10100
  135    10200   3.8550E+00 # 10200
  136    10300   8.9208E+01 # 10300
  137    10400   7.5704E+00 # 10400
  138    10500   7.4211E+00 # 10500
  139    10600   1.5071E+04 # 10600
  140    11000   1.6099E+00 # 11000
  141    11001   8.6579E-02 # 11001
  142    11002   3.5484E+01 # 11002
  143    11003   1.8202E+01 # 11003
  144    11100   5.3546E+00 # 11100
  145    11200   5.3546E+00 # 11200
  146    11300   1.2344E+02 # 11300
  147    11400   5.5638E-01 # 11400
  148    11600   2.3436E+04 # 11600
  149    12000   3.2013E+01 # 12000
  150    12100   3.2027E+01 # 12100
  151    12200   1.9849E+03 # 12200
  152    12201   7.5531E+01 # 12201
  153    12600   1.6624E+01 # 12600
  154    12700   1.5747E+02 # 12700
  155    12800   1.3838E+01 # 12800
  156    12801   3.1849E-02 # 12801
  157    13100   1.7713E+01 # 13100
  158    13200   1.6488E+01 # 13200
  159    13300   1.8389E+01 # 13300
  160    13301   3.5227E+01 # 13301
  161    13400   2.7470E+00 # 13400
  162    13500   6.6422E+00 # 13500
  163    13600   6.6422E+00 # 13600
  164    13700   3.3012E+01 # 13700
  165    13701   1.9347E+00 # 13701
  166    13800   1.7129E+02 # 13800
  167    13900   7.1529E+01 # 13900
  168    14000   3.2810E+01 # 14000
     unit =    0            # unit is [Gy/source]
   letmat =    0            # (D=0) mat ID for LET, 0:real mat, <0: electron for H2O
  dedxfnc =    0            # (D=0) user defined multiplier, 0(no), 1, 2
 material =  all            # (D=all) number of specific material
   output =  dose           # total deposit energy
  deposit =    0            # (D=0) 0-> total deposit dist, 1-> each process
     axis =   reg           # axis of output
     file = phits_deposit_MRCP_AF_H150W55_source_Liver_photon_energy_10.0.out  # file name of output for the abo
     file = ve axis
     part =  all      
# kf/name :  0        
   mother =  all            # (D=all) number of specific mother
#    used :        main (  %)        temp (  %)       total (  %)
#  memory :          88 (  0)           0 (  0)          88 (  0)

[ T-Track ]
    title = [t-track] in region mesh
     mesh =  reg            # mesh type is region-wise
      reg = 1400 1500 1700 2000 2100 2300 2500 2700 2900 3000 3200 3500
            3600 3800 4000 4200 4400 4600 4800 5000 5200 5400 5600
   volume                   # combined, lattice or level structure 
   non     reg      vol     # reg definition
    1     1400   8.0965E+01 # 1400
    2     1500   3.7234E+01 # 1500
    3     1700   4.0081E+01 # 1700
    4     2000   6.9280E+01 # 2000
    5     2100   3.0932E+01 # 2100
    6     2300   5.5308E+01 # 2300
    7     2500   2.9011E+01 # 2500
    8     2700   2.9467E+02 # 2700
    9     2900   1.9616E+02 # 2900
   10     3000   8.2738E+01 # 3000
   11     3200   1.2931E+02 # 3200
   12     3500   4.5215E+02 # 3500
   13     3600   8.2617E+01 # 3600
   14     3800   2.2078E+02 # 3800
   15     4000   2.5770E+01 # 4000
   16     4200   3.6724E+02 # 4200
   17     4400   2.2724E+02 # 4400
   18     4600   7.6588E+01 # 4600
   19     4800   6.1009E+01 # 4800
   20     5000   2.2425E+02 # 5000
   21     5200   2.0259E+02 # 5200
   22     5400   1.3110E+02 # 5400
   23     5600   4.2623E+01 # 5600
   e-type =    3            # e-mesh is log given by emin, emax and ne
     emin =  1.0000000E-02  # minimum value of e-mesh points
     emax =   10.00000      # maximum value of e-mesh points
#    edel =  6.9077553E-02  # mesh width of e-mesh points
       ne =    100          # number of e-mesh points
#    data = ( e(i), i = 1, ne + 1 )
#           1.00000E-02  1.07152E-02  1.14815E-02  1.23027E-02  1.31826E-02
#           1.41254E-02  1.51356E-02  1.62181E-02  1.73780E-02  1.86209E-02
#           1.99526E-02  2.13796E-02  2.29087E-02  2.45471E-02  2.63027E-02
#           2.81838E-02  3.01995E-02  3.23594E-02  3.46737E-02  3.71535E-02
#           3.98107E-02  4.26580E-02  4.57088E-02  4.89779E-02  5.24807E-02
#           5.62341E-02  6.02560E-02  6.45654E-02  6.91831E-02  7.41310E-02
#           7.94328E-02  8.51138E-02  9.12011E-02  9.77237E-02  1.04713E-01
#           1.12202E-01  1.20226E-01  1.28825E-01  1.38038E-01  1.47911E-01
#           1.58489E-01  1.69824E-01  1.81970E-01  1.94984E-01  2.08930E-01
#           2.23872E-01  2.39883E-01  2.57040E-01  2.75423E-01  2.95121E-01
#           3.16228E-01  3.38844E-01  3.63078E-01  3.89045E-01  4.16869E-01
#           4.46684E-01  4.78630E-01  5.12861E-01  5.49541E-01  5.88844E-01
#           6.30957E-01  6.76083E-01  7.24436E-01  7.76247E-01  8.31764E-01
#           8.91251E-01  9.54993E-01  1.02329E+00  1.09648E+00  1.17490E+00
#           1.25893E+00  1.34896E+00  1.44544E+00  1.54882E+00  1.65959E+00
#           1.77828E+00  1.90546E+00  2.04174E+00  2.18776E+00  2.34423E+00
#           2.51189E+00  2.69153E+00  2.88403E+00  3.09030E+00  3.31131E+00
#           3.54813E+00  3.80189E+00  4.07380E+00  4.36516E+00  4.67735E+00
#           5.01187E+00  5.37032E+00  5.75440E+00  6.16595E+00  6.60693E+00
#           7.07946E+00  7.58578E+00  8.12831E+00  8.70964E+00  9.33254E+00
#           1.00000E+01
     unit =    1            # unit is [1/cm^2/source]
 material =  all            # (D=all) number of specific material
     axis =     eng            # axis of output
     file = phits_fluence_MRCP_AF_H150W55_source_Liver_photon_energy_10.0.out  # file name of output for the abo
     file = ve axis
     part =  photon   
# kf/name :  22       
#    used :        main (  %)        temp (  %)       total (  %)
#  memory :         129 (  0)           0 (  0)         129 (  0)

[END] of Input Echo <<<========================================================

<<< Report of real Geometry memory >>>
*           GG/CG memory =        2
*     total memory: mdas = 80000000
*                percent =     0.00 %

<<< Report of material memory for high energy>>>
*   high energy material =        1
*     total memory: mdas = 80000000
*                percent =     0.00 %

<<< Report of material memory for low energy>>>
*    low energy material = 12751109
*     total memory: mdas = 80000000
*                percent =    15.94 %

<<< Report of real tally memory >>>
*      real tally memory =      217
*     total memory: mdas = 80000000
*                percent =     0.00 %

<<< Report of temporary tally memory >>>
* temporary tally memory = 12751114
*     total memory: mdas = 80000000
*                percent =    15.94 %

<<< Report of total memory >>>
*      used total memory = 12751115
*     total memory: mdas = 80000000
*                percent =    15.94 %
*                ---------------------

-------------------------------------------------------------------------------
bat[       1] ncas =            100.
 bitrseed = 0100001010011000001011101100011110011000110110100110010000000000
          cpu time =  14.696 s.

-------------------------------------------------------------------------------
bat[       2] ncas =            200.
 bitrseed = 1010101001001011110110011011100111111000111010101111101001110001
          cpu time =   3.870 s.

-------------------------------------------------------------------------------
bat[       3] ncas =            300.
 bitrseed = 0110111111101010001000010010111011101010001101101101010011000001
          cpu time =   4.126 s.

-------------------------------------------------------------------------------
bat[       4] ncas =            400.
 bitrseed = 0110011110011011101111101000011101011110111011100011101010101000
          cpu time =   4.171 s.

-------------------------------------------------------------------------------
bat[       5] ncas =            500.
 bitrseed = 0111011110010110010001001100111101000000011101000011010001001110
          cpu time =   3.827 s.

-------------------------------------------------------------------------------
bat[       6] ncas =            600.
 bitrseed = 0110000011011111010000110000100111011010100111111010000000001000
          cpu time =   3.733 s.

-------------------------------------------------------------------------------
bat[       7] ncas =            700.
 bitrseed = 0101010011011111100001111111110101111011111110111001110000110111
          cpu time =   6.348 s.

-------------------------------------------------------------------------------
bat[       8] ncas =            800.
 bitrseed = 0111100011011100010111111011110111010100001000010100111000000111
          cpu time =   4.876 s.

-------------------------------------------------------------------------------
bat[       9] ncas =            900.
 bitrseed = 1011011111110010011101000011100111001001010010100110011111011100
          cpu time =   6.232 s.

-------------------------------------------------------------------------------
bat[      10] ncas =           1000.
 bitrseed = 1111010100000000010100111010001101000100010001001110111100111100
          cpu time =   5.511 s.

===============================================================================

 Summary for the end of job

-------------------------------------------------------------------------------
 number of analyz call vs ncol
-------------------------------------------------------------------------------
     ncol          number
        1              1.   : start of calculation            
        2              1.   : end of calculation              
        3             10.   : end of a batch                  
        4           1000.   : source                          
        5              0.   : detection of geometry error/warn
        6              0.   : recovery from geometry warning  
        7              0.   : termination by geometry error   
        8              0.   : termination by weight cut-off   
        9              0.   : termination by time cut-off     
       10         191460.   : geometry boundary crossing      
       11           1186.   : termination by energy cut-off   
       12           1173.   : termination by escape or leakage
       13            266.   : reaction : (n,x) type           
       14          99675.   : reaction : (n,n'x) type         
       15              0.   : sequential transport for tally  

-------------------------------------------------------------------------------
 List of transport particles (not including source)
-------------------------------------------------------------------------------
     Name      kf-code        mass       charge   baryon
     positron      -11          0.5         1       0
     photon         22          0.0         0       0

-------------------------------------------------------------------------------
 prod. particles       number        weight        weight per source
-------------------------------------------------------------------------------
     photon              100.     1.0000000E+02     1.0000000E-01
     positron             50.     5.0000000E+01     5.0000000E-02

-------------------------------------------------------------------------------
 particle decays       number        weight        weight per source
-------------------------------------------------------------------------------
     positron             50.     5.0000000E+01     5.0000000E-02

-------------------------------------------------------------------------------
 stop. particles.    number        weight        weight per source
-------------------------------------------------------------------------------
     electron           2591.     2.5910000E+03     2.5910000E+00
     positron             50.     5.0000000E+01     5.0000000E-02

-------------------------------------------------------------------------------
 leak. particles       number        weight        weight per source
-------------------------------------------------------------------------------
     photon             1111.     1.1110000E+03     1.1110000E+00
     electron             55.     5.5000000E+01     5.5000000E-02
     positron              7.     7.0000000E+00     7.0000000E-03

-------------------------------------------------------------------------------
 source: maxcas    maxbch      irskip   average weight          total source
-------------------------------------------------------------------------------
         100          10           0    1.0000000E+00    1.0000000000000E+03

-------------------------------------------------------------------------------
 Geometry error summary
-------------------------------------------------------------------------------
 Number of lost particles     =     0 / nlost =       10
 Number of geometry recovering =     0
 Number of unrecovered errors =     0

-------------------------------------------------------------------------------
 initial random seed:
   bitrseed = 0100001010011000001011101100011110011000110110100110010000000000
 next initial random seed:
   bitrseed = 0101000011000111010110101100111000100101101011010111101101011101

-------------------------------------------------------------------------------
 job termination date : 2026/09/21
                 time :   12:07:17

-------------------------------------------------------------------------------
    CPU time and number of event called in PHITS
-------------------------------------------------------------------------------

                             sec
total cpu time =          560.35


                           count
      analysis =         294770.  : data processing
         nevap =              0.  : evaporation
        dexgam =              0.  : de-excitation
         nreac =          99941.  : atomic and nuclear reactions
         dklos =             50.  : particle decay
         hydro =              0.  : nucleon-nucleon scattering
        n-data =              0.  : neutron data library
        h-data =              0.  : p, d, a data library
        p-data =              0.  : photon data library
        e-data =              0.  : electron data library
        p-egs5 =           1107.  : photon interaction with EGS5
        e-egs5 =          98784.  : electron interaction with EGS5
      e-tsmode =              0.  : electron track structure mode
    ion-tsmode =              0.  : ion track structure mode
     photonucl =              0.  : photo-nuclear reaction
 photonucl lib =              0.  : photo-nuclear reaction with library
       mu-reac =              0.  : muon-induced nuclear reaction
       mu-brem =              0.  : muon-induced bremsstrahlung
       mu-pprd =              0.  : muon-induced pair production
        mu-cap =              0.  : muon capture in nucleus
         elast =              0.  : elastic scattering
         ncasc =              0.  : nuclear reaction model

       bertini =              0.  : Bertini model
        isobar =              0.  : isobar model
           JAM =              0.  : JAM model
           QMD =              0.  : JQMD model
        JAMQMD =              0.  : JAMQMD model
          INCL =              0.  : INCL model
        INCELF =              0.  : INCELF model
     frag data =              0.  : user defined cross section
       SCINFUL =              0.  : SCINFUL mode

>>> Citation Request >>>=======================================================

 This execution uses model(s) that must be explicitly cited in addition to
 the PHITS original document: T.Sato et al., J.Nucl.Sci.Technol.61, 127-135 (2024).
 Please refer the following document(s) in your publication using this result

 The EGS5 code:
    H. Hirayama et al., SLAC-R-730 (2005) and KEK Report 2005-8 (2005)

 The KUROTAMA model:
    K. Iida, A. Kohama, and K. Oyamatsu, J. Phys. Soc. Japan 76, 044201 (2007).

 END 
