
=====================================================================
 Run #0 / Number of event processed : 1000
=====================================================================
organ ID|      Organ Mass (g)   Dose (Gy/source)     Relative Error
     100|               6.817          0.000e+00               -nan
     200|               8.649          0.000e+00               -nan
     300|               0.009          0.000e+00               -nan
     301|               0.035          0.000e+00               -nan
     302|               0.011          0.000e+00               -nan
     303|               4.375          0.000e+00               -nan
     400|               0.104          0.000e+00               -nan
     401|               0.288          0.000e+00               -nan
     402|               0.072          0.000e+00               -nan
     403|               0.036          0.000e+00               -nan
     404|               0.072          0.000e+00               -nan
     405|              14.180          0.000e+00               -nan
     500|               0.066          5.933e-15              0.999
     501|               0.016          0.000e+00               -nan
     600|               0.019          0.000e+00               -nan
     700|               8.201          0.000e+00               -nan
     800|               0.010          0.000e+00               -nan
     801|               0.013          0.000e+00               -nan
     802|               0.021          0.000e+00               -nan
     803|               0.053          0.000e+00               -nan
     804|               0.011          0.000e+00               -nan
     805|               0.021          0.000e+00               -nan
     806|               0.021          0.000e+00               -nan
     807|               0.021          0.000e+00               -nan
     808|               1.179          0.000e+00               -nan
     900|               1.906          0.000e+00               -nan
     910|               3.007          0.000e+00               -nan
    1000|             117.872          8.940e-15              0.715
    1010|             239.851          1.384e-15              0.647
    1100|              46.312          5.939e-15              0.751
    1110|             139.528          5.292e-15              0.518
    1200|              79.906          0.000e+00               -nan
    1210|             355.612          1.283e-15              0.659
    1300|             113.681          3.298e-16              0.999
    1400|             107.717          0.000e+00               -nan
    1500|              20.516          0.000e+00               -nan
    1600|             103.296          1.340e-14              0.600
    1700|              50.264          3.671e-15              0.995
    1800|              20.493          2.565e-14              0.751
    1900|             156.708          9.054e-15              0.534
    2000|              86.883          9.615e-15              0.719
    2100|              34.068          1.319e-14              0.707
    2200|             105.132          0.000e+00               -nan
    2300|              69.360          0.000e+00               -nan
    2400|              32.825          0.000e+00               -nan
    2500|              38.798          0.000e+00               -nan
    2600|             407.670          4.134e-16              0.999
    2700|             391.311          1.318e-16              0.999
    2800|             244.126          6.011e-16              0.857
    2900|             232.804          4.741e-15              0.723
    3000|              39.516          0.000e+00               -nan
    3100|             240.929          0.000e+00               -nan
    3200|             166.334          0.000e+00               -nan
    3300|              56.762          5.749e-17              0.999
    3400|             544.845          0.000e+00               -nan
    3500|             558.529          0.000e+00               -nan
    3600|              88.883          0.000e+00               -nan
    3700|             173.476          0.000e+00               -nan
    3800|             257.451          0.000e+00               -nan
    3900|              45.394          0.000e+00               -nan
    4000|              33.479          0.000e+00               -nan
    4100|             262.458          2.948e-15              0.793
    4200|             455.599          3.007e-15              0.751
    4300|             164.504          9.906e-15              0.254
    4400|             277.325          1.141e-14              0.272
    4500|             121.664          8.069e-16              0.804
    4600|              96.730          0.000e+00               -nan
    4700|              71.596          0.000e+00               -nan
    4800|              75.601          0.000e+00               -nan
    4900|             205.828          6.555e-15              0.443
    5000|             271.915          9.368e-15              0.491
    5100|             156.175          8.520e-15              0.440
    5200|             264.976          1.011e-14              0.457
    5300|              80.240          0.000e+00               -nan
    5400|             154.840          1.727e-16              0.956
    5500|               1.685          3.069e-14              0.528
    5600|              51.347          3.156e-14              0.487
    5700|              41.959          1.901e-14              0.487
    5800|              69.351          1.406e-14              0.851
    6100|            1349.568          0.000e+00               -nan
    6200|             153.663          1.016e-14              0.638
    6300|             102.491          1.668e-14              0.749
    6400|             153.663          1.475e-14              0.695
    6500|             102.491          4.966e-15              0.699
    6600|               0.039          0.000e+00               -nan
    6601|               0.189          0.000e+00               -nan
    6700|               1.100          0.000e+00               -nan
    6701|               0.304          0.000e+00               -nan
    6702|               6.051          0.000e+00               -nan
    6800|               0.039          0.000e+00               -nan
    6801|               0.189          0.000e+00               -nan
    6900|               1.100          0.000e+00               -nan
    6901|               0.304          0.000e+00               -nan
    6902|               6.051          0.000e+00               -nan
    7000|               8.201          2.920e-14              0.579
    7100|              48.000          3.396e-14              0.571
    7200|               1.561          1.655e-14              0.378
    7201|               1.044          2.171e-14              0.432
    7202|               5.256          2.157e-14              0.377
    7203|             165.012          2.825e-14              0.291
    7300|             230.000          3.098e-14              0.326
    7400|              12.341          4.945e-15              0.532
    7401|               1.922          3.333e-15              0.496
    7402|               4.831          3.839e-15              0.494
    7403|             736.662          3.767e-15              0.437
    7500|              45.227          6.597e-15              0.681
    7501|             234.773          6.798e-15              0.448
    7600|               4.451          2.573e-15              0.815
    7601|               0.322          2.569e-15              0.999
    7602|             107.784          4.821e-15              0.695
    7700|             100.007          2.087e-15              0.901
    7800|               3.680          1.164e-14              0.999
    7801|               0.266          3.100e-14              0.999
    7802|              64.847          1.619e-14              0.997
    7900|              59.995          5.737e-15              0.986
    8000|               2.196          3.063e-15              0.999
    8001|               0.160          2.210e-15              0.999
    8002|              66.428          6.154e-15              0.999
    8100|              30.005          1.061e-14              0.996
    8200|               3.021          0.000e+00               -nan
    8201|               0.220          0.000e+00               -nan
    8202|             109.320          0.000e+00               -nan
    8300|              50.003          9.156e-16              0.882
    8400|               4.222          0.000e+00               -nan
    8401|               0.306          0.000e+00               -nan
    8402|              51.761          0.000e+00               -nan
    8500|              79.993          0.000e+00               -nan
    8600|              31.268          0.000e+00               -nan
    8700|             290.890          1.310e-14              0.454
    8800|             370.000          8.165e-15              0.471
    8900|             149.091          2.658e-14              0.467
    9000|              37.441          2.527e-15              0.706
    9100|               7.494          1.093e-14              0.950
    9200|             125.147          2.189e-14              0.526
    9300|              31.440          2.976e-16              0.999
    9400|               6.292          0.000e+00               -nan
    9500|            1810.000          4.861e-14              0.112
    9700|             427.256          3.557e-15              0.551
    9900|             522.518          1.178e-14              0.359
   10000|              12.695          0.000e+00               -nan
   10100|              12.695          8.595e-18              0.999
   10200|               4.386          0.000e+00               -nan
   10300|             103.641          7.869e-15              0.616
   10400|               8.771          4.132e-16              0.999
   10500|               8.771          0.000e+00               -nan
   10600|             445.022          5.195e-16              0.860
   10700|            8324.973          4.011e-15              0.154
   10800|            1479.724          5.404e-15              0.302
   10900|            7676.720          3.653e-16              0.655
   11000|               1.871          6.247e-15              0.999
   11001|               0.101          4.095e-15              0.999
   11002|              41.247          8.692e-15              0.912
   11003|              21.240          6.774e-15              0.999
   11100|               6.318          0.000e+00               -nan
   11200|               6.318          0.000e+00               -nan
   11300|             144.552          3.832e-14              0.402
   11400|               0.615          0.000e+00               -nan
   11600|             844.543          1.256e-16              0.992
   11700|           11513.363          4.666e-15              0.108
   11800|            2171.588          3.794e-15              0.291
   11900|            7795.948          3.866e-16              0.548
   12000|              35.880          5.386e-15              0.999
   12100|              35.880          0.000e+00               -nan
   12200|             155.582          1.191e-15              0.723
   12201|               6.324          5.975e-16              0.763
   12300|             871.603          4.035e-15              0.244
   12301|              32.368          3.848e-15              0.402
   12400|             380.905          3.640e-15              0.407
   12401|              15.598          4.106e-15              0.535
   12500|             924.584          2.224e-16              0.915
   12501|              35.025          7.817e-16              0.999
   12600|              19.098          1.361e-14              0.997
   12700|             187.400          1.543e-14              0.454
   12800|              40.562          0.000e+00               -nan
   12801|               0.036          0.000e+00               -nan
   13100|              20.503          0.000e+00               -nan
   13200|              19.455          0.000e+00               -nan
   13300|              20.995          0.000e+00               -nan
   13301|              40.415          1.323e-15              0.999
   13400|               3.075          0.000e+00               -nan
   13500|               7.689          4.123e-14              0.718
   13600|               7.689          3.789e-17              0.999
   13700|              39.459          0.000e+00               -nan
   13701|               1.345          0.000e+00               -nan
   13800|             200.000          0.000e+00               -nan
   13900|              81.993          0.000e+00               -nan
   14000|               0.036          0.000e+00               -nan
=====================================================================

