
=====================================================================
 Run #0 / Number of event processed : 10000
=====================================================================
organ ID|      Organ Mass (g)   Dose (Gy/source)     Relative Error
     100|               8.683          0.000e+00               -nan
     200|               8.683          0.000e+00               -nan
     300|               0.022          1.539e-15              1.000
     301|               0.090          1.978e-15              1.000
     302|               0.028          6.400e-16              1.000
     303|              11.291          1.710e-15              0.758
     400|               0.141          5.954e-14              0.190
     401|               0.390          7.796e-14              0.205
     402|               0.098          1.033e-13              0.315
     403|               0.049          6.036e-14              0.199
     404|               0.098          6.021e-14              0.236
     405|              28.808          7.896e-14              0.134
     500|               0.086          2.162e-15              0.909
     501|               0.024          1.008e-14              0.381
     600|               0.023          0.000e+00               -nan
     700|              10.364          0.000e+00               -nan
     800|               0.025          0.000e+00               -nan
     801|               0.031          0.000e+00               -nan
     802|               0.052          0.000e+00               -nan
     803|               0.130          0.000e+00               -nan
     804|               0.026          0.000e+00               -nan
     805|               0.052          0.000e+00               -nan
     806|               0.052          0.000e+00               -nan
     807|               0.053          0.000e+00               -nan
     808|               2.777          0.000e+00               -nan
     900|               1.504          0.000e+00               -nan
     910|               6.944          4.346e-15              0.567
    1000|             193.197          1.583e-16              0.713
    1010|             444.035          2.656e-18              1.000
    1100|              32.463          0.000e+00               -nan
    1110|             167.269          2.427e-19              1.000
    1200|             108.832          0.000e+00               -nan
    1210|             389.741          0.000e+00               -nan
    1300|             159.196          4.945e-17              0.997
    1400|             145.689          1.404e-17              0.702
    1500|              34.244          1.480e-16              1.000
    1600|             106.720          1.119e-18              1.000
    1700|              50.890          0.000e+00               -nan
    1800|              37.397          0.000e+00               -nan
    1900|             273.409          0.000e+00               -nan
    2000|             154.981          0.000e+00               -nan
    2100|              22.996          0.000e+00               -nan
    2200|             181.529          0.000e+00               -nan
    2300|             118.927          0.000e+00               -nan
    2400|              48.252          5.942e-16              0.871
    2500|              45.057          4.813e-17              0.698
    2600|             568.469          2.150e-13              0.015
    2700|             382.073          2.462e-13              0.018
    2800|             253.548          0.000e+00               -nan
    2900|             413.232          0.000e+00               -nan
    3000|              26.045          0.000e+00               -nan
    3100|             307.761          0.000e+00               -nan
    3200|             373.652          0.000e+00               -nan
    3300|              82.179          0.000e+00               -nan
    3400|             536.651          0.000e+00               -nan
    3500|             621.408          0.000e+00               -nan
    3600|              79.815          0.000e+00               -nan
    3700|             234.882          0.000e+00               -nan
    3800|             432.615          0.000e+00               -nan
    3900|              76.877          1.484e-15              0.513
    4000|              56.287          2.797e-15              0.495
    4100|             402.595          1.485e-17              1.000
    4200|             619.672          1.715e-18              1.000
    4300|             368.797          5.365e-17              0.571
    4400|             457.351          1.368e-16              0.857
    4500|             223.333          9.991e-17              0.469
    4600|             156.670          5.293e-17              0.624
    4700|             103.943          1.255e-14              0.134
    4800|              78.915          1.644e-14              0.169
    4900|             289.440          1.987e-17              0.375
    5000|             345.222          4.770e-17              0.587
    5100|             188.047          2.373e-18              1.000
    5200|             291.584          5.157e-18              1.000
    5300|             110.320          0.000e+00               -nan
    5400|             192.224          0.000e+00               -nan
    5500|               9.991          0.000e+00               -nan
    5600|              61.420          0.000e+00               -nan
    5700|              56.331          0.000e+00               -nan
    5800|              82.063          3.757e-18              0.745
    6100|            1517.390          7.612e-13              0.005
    6200|               7.769          0.000e+00               -nan
    6300|               5.180          0.000e+00               -nan
    6400|               7.769          0.000e+00               -nan
    6500|               5.180          0.000e+00               -nan
    6600|               0.039          0.000e+00               -nan
    6601|               0.189          0.000e+00               -nan
    6700|               1.113          6.039e-14              0.487
    6701|               0.308          1.960e-14              0.969
    6702|               6.122          4.830e-14              0.379
    6800|               0.039          0.000e+00               -nan
    6801|               0.189          0.000e+00               -nan
    6900|               1.113          3.467e-14              0.363
    6901|               0.308          0.000e+00               -nan
    6902|               6.122          4.289e-14              0.417
    7000|              10.364          0.000e+00               -nan
    7100|              58.000          2.407e-18              1.000
    7200|               1.784          1.183e-16              1.000
    7201|               1.193          1.928e-16              1.000
    7202|               6.008          1.128e-16              1.000
    7203|             185.286          1.996e-16              0.684
    7300|             250.000          1.040e-16              0.998
    7400|              14.547          0.000e+00               -nan
    7401|               2.264          0.000e+00               -nan
    7402|               5.692          0.000e+00               -nan
    7403|             840.096          1.502e-20              1.000
    7500|              53.337          0.000e+00               -nan
    7501|             296.663          0.000e+00               -nan
    7600|               3.071          0.000e+00               -nan
    7601|               0.223          0.000e+00               -nan
    7602|             116.634          0.000e+00               -nan
    7700|              55.000          0.000e+00               -nan
    7800|               3.993          0.000e+00               -nan
    7801|               0.289          0.000e+00               -nan
    7802|              75.671          1.511e-17              1.000
    7900|              95.000          0.000e+00               -nan
    8000|               2.824          0.000e+00               -nan
    8001|               0.205          0.000e+00               -nan
    8002|              76.924          3.394e-18              1.000
    8100|              40.000          1.834e-17              1.000
    8200|               2.779          0.000e+00               -nan
    8201|               0.203          0.000e+00               -nan
    8202|             116.946          0.000e+00               -nan
    8300|              35.000          0.000e+00               -nan
    8400|               4.451          0.000e+00               -nan
    8401|               0.324          0.000e+00               -nan
    8402|              48.524          0.000e+00               -nan
    8500|              75.000          0.000e+00               -nan
    8600|              39.976          0.000e+00               -nan
    8700|             385.839          1.622e-16              0.634
    8800|             510.000          2.656e-17              0.599
    8900|             162.338          0.000e+00               -nan
    9000|              38.359          5.901e-19              1.000
    9100|               7.652          0.000e+00               -nan
    9200|             166.542          0.000e+00               -nan
    9300|              39.362          0.000e+00               -nan
    9400|               7.892          0.000e+00               -nan
    9500|            2360.000          2.828e-17              0.483
    9700|             545.877          5.920e-17              0.629
    9900|             652.861          6.980e-17              0.633
   10000|              15.949          5.580e-14              0.153
   10100|              15.949          1.458e-16              1.000
   10200|               5.510          4.242e-16              1.000
   10300|             130.204          0.000e+00               -nan
   10400|              11.019          0.000e+00               -nan
   10500|              11.019          0.000e+00               -nan
   10600|            1200.828          2.709e-14              0.036
   10700|           14844.730          3.612e-17              0.232
   10800|            2843.507          3.164e-18              0.869
   10900|           10887.729          0.000e+00               -nan
   11000|               1.919          0.000e+00               -nan
   11001|               0.103          0.000e+00               -nan
   11002|              49.783          1.123e-18              0.707
   11003|              22.870          0.000e+00               -nan
   11300|             173.631          0.000e+00               -nan
   11400|               0.622          7.274e-13              0.218
   11500|              17.618          0.000e+00               -nan
   11600|             975.622          5.702e-14              0.023
   11700|           11176.900          4.010e-17              0.239
   11800|            1549.842          2.914e-18              0.746
   11900|            4510.134          0.000e+00               -nan
   12000|              44.045          3.249e-15              0.510
   12100|              44.045          4.164e-15              0.431
   12200|             259.230          4.847e-14              0.030
   12201|               8.470          4.143e-14              0.050
   12300|            1271.006          6.691e-17              0.338
   12301|              38.418          1.526e-16              0.773
   12400|             575.709          2.050e-17              1.000
   12401|              18.843          0.000e+00               -nan
   12500|            1259.982          0.000e+00               -nan
   12501|              37.790          0.000e+00               -nan
   12600|              37.952          1.114e-14              0.294
   12700|             228.400          4.261e-18              1.000
   12800|              50.727          8.437e-16              0.463
   12801|               0.043          0.000e+00               -nan
   12900|              18.617          0.000e+00               -nan
   13000|              18.617          0.000e+00               -nan
   13100|              25.909          7.609e-18              1.000
   13200|              23.351          2.746e-17              0.678
   13300|              20.993          8.834e-15              0.395
   13301|              54.552          1.625e-15              0.595
   13400|               3.109          5.313e-14              0.418
   13500|               8.809          0.000e+00               -nan
   13600|               7.773          0.000e+00               -nan
   13700|              49.781          0.000e+00               -nan
   13701|               1.318          0.000e+00               -nan
   13800|             200.000          0.000e+00               -nan
   14000|               0.140          6.100e-14              0.132
=====================================================================

