
=====================================================================
 Run #0 / Number of event processed : 100000
=====================================================================
organ ID|      Organ Mass (g)   Dose (Gy/source)     Relative Error
     100|               8.683          1.405e-15              0.251
     200|               8.683          5.811e-15              0.119
     300|               0.022          0.000e+00               -nan
     301|               0.090          0.000e+00               -nan
     302|               0.028          0.000e+00               -nan
     303|              11.291          1.275e-16              0.707
     400|               0.141          1.553e-16              1.000
     401|               0.390          3.198e-16              1.000
     402|               0.098          2.012e-16              1.000
     403|               0.049          1.731e-16              1.000
     404|               0.098          1.951e-16              1.000
     405|              28.808          1.526e-16              0.393
     500|               0.086          0.000e+00               -nan
     501|               0.024          0.000e+00               -nan
     600|               0.023          5.282e-16              1.000
     700|              10.364          5.069e-16              0.314
     800|               0.025          2.069e-16              0.719
     801|               0.031          2.016e-16              0.792
     802|               0.052          4.275e-16              0.582
     803|               0.130          8.560e-16              0.725
     804|               0.026          2.578e-16              0.632
     805|               0.052          2.150e-15              0.916
     806|               0.052          8.000e-16              0.860
     807|               0.053          1.101e-15              0.636
     808|               2.777          9.614e-16              0.437
     900|               1.504          1.913e-17              1.000
     910|               6.944          2.167e-16              0.496
    1000|             193.197          1.409e-15              0.051
    1010|             444.035          9.408e-16              0.041
    1100|              32.463          5.341e-16              0.188
    1110|             167.269          4.120e-16              0.098
    1200|             108.832          2.454e-18              0.653
    1210|             389.741          2.746e-18              0.594
    1300|             159.196          4.113e-16              0.101
    1400|             145.689          2.918e-16              0.124
    1500|              34.244          6.561e-16              0.195
    1600|             106.720          6.432e-16              0.098
    1700|              50.890          5.325e-16              0.157
    1800|              37.397          6.705e-16              0.162
    1900|             273.409          2.181e-16              0.109
    2000|             154.981          3.407e-16              0.123
    2100|              22.996          2.635e-16              0.346
    2200|             181.529          4.223e-17              0.300
    2300|             118.927          2.841e-17              0.486
    2400|              48.252          3.980e-16              0.170
    2500|              45.057          3.584e-16              0.209
    2600|             568.469          5.238e-17              0.147
    2700|             382.073          4.727e-17              0.171
    2800|             253.548          4.790e-17              0.211
    2900|             413.232          4.887e-17              0.170
    3000|              26.045          3.931e-18              0.716
    3100|             307.761          1.739e-18              0.607
    3200|             373.652          1.214e-19              1.000
    3300|              82.179          3.629e-18              0.882
    3400|             536.651          8.627e-20              1.000
    3500|             621.408          3.481e-18              0.621
    3600|              79.815          0.000e+00               -nan
    3700|             234.882          0.000e+00               -nan
    3800|             432.615          3.261e-19              1.000
    3900|              76.877          1.546e-16              0.217
    4000|              56.287          1.364e-16              0.263
    4100|             402.595          1.998e-16              0.084
    4200|             619.672          1.737e-16              0.078
    4300|             368.797          2.024e-15              0.028
    4400|             457.351          2.069e-15              0.028
    4500|             223.333          4.641e-16              0.074
    4600|             156.670          3.672e-16              0.104
    4700|             103.943          1.900e-16              0.168
    4800|              78.915          1.717e-16              0.199
    4900|             289.440          1.597e-15              0.037
    5000|             345.222          2.211e-15              0.032
    5100|             188.047          9.603e-16              0.055
    5200|             291.584          1.079e-15              0.048
    5300|             110.320          2.527e-16              0.132
    5400|             192.224          2.723e-16              0.117
    5500|               9.991          1.738e-15              0.150
    5600|              61.420          1.870e-15              0.082
    5700|              56.331          3.114e-15              0.066
    5800|              82.063          1.531e-15              0.072
    6100|            1517.390          4.442e-17              0.106
    6200|               7.769          7.636e-16              0.285
    6300|               5.180          6.526e-16              0.452
    6400|               7.769          3.093e-15              0.180
    6500|               5.180          2.092e-15              0.238
    6600|               0.039          0.000e+00               -nan
    6601|               0.189          0.000e+00               -nan
    6700|               1.113          0.000e+00               -nan
    6701|               0.308          0.000e+00               -nan
    6702|               6.122          1.244e-16              0.974
    6800|               0.039          0.000e+00               -nan
    6801|               0.189          0.000e+00               -nan
    6900|               1.113          0.000e+00               -nan
    6901|               0.308          0.000e+00               -nan
    6902|               6.122          8.178e-17              0.835
    7000|              10.364          9.412e-15              0.078
    7100|              58.000          8.859e-15              0.040
    7200|               1.784          2.691e-15              0.153
    7201|               1.193          2.136e-15              0.208
    7202|               6.008          3.167e-15              0.129
    7203|             185.286          3.396e-15              0.035
    7300|             250.000          2.755e-15              0.035
    7400|              14.547          1.030e-15              0.109
    7401|               2.264          1.317e-15              0.181
    7402|               5.692          9.955e-16              0.133
    7403|             840.096          8.914e-16              0.030
    7500|              53.337          1.045e-15              0.086
    7501|             296.663          9.119e-16              0.050
    7600|               3.071          1.593e-15              0.299
    7601|               0.223          2.368e-15              0.377
    7602|             116.634          1.974e-15              0.059
    7700|              55.000          1.712e-15              0.089
    7800|               3.993          3.692e-15              0.143
    7801|               0.289          3.829e-15              0.207
    7802|              75.671          4.126e-15              0.049
    7900|              95.000          3.675e-15              0.048
    8000|               2.824          1.501e-15              0.222
    8001|               0.205          1.818e-15              0.428
    8002|              76.924          1.498e-15              0.079
    8100|              40.000          1.578e-15              0.111
    8200|               2.779          5.090e-16              0.336
    8201|               0.203          9.132e-16              0.392
    8202|             116.946          6.470e-16              0.094
    8300|              35.000          6.830e-16              0.166
    8400|               4.451          8.437e-17              0.420
    8401|               0.324          6.982e-17              1.000
    8402|              48.524          1.702e-16              0.275
    8500|              75.000          9.635e-17              0.289
    8600|              39.976          8.977e-17              0.378
    8700|             385.839          2.246e-15              0.030
    8800|             510.000          2.359e-15              0.026
    8900|             162.338          1.037e-15              0.065
    9000|              38.359          9.049e-16              0.135
    9100|               7.652          1.137e-15              0.272
    9200|             166.542          3.822e-15              0.036
    9300|              39.362          4.374e-15              0.068
    9400|               7.892          4.346e-15              0.144
    9500|            2360.000          1.117e-14              0.005
    9700|             545.877          7.900e-16              0.041
    9900|             652.861          2.717e-15              0.021
   10000|              15.949          9.018e-17              0.545
   10100|              15.949          2.792e-15              0.126
   10200|               5.510          5.742e-16              0.453
   10300|             130.204          4.460e-16              0.098
   10400|              11.019          5.005e-16              0.302
   10500|              11.019          0.000e+00               -nan
   10600|            1200.828          1.452e-16              0.065
   10700|           14844.730          5.615e-16              0.010
   10800|            2843.507          3.508e-16              0.028
   10900|           10887.729          5.280e-18              0.110
   11000|               1.919          1.863e-15              0.328
   11001|               0.103          2.334e-15              0.391
   11002|              49.783          1.989e-15              0.087
   11003|              22.870          1.987e-15              0.129
   11300|             173.631          4.612e-15              0.033
   11400|               0.622          0.000e+00               -nan
   11500|              17.618          5.768e-17              0.563
   11600|             975.622          1.005e-16              0.084
   11700|           11176.900          9.309e-16              0.008
   11800|            1549.842          4.155e-16              0.034
   11900|            4510.134          7.600e-18              0.142
   12000|              44.045          1.363e-16              0.352
   12100|              44.045          1.848e-16              0.294
   12200|             259.230          1.111e-16              0.143
   12201|               8.470          1.569e-16              0.331
   12300|            1271.006          6.224e-16              0.027
   12301|              38.418          6.461e-16              0.074
   12400|             575.709          3.053e-16              0.059
   12401|              18.843          2.228e-16              0.141
   12500|            1259.982          6.305e-18              0.288
   12501|              37.790          1.013e-17              0.570
   12600|              37.952          1.108e-15              0.127
   12700|             228.400          1.097e-15              0.056
   12800|              50.727          1.047e-16              0.388
   12801|               0.043          2.974e-16              1.000
   12900|              18.617          4.934e-18              1.000
   13000|              18.617          0.000e+00               -nan
   13100|              25.909          8.944e-16              0.171
   13200|              23.351          3.833e-16              0.279
   13300|              20.993          2.722e-16              0.375
   13301|              54.552          1.389e-16              0.268
   13400|               3.109          5.872e-17              1.000
   13500|               8.809          9.348e-16              0.263
   13600|               7.773          4.858e-16              0.292
   13700|              49.781          1.587e-16              0.241
   13701|               1.318          2.983e-16              0.412
   13800|             200.000          1.911e-16              0.139
   14000|               0.140          5.907e-17              0.579
=====================================================================

