
=====================================================================
 Run #0 / Number of event processed : 100000000
=====================================================================
organ ID|      Organ Mass (g)   Dose (Gy/source)     Relative Error
     100|               6.817          2.852e-16              0.018
     200|               8.649          2.522e-16              0.017
     300|               0.009          1.146e-15              0.082
     301|               0.035          1.184e-15              0.059
     302|               0.011          1.150e-15              0.065
     303|               4.375          1.186e-15              0.011
     400|               0.104          6.302e-15              0.011
     401|               0.288          6.162e-15              0.009
     402|               0.072          6.119e-15              0.011
     403|               0.036          6.170e-15              0.013
     404|               0.072          6.085e-15              0.011
     405|              14.180          6.414e-15              0.003
     500|               0.066          5.393e-15              0.011
     501|               0.016          3.035e-15              0.028
     600|               0.019          2.379e-15              0.031
     700|               8.201          6.184e-14              0.001
     800|               0.010          3.731e-15              0.031
     801|               0.013          3.629e-15              0.030
     802|               0.021          3.753e-15              0.027
     803|               0.053          3.648e-15              0.023
     804|               0.011          3.704e-15              0.032
     805|               0.021          3.692e-15              0.026
     806|               0.021          3.633e-15              0.025
     807|               0.021          3.780e-15              0.026
     808|               1.179          3.689e-15              0.011
     900|               1.906          4.758e-15              0.008
     910|               3.007          5.918e-15              0.006
    1000|             117.872          5.376e-15              0.001
    1010|             239.851          2.169e-15              0.001
    1100|              46.312          2.680e-16              0.007
    1110|             139.528          2.665e-16              0.004
    1200|              79.906          1.327e-18              0.068
    1210|             355.612          1.264e-18              0.035
    1300|             113.681          7.355e-16              0.003
    1400|             107.717          9.584e-16              0.003
    1500|              20.516          6.814e-16              0.007
    1600|             103.296          2.694e-16              0.005
    1700|              50.264          1.569e-16              0.009
    1800|              20.493          3.360e-16              0.010
    1900|             156.708          5.760e-17              0.008
    2000|              86.883          7.261e-17              0.011
    2100|              34.068          5.438e-17              0.019
    2200|             105.132          1.436e-17              0.020
    2300|              69.360          1.572e-17              0.025
    2400|              32.825          7.044e-15              0.002
    2500|              38.798          7.909e-15              0.002
    2600|             407.670          6.636e-16              0.002
    2700|             391.311          8.643e-16              0.001
    2800|             244.126          5.506e-18              0.019
    2900|             232.804          9.787e-18              0.016
    3000|              39.516          3.766e-18              0.062
    3100|             240.929          1.199e-18              0.044
    3200|             166.334          6.193e-19              0.079
    3300|              56.762          1.198e-18              0.089
    3400|             544.845          1.389e-19              0.086
    3500|             558.529          1.900e-19              0.081
    3600|              88.883          9.503e-20              0.276
    3700|             173.476          1.423e-19              0.155
    3800|             257.451          1.143e-19              0.148
    3900|              45.394          3.874e-15              0.002
    4000|              33.479          4.342e-15              0.002
    4100|             262.458          2.302e-17              0.009
    4200|             455.599          2.210e-17              0.008
    4300|             164.504          1.652e-15              0.001
    4400|             277.325          1.795e-15              0.001
    4500|             121.664          1.752e-15              0.002
    4600|              96.730          1.768e-15              0.002
    4700|              71.596          9.041e-15              0.001
    4800|              75.601          9.881e-15              0.001
    4900|             205.828          3.278e-15              0.001
    5000|             271.915          3.151e-15              0.001
    5100|             156.175          1.127e-16              0.005
    5200|             264.976          1.064e-16              0.005
    5300|              80.240          2.894e-17              0.014
    5400|             154.840          2.836e-17              0.011
    5500|               1.685          3.160e-15              0.006
    5600|              51.347          3.844e-15              0.002
    5700|              41.959          6.215e-16              0.005
    5800|              69.351          3.560e-15              0.002
    6100|            1349.568          7.160e-16              0.001
    6200|             153.663          1.256e-15              0.002
    6300|             102.491          8.937e-16              0.003
    6400|             153.663          1.428e-15              0.002
    6500|             102.491          8.735e-16              0.003
    6600|               0.039          6.359e-16              0.123
    6601|               0.189          7.195e-16              0.069
    6700|               1.100          7.825e-16              0.022
    6701|               0.304          6.778e-16              0.053
    6702|               6.051          8.254e-16              0.012
    6800|               0.039          8.108e-16              0.106
    6801|               0.189          7.211e-16              0.069
    6900|               1.100          7.757e-16              0.022
    6901|               0.304          7.048e-16              0.053
    6902|               6.051          8.406e-16              0.012
    7000|               8.201          2.469e-16              0.015
    7100|              48.000          2.533e-16              0.007
    7200|               1.561          2.567e-16              0.017
    7201|               1.044          2.586e-16              0.019
    7202|               5.256          2.548e-16              0.013
    7203|             165.012          2.510e-16              0.004
    7300|             230.000          2.701e-16              0.003
    7400|              12.341          5.819e-17              0.016
    7401|               1.922          5.986e-17              0.024
    7402|               4.831          5.778e-17              0.020
    7403|             736.662          5.914e-17              0.004
    7500|              45.227          5.762e-17              0.012
    7501|             234.773          5.522e-17              0.007
    7600|               4.451          6.084e-17              0.033
    7601|               0.322          5.992e-17              0.062
    7602|             107.784          5.622e-17              0.010
    7700|             100.007          5.812e-17              0.011
    7800|               3.680          6.247e-17              0.035
    7801|               0.266          6.677e-17              0.065
    7802|              64.847          6.384e-17              0.012
    7900|              59.995          6.109e-17              0.013
    8000|               2.196          5.244e-17              0.049
    8001|               0.160          4.996e-17              0.091
    8002|              66.428          5.269e-17              0.013
    8100|              30.005          5.081e-17              0.020
    8200|               3.021          3.747e-17              0.050
    8201|               0.220          3.866e-17              0.094
    8202|             109.320          3.641e-17              0.012
    8300|              50.003          3.920e-17              0.017
    8400|               4.222          1.561e-17              0.060
    8401|               0.306          1.423e-17              0.111
    8402|              51.761          1.524e-17              0.026
    8500|              79.993          1.529e-17              0.021
    8600|              31.268          1.092e-17              0.041
    8700|             290.890          1.636e-15              0.001
    8800|             370.000          1.319e-15              0.001
    8900|             149.091          1.608e-16              0.005
    9000|              37.441          1.396e-16              0.011
    9100|               7.494          1.538e-16              0.022
    9200|             125.147          1.529e-16              0.006
    9300|              31.440          1.523e-16              0.011
    9400|               6.292          1.680e-16              0.024
    9500|            1810.000          4.032e-16              0.001
    9700|             427.256          2.290e-15              0.001
    9900|             522.518          2.379e-15              0.001
   10000|              12.695          2.785e-15              0.004
   10100|              12.695          2.838e-15              0.004
   10200|               4.386          1.472e-14              0.003
   10300|             103.641          2.782e-16              0.005
   10400|               8.771          1.466e-16              0.022
   10500|               8.771          3.810e-19              0.364
   10600|             445.022          3.686e-15              0.001
   10700|            8324.973          1.437e-15              0.000
   10800|            1479.724          1.883e-16              0.002
   10900|            7676.720          1.563e-18              0.008
   11000|               1.871          1.858e-14              0.003
   11001|               0.101          1.845e-14              0.005
   11002|              41.247          1.954e-14              0.001
   11003|              21.240          1.828e-14              0.001
   11100|               6.318          1.114e-17              0.084
   11200|               6.318          1.469e-17              0.076
   11300|             144.552          1.701e-16              0.005
   11400|               0.615          1.444e-15              0.026
   11600|             844.543          1.852e-15              0.001
   11700|           11513.363          1.007e-15              0.000
   11800|            2171.588          2.234e-16              0.001
   11900|            7795.948          1.543e-18              0.008
   12000|              35.880          3.863e-15              0.002
   12100|              35.880          4.221e-15              0.002
   12200|             155.582          1.169e-15              0.002
   12201|               6.324          9.729e-16              0.004
   12300|             871.603          9.279e-16              0.001
   12301|              32.368          8.412e-16              0.002
   12400|             380.905          1.496e-16              0.003
   12401|              15.598          1.315e-16              0.008
   12500|             924.584          1.156e-18              0.022
   12501|              35.025          9.924e-19              0.064
   12600|              19.098          5.213e-15              0.003
   12700|             187.400          3.139e-16              0.003
   12800|              40.562          2.603e-15              0.003
   12801|               0.036          2.851e-15              0.021
   13100|              20.503          1.876e-14              0.001
   13200|              19.455          2.387e-13              0.000
   13300|              20.995          3.272e-15              0.003
   13301|              40.415          5.430e-15              0.002
   13400|               3.075          3.293e-15              0.008
   13500|               7.689          6.498e-17              0.033
   13600|               7.689          7.222e-17              0.032
   13700|              39.459          1.458e-17              0.029
   13701|               1.345          1.375e-17              0.081
   13800|             200.000          1.427e-17              0.015
   13900|              81.993          1.271e-17              0.023
   14000|               0.036          1.783e-14              0.004
=====================================================================

