[ T-Deposit ]
    title = [t-deposit] in region mesh
     mesh =  reg            # mesh type is region-wise
      reg = all
   volume                   # combined, lattice or level structure 
   non     reg      vol     # reg definition
    1        1   1.0000E+00 # 1
    2        3   1.0000E+00 # 3
    3        4   1.0000E+00 # 4
    4      100   6.5860E+00 # 100
    5      200   8.3561E+00 # 200
    6      300   8.3071E-03 # 300
    7      301   3.3512E-02 # 301
    8      302   1.0566E-02 # 302
    9      303   4.2430E+00 # 303
   10      400   1.0416E-01 # 400
   11      401   2.7920E-01 # 401
   12      402   7.0133E-02 # 402
   13      403   3.5142E-02 # 403
   14      404   7.0301E-02 # 404
   15      405   1.3754E+01 # 405
   16      500   6.2995E-02 # 500
   17      501   1.5350E-02 # 501
   18      600   1.7928E-02 # 600
   19      700   7.9545E+00 # 700
   20      800   1.0234E-02 # 800
   21      801   1.2254E-02 # 801
   22      802   2.0469E-02 # 802
   23      803   5.1434E-02 # 803
   24      804   1.0331E-02 # 804
   25      805   2.0706E-02 # 805
   26      806   2.0766E-02 # 806
   27      807   2.0824E-02 # 807
   28      808   1.1436E+00 # 808
   29      900   1.8011E+00 # 900
   30      910   2.8370E+00 # 910
   31     1000   1.1120E+02 # 1000
   32     1010   2.2625E+02 # 1010
   33     1100   4.3693E+01 # 1100
   34     1110   1.3160E+02 # 1110
   35     1200   7.5384E+01 # 1200
   36     1210   3.3550E+02 # 1210
   37     1300   5.9705E+01 # 1300
   38     1400   9.0901E+01 # 1400
   39     1500   2.0914E+01 # 1500
   40     1600   5.4254E+01 # 1600
   41     1700   4.4999E+01 # 1700
   42     1800   2.0890E+01 # 1800
   43     1900   8.2305E+01 # 1900
   44     2000   7.7782E+01 # 2000
   45     2100   3.4728E+01 # 2100
   46     2200   5.5216E+01 # 2200
   47     2300   6.2095E+01 # 2300
   48     2400   1.7240E+01 # 2400
   49     2500   3.2549E+01 # 2500
   50     2600   2.1411E+02 # 2600
   51     2700   3.1255E+02 # 2700
   52     2800   1.2822E+02 # 2800
   53     2900   2.2257E+02 # 2900
   54     3000   4.0282E+01 # 3000
   55     3100   1.2654E+02 # 3100
   56     3200   1.4891E+02 # 3200
   57     3300   5.7861E+01 # 3300
   58     3400   2.8616E+02 # 3400
   59     3500   5.0003E+02 # 3500
   60     3600   9.0605E+01 # 3600
   61     3700   9.1111E+01 # 3700
   62     3800   2.3048E+02 # 3800
   63     3900   2.3841E+01 # 3900
   64     4000   2.8157E+01 # 4000
   65     4100   1.3784E+02 # 4100
   66     4200   4.1231E+02 # 4200
   67     4300   8.6396E+01 # 4300
   68     4400   2.5513E+02 # 4400
   69     4500   6.3899E+01 # 4500
   70     4600   8.5982E+01 # 4600
   71     4700   3.7603E+01 # 4700
   72     4800   6.6963E+01 # 4800
   73     4900   1.0810E+02 # 4900
   74     5000   2.5177E+02 # 5000
   75     5100   8.2025E+01 # 5100
   76     5200   2.2745E+02 # 5200
   77     5300   4.2143E+01 # 5300
   78     5400   1.4719E+02 # 5400
   79     5500   8.8513E-01 # 5500
   80     5600   4.7854E+01 # 5600
   81     5700   3.8179E+01 # 5700
   82     5800   6.3103E+01 # 5800
   83     6100   1.2964E+03 # 6100
   84     6200   1.6141E+02 # 6200
   85     6300   1.0038E+02 # 6300
   86     6400   1.6141E+02 # 6400
   87     6500   1.0038E+02 # 6500
   88     6600   3.6688E-02 # 6600
   89     6601   1.7856E-01 # 6601
   90     6700   1.0121E+00 # 6700
   91     6701   3.0007E-01 # 6701
   92     6702   5.9379E+00 # 6702
   93     6800   3.6688E-02 # 6800
   94     6801   1.7856E-01 # 6801
   95     6900   1.0121E+00 # 6900
   96     6901   3.0007E-01 # 6901
   97     6902   5.9379E+00 # 6902
   98     7000   7.9545E+00 # 7000
   99     7100   4.6602E+01 # 7100
  100     7200   1.5067E+00 # 7200
  101     7201   1.0075E+00 # 7201
  102     7202   5.0735E+00 # 7202
  103     7203   1.5928E+02 # 7203
  104     7300   2.2115E+02 # 7300
  105     7400   1.1912E+01 # 7400
  106     7401   1.8549E+00 # 7401
  107     7402   4.6631E+00 # 7402
  108     7403   7.1106E+02 # 7403
  109     7500   4.3487E+01 # 7500
  110     7501   2.2574E+02 # 7501
  111     7600   4.2962E+00 # 7600
  112     7601   3.1071E-01 # 7601
  113     7602   1.0404E+02 # 7602
  114     7700   9.6161E+01 # 7700
  115     7800   3.5523E+00 # 7800
  116     7801   2.5706E-01 # 7801
  117     7802   6.2594E+01 # 7802
  118     7900   5.7687E+01 # 7900
  119     8000   2.1197E+00 # 8000
  120     8001   1.5444E-01 # 8001
  121     8002   6.4120E+01 # 8002
  122     8100   2.8851E+01 # 8100
  123     8200   2.9158E+00 # 8200
  124     8201   2.1191E-01 # 8201
  125     8202   1.0552E+02 # 8202
  126     8300   4.8080E+01 # 8300
  127     8400   4.0753E+00 # 8400
  128     8401   2.9530E-01 # 8401
  129     8402   4.9962E+01 # 8402
  130     8500   7.6916E+01 # 8500
  131     8600   3.0181E+01 # 8600
  132     8700   2.7677E+02 # 8700
  133     8800   3.4906E+02 # 8800
  134     8900   1.4172E+02 # 8900
  135     9000   3.5590E+01 # 9000
  136     9100   7.1238E+00 # 9100
  137     9200   1.1896E+02 # 9200
  138     9300   2.9886E+01 # 9300
  139     9400   5.9810E+00 # 9400
  140     9500   1.7075E+03 # 9500
  141     9700   1.0345E+03 # 9700
  142     9900   1.2652E+03 # 9900
  143    10000   1.2302E+01 # 10000
  144    10100   1.2302E+01 # 10100
  145    10200   4.2497E+00 # 10200
  146    10300   1.0043E+02 # 10300
  147    10400   8.4995E+00 # 10400
  148    10500   8.4994E+00 # 10500
  149    10600   4.2383E+02 # 10600
  150    10700   7.9284E+03 # 10700
  151    10800   1.4094E+03 # 10800
  152    10900   7.3112E+03 # 10900
  153    11000   1.8060E+00 # 11000
  154    11001   9.7121E-02 # 11001
  155    11002   3.9813E+01 # 11002
  156    11003   2.0423E+01 # 11003
  157    11100   6.0117E+00 # 11100
  158    11200   6.0117E+00 # 11200
  159    11300   1.3859E+02 # 11300
  160    11400   5.9659E-01 # 11400
  161    11600   8.9275E+02 # 11600
  162    11700   1.2171E+04 # 11700
  163    11800   2.2955E+03 # 11800
  164    11900   8.2410E+03 # 11900
  165    12000   3.4801E+01 # 12000
  166    12100   3.4801E+01 # 12100
  167    12200   1.4300E+02 # 12200
  168    12201   5.8129E+00 # 12201
  169    12300   8.0106E+02 # 12300
  170    12301   2.9750E+01 # 12301
  171    12400   3.5015E+02 # 12400
  172    12401   1.4338E+01 # 12401
  173    12500   8.4983E+02 # 12500
  174    12501   3.2192E+01 # 12501
  175    12600   1.8524E+01 # 12600
  176    12700   1.7679E+02 # 12700
  177    12800   1.5079E+01 # 12800
  178    12801   3.4700E-02 # 12801
  179    13100   1.9886E+01 # 13100
  180    13200   1.8511E+01 # 13200
  181    13300   1.9995E+01 # 13300
  182    13301   3.8491E+01 # 13301
  183    13400   2.9829E+00 # 13400
  184    13500   7.4574E+00 # 13500
  185    13600   7.4574E+00 # 13600
  186    13700   3.7941E+01 # 13700
  187    13701   1.2937E+00 # 13701
  188    13800   1.9231E+02 # 13800
  189    13900   8.0307E+01 # 13900
  190    14000   3.6006E+01 # 14000
     unit =    0            # unit is [Gy/source]
   letmat =    0            # (D=0) mat ID for LET, 0:real mat, <0: electron for H2O
  dedxfnc =    0            # (D=0) user defined multiplier, 0(no), 1, 2
 material =  all            # (D=all) number of specific material
   output =  dose           # total deposit energy
  deposit =    0            # (D=0) 0-> total deposit dist, 1-> each process
     axis =   reg           # axis of output
     file = phits_deposit_MRCP_AF_source_Thyroid_photon_energy_10.0.out  # file name of output for the above axi
     file = s
     part =  all      
# kf/name :  0        
   mother =  all            # (D=all) number of specific mother
#    used :        main (  %)        temp (  %)       total (  %)
#  memory :          99 (  0)           0 (  0)          99 (  0)

#------------------------------------------------------------------------------
#newpage:
#   no. =  1

x: Serial Num. of Region
y: Dose [Gy/source]      
p: xlin ylog afac(0.8) form(0.9)
h:   x      n     n          y(all     ),l3 n   
#  num    reg     volume       all       r.err 
    1       1   1.0000E+00   0.0000E+00  0.0000
    2       3   1.0000E+00   0.0000E+00  0.0000
    3       4   1.0000E+00   0.0000E+00  0.0000
    4     100   6.5860E+00   7.9220E-15  0.9990
    5     200   8.3561E+00   1.2385E-15  1.0000
    6     300   8.3071E-03   0.0000E+00  0.0000
    7     301   3.3512E-02   0.0000E+00  0.0000
    8     302   1.0566E-02   0.0000E+00  0.0000
    9     303   4.2430E+00   1.6437E-15  1.0000
   10     400   1.0416E-01   3.4173E-14  0.5591
   11     401   2.7920E-01   2.4730E-14  0.3483
   12     402   7.0133E-02   2.8145E-14  0.4000
   13     403   3.5142E-02   2.3385E-14  0.3311
   14     404   7.0301E-02   2.1833E-14  0.3337
   15     405   1.3754E+01   3.7363E-14  0.2210
   16     500   6.2995E-02   3.0660E-14  0.2352
   17     501   1.5350E-02   1.3078E-14  0.5488
   18     600   1.7928E-02   1.4757E-15  1.0000
   19     700   7.9545E+00   1.4171E-13  0.1511
   20     800   1.0234E-02   2.3252E-14  0.4246
   21     801   1.2254E-02   2.3420E-14  0.4247
   22     802   2.0469E-02   2.3400E-14  0.4246
   23     803   5.1434E-02   2.4300E-14  0.4282
   24     804   1.0331E-02   2.4314E-14  0.4286
   25     805   2.0706E-02   2.5117E-14  0.4286
   26     806   2.0766E-02   2.6085E-14  0.4341
   27     807   2.0824E-02   2.5788E-14  0.4325
   28     808   1.1436E+00   2.2453E-14  0.4412
   29     900   1.8011E+00   2.0372E-14  0.5221
   30     910   2.8370E+00   2.8973E-14  0.5155
   31    1000   1.1120E+02   2.8996E-14  0.1174
   32    1010   2.2625E+02   1.0023E-14  0.1136
   33    1100   4.3693E+01   2.4911E-15  0.4819
   34    1110   1.3160E+02   2.7743E-15  0.4110
   35    1200   7.5384E+01   0.0000E+00  0.0000
   36    1210   3.3550E+02   0.0000E+00  0.0000
   37    1300   5.9705E+01   5.4571E-15  0.2657
   38    1400   9.0901E+01   1.0300E-14  0.2849
   39    1500   2.0914E+01   2.4325E-15  0.6218
   40    1600   5.4254E+01   1.9122E-15  0.4453
   41    1700   4.4999E+01   9.9212E-16  0.8747
   42    1800   2.0890E+01   7.9571E-15  0.7217
   43    1900   8.2305E+01   6.5044E-16  0.6456
   44    2000   7.7782E+01   9.3149E-16  0.6935
   45    2100   3.4728E+01   6.3650E-16  1.0000
   46    2200   5.5216E+01   0.0000E+00  0.0000
   47    2300   6.2095E+01   1.1275E-17  1.0000
   48    2400   1.7240E+01   3.8453E-14  0.1428
   49    2500   3.2549E+01   4.6301E-14  0.1790
   50    2600   2.1411E+02   6.1008E-15  0.1283
   51    2700   3.1255E+02   4.5293E-15  0.1395
   52    2800   1.2822E+02   1.1425E-17  1.0000
   53    2900   2.2257E+02   2.3248E-16  0.9852
   54    3000   4.0282E+01   0.0000E+00  0.0000
   55    3100   1.2654E+02   0.0000E+00  0.0000
   56    3200   1.4891E+02   4.4228E-18  1.0000
   57    3300   5.7861E+01   0.0000E+00  0.0000
   58    3400   2.8616E+02   1.8713E-17  1.0000
   59    3500   5.0003E+02   1.6500E-16  1.0000
   60    3600   9.0605E+01   0.0000E+00  0.0000
   61    3700   9.1111E+01   0.0000E+00  0.0000
   62    3800   2.3048E+02   0.0000E+00  0.0000
   63    3900   2.3841E+01   2.2417E-14  0.1893
   64    4000   2.8157E+01   3.7331E-14  0.2144
   65    4100   1.3784E+02   4.9330E-16  0.4707
   66    4200   4.1231E+02   3.9442E-16  0.4793
   67    4300   8.6396E+01   9.6995E-15  0.1015
   68    4400   2.5513E+02   9.9636E-15  0.1120
   69    4500   6.3899E+01   1.0378E-14  0.1620
   70    4600   8.5982E+01   1.0323E-14  0.2270
   71    4700   3.7603E+01   4.2954E-14  0.0955
   72    4800   6.6963E+01   5.4987E-14  0.1067
   73    4900   1.0810E+02   1.7789E-14  0.0967
   74    5000   2.5177E+02   1.7789E-14  0.1092
   75    5100   8.2025E+01   7.5403E-16  0.5203
   76    5200   2.2745E+02   1.4772E-15  0.4609
   77    5300   4.2143E+01   8.8617E-16  0.5267
   78    5400   1.4719E+02   1.0666E-15  0.5759
   79    5500   8.8513E-01   1.5979E-14  0.3739
   80    5600   4.7854E+01   1.4501E-14  0.2970
   81    5700   3.8179E+01   4.6663E-15  0.3293
   82    5800   6.3103E+01   1.6612E-14  0.1502
   83    6100   1.2964E+03   5.3593E-15  0.1214
   84    6200   1.6141E+02   9.9780E-15  0.2192
   85    6300   1.0038E+02   4.2828E-15  0.3720
   86    6400   1.6141E+02   9.0462E-15  0.2479
   87    6500   1.0038E+02   7.0756E-15  0.3389
   88    6600   3.6688E-02   0.0000E+00  0.0000
   89    6601   1.7856E-01   0.0000E+00  0.0000
   90    6700   1.0121E+00   2.4439E-15  0.7238
   91    6701   3.0007E-01   0.0000E+00  0.0000
   92    6702   5.9379E+00   1.1553E-14  0.9938
   93    6800   3.6688E-02   0.0000E+00  0.0000
   94    6801   1.7856E-01   0.0000E+00  0.0000
   95    6900   1.0121E+00   8.1197E-15  0.6432
   96    6901   3.0007E-01   0.0000E+00  0.0000
   97    6902   5.9379E+00   1.5644E-14  0.6143
   98    7000   7.9545E+00   8.5698E-16  1.0000
   99    7100   4.6602E+01   3.5280E-15  0.8140
  100    7200   1.5067E+00   1.6360E-15  0.4253
  101    7201   1.0075E+00   1.6054E-15  0.4308
  102    7202   5.0735E+00   2.2885E-15  0.4832
  103    7203   1.5928E+02   1.8049E-15  0.3422
  104    7300   2.2115E+02   2.6991E-15  0.3944
  105    7400   1.1912E+01   1.2145E-15  0.4856
  106    7401   1.8549E+00   8.0940E-16  0.4217
  107    7402   4.6631E+00   8.1827E-16  0.4216
  108    7403   7.1106E+02   8.7785E-16  0.2925
  109    7500   4.3487E+01   9.9761E-16  0.3437
  110    7501   2.2574E+02   1.0243E-15  0.4293
  111    7600   4.2962E+00   1.9246E-16  1.0000
  112    7601   3.1071E-01   1.9626E-16  1.0000
  113    7602   1.0404E+02   1.5963E-16  0.8421
  114    7700   9.6161E+01   2.7864E-16  0.9596
  115    7800   3.5523E+00   2.7176E-16  1.0000
  116    7801   2.5706E-01   2.8102E-16  1.0000
  117    7802   6.2594E+01   7.5587E-16  0.6962
  118    7900   5.7687E+01   5.8058E-16  0.9921
  119    8000   2.1197E+00   0.0000E+00  0.0000
  120    8001   1.5444E-01   0.0000E+00  0.0000
  121    8002   6.4120E+01   8.9410E-16  0.7065
  122    8100   2.8851E+01   0.0000E+00  0.0000
  123    8200   2.9158E+00   0.0000E+00  0.0000
  124    8201   2.1191E-01   0.0000E+00  0.0000
  125    8202   1.0552E+02   2.4674E-16  0.9428
  126    8300   4.8080E+01   0.0000E+00  0.0000
  127    8400   4.0753E+00   3.7921E-16  0.7092
  128    8401   2.9530E-01   3.7523E-16  0.7093
  129    8402   4.9962E+01   8.9398E-16  0.5604
  130    8500   7.6916E+01   1.2148E-15  0.6021
  131    8600   3.0181E+01   3.2066E-16  1.0000
  132    8700   2.7677E+02   9.2042E-15  0.1581
  133    8800   3.4906E+02   8.8218E-15  0.1746
  134    8900   1.4172E+02   1.3561E-15  0.7669
  135    9000   3.5590E+01   3.3554E-18  1.0000
  136    9100   7.1238E+00   1.3614E-17  1.0000
  137    9200   1.1896E+02   1.7368E-15  0.5122
  138    9300   2.9886E+01   1.6473E-15  1.0000
  139    9400   5.9810E+00   1.7883E-15  1.0000
  140    9500   1.7075E+03   2.1309E-15  0.1606
  141    9700   1.0345E+03   1.2912E-14  0.1190
  142    9900   1.2652E+03   1.3037E-14  0.1139
  143   10000   1.2302E+01   1.8481E-14  0.3149
  144   10100   1.2302E+01   1.4103E-14  0.3532
  145   10200   4.2497E+00   6.5411E-14  0.2628
  146   10300   1.0043E+02   1.8754E-15  0.3692
  147   10400   8.4995E+00   9.3891E-16  1.0000
  148   10500   8.4994E+00   0.0000E+00  0.0000
  149   10600   4.2383E+02   2.2205E-14  0.0859
  150   10700   7.9284E+03   7.0152E-15  0.0363
  151   10800   1.4094E+03   1.8330E-15  0.1672
  152   10900   7.3112E+03   8.5562E-17  0.3795
  153   11000   1.8060E+00   8.2218E-14  0.1724
  154   11001   9.7121E-02   9.8382E-14  0.2892
  155   11002   3.9813E+01   7.4938E-14  0.1159
  156   11003   2.0423E+01   8.2459E-14  0.1613
  157   11100   6.0117E+00   2.7693E-15  1.0000
  158   11200   6.0117E+00   9.7535E-15  1.0000
  159   11300   1.3859E+02   1.0040E-15  0.7304
  160   11400   5.9659E-01   1.2918E-15  0.7551
  161   11600   8.9275E+02   1.2764E-14  0.0734
  162   11700   1.2171E+04   4.9538E-15  0.0321
  163   11800   2.2955E+03   1.9755E-15  0.1431
  164   11900   8.2410E+03   8.0388E-17  0.3591
  165   12000   3.4801E+01   2.3840E-14  0.2532
  166   12100   3.4801E+01   1.9485E-14  0.3274
  167   12200   1.4300E+02   6.6731E-15  0.1112
  168   12201   5.8129E+00   6.2667E-15  0.1356
  169   12300   8.0106E+02   4.4188E-15  0.0620
  170   12301   2.9750E+01   4.9179E-15  0.1036
  171   12400   3.5015E+02   1.1527E-15  0.2000
  172   12401   1.4338E+01   9.2106E-16  0.2314
  173   12500   8.4983E+02   2.6203E-17  0.5087
  174   12501   3.2192E+01   2.6660E-17  0.5020
  175   12600   1.8524E+01   2.6668E-14  0.2307
  176   12700   1.7679E+02   3.1439E-15  0.4272
  177   12800   1.5079E+01   1.2043E-14  0.3510
  178   12801   3.4700E-02   5.5677E-14  0.8452
  179   13100   1.9886E+01   7.4850E-14  0.1967
  180   13200   1.8511E+01   3.3739E-13  0.0897
  181   13300   1.9995E+01   2.3249E-14  0.3215
  182   13301   3.8491E+01   4.0290E-14  0.2202
  183   13400   2.9829E+00   2.5276E-14  0.5105
  184   13500   7.4574E+00   0.0000E+00  0.0000
  185   13600   7.4574E+00   0.0000E+00  0.0000
  186   13700   3.7941E+01   0.0000E+00  0.0000
  187   13701   1.2937E+00   0.0000E+00  0.0000
  188   13800   1.9231E+02   1.4443E-17  1.0000
  189   13900   8.0307E+01   5.8388E-16  0.9948
  190   14000   3.6006E+01   4.8767E-14  0.1716

#   sum over    5.9276E+04   4.3763E-15  0.0213

'no. =  1'
msuc: {\huge [t-deposit] in region mesh}
msdr: {\it plotted by \ANGEL \version}
msdl: {\it calculated by \PHITS  3.36}
 
# Information for Restart Calculation
# This calculation was newly started
# istdev =  2 # 1:Batch variance, 2:History variance
# resc2  = 1.00000000000000000E+04 # Total source weight or Total source weight / maxcas
# resc3  = 1.00000000000000000E+04 # Total history number or Total batch number
# maxcas =        1000 # History / Batch, only used for istdev=1
# bitrseed = 0111011010010100011001101100101001110100011011011011110011011010 # bit data of rseed
